******************************************************************************
                  TI ARM Linker PC v16.9.0                     
******************************************************************************
>> Linked Sat Apr 01 13:47:40 2017

OUTPUT FILE NAME:   <ADQ_1.0.out>
ENTRY POINT SYMBOL: "_c_int00"  address: 0001752d


MEMORY CONFIGURATION

         name            origin    length      used     unused   attr    fill
----------------------  --------  ---------  --------  --------  ----  --------
  FLASH                 00000000   00040000  00017bf4  0002840c  R  X
  SRAM                  20000000   00008000  0000098a  00007676  RW X


SEGMENT ALLOCATION MAP

run origin  load origin   length   init length attrs members
----------  ----------- ---------- ----------- ----- -------
00000000    00000000    00017bf8   00017bf8    r-x
  00000000    00000000    0000026c   0000026c    r-- .intvecs
  0000026c    0000026c    0000ed04   0000ed04    r-- .const
  0000ef70    0000ef70    00008c2c   00008c2c    r-x .text
  00017ba0    00017ba0    00000058   00000058    r-- .cinit
20000000    20000000    0000098c   00000000    rw-
  20000000    20000000    0000026c   00000000    rw- .vtable
  2000026c    2000026c    00000400   00000000    rw- .stack
  2000066c    2000066c    000002be   00000000    rw- .bss
  2000092c    2000092c    00000060   00000000    rw- .data


SECTION ALLOCATION MAP

 output                                  attributes/
section   page    origin      length       input sections
--------  ----  ----------  ----------   ----------------
.intvecs   0    00000000    0000026c     
                  00000000    0000026c     tm4c123gh6pm_startup_ccs.obj (.intvecs)

.const     0    0000026c    0000ed04     
                  0000026c    00007378     cc932.obj (.const:sjis2uni)
                  000075e4    00007378     cc932.obj (.const:uni2sjis)
                  0000e95c    000001f2     cc932.obj (.const:cvt1$1)
                  0000eb4e    00000101     rtsv7M4_T_le_v4SPD16_eabi.lib : ctype.obj (.const:.string:_ctypes_)
                  0000ec4f    00000001     --HOLE-- [fill = 0]
                  0000ec50    000000bc     cc932.obj (.const:cvt2$2)
                  0000ed0c    0000009c     driverlib.lib : interrupt.obj (.const:g_pui32Regs)
                  0000eda8    00000090                   : gpio.obj (.const:g_pui32GPIOBaseAddrs)
                  0000ee38    00000070                   : interrupt.obj (.const)
                  0000eea8    0000006c                   : sysctl.obj (.const:g_pui32Xtals)
                  0000ef14    00000020     can.obj (.const:g_ui16CANBitValues)
                  0000ef34    00000012     uartstdio.obj (.const:.string)
                  0000ef46    0000000d     ff.obj (.const:.string:LfnOfs)
                  0000ef53    00000001     --HOLE-- [fill = 0]
                  0000ef54    0000000c     uartstdio.obj (.const:g_ui32UARTBase)
                  0000ef60    0000000c     uartstdio.obj (.const:g_ui32UARTPeriph)
                  0000ef6c    00000004     uartstdio.obj (.const)

.text      0    0000ef70    00008c2c     
                  0000ef70    000039c8     ff.obj (.text)
                  00012938    0000113a     rtsv7M4_T_le_v4SPD16_eabi.lib : _printfi.obj (.text)
                  00013a72    00000006     driverlib.lib : gpio.obj (.text:GPIOIntClear)
                  00013a78    00000ef4     main.obj (.text)
                  0001496c    00000004     driverlib.lib : timer.obj (.text:TimerIntClear)
                  00014970    00000b08     can.obj (.text)
                  00015478    000009d0     diskio.obj (.text)
                  00015e48    000004f4     uartstdio.obj (.text)
                  0001633c    00000004     rtsv7M4_T_le_v4SPD16_eabi.lib : pre_init.obj (.text)
                  00016340    00000240     cc932.obj (.text)
                  00016580    000001f4     rtsv7M4_T_le_v4SPD16_eabi.lib : ull_div_t2.obj (.text)
                  00016774    000001b6                                   : fd_add_t2.obj (.text)
                  0001692a    00000136                                   : fd_div_t2.obj (.text)
                  00016a60    00000132     driverlib.lib : gpio.obj (.text:GPIOPadConfigSet)
                  00016b92    00000002                   : interrupt.obj (.text:_IntDefaultHandler)
                  00016b94    00000110                   : sysctl.obj (.text:SysCtlClockGet)
                  00016ca4    000000fc     rtsv7M4_T_le_v4SPD16_eabi.lib : fd_mul_t2.obj (.text)
                  00016da0    000000fc                                   : s_scalbn.obj (.text)
                  00016e9c    000000f4     driverlib.lib : sysctl.obj (.text:SysCtlClockSet)
                  00016f90    0000009c     rtsv7M4_T_le_v4SPD16_eabi.lib : memcpy_t2.obj (.text)
                  0001702c    00000086                                   : fd_cmp_t2.obj (.text:__aeabi_cdcmple)
                  000170b2    00000086                                   : fd_cmp_t2.obj (.text:__aeabi_cdrcmple)
                  00017138    0000007a                                   : memset_t2.obj (.text)
                  000171b2    00000002                                   : i_div0.obj (.text)
                  000171b4    00000070                                   : autoinit.obj (.text)
                  00017224    00000068     driverlib.lib : interrupt.obj (.text:IntDisable)
                  0001728c    00000068                   : interrupt.obj (.text:IntEnable)
                  000172f4    00000068     rtsv7M4_T_le_v4SPD16_eabi.lib : copy_decompress_lzss.obj (.text:decompress:lzss)
                  0001735c    00000064                                   : s_frexp.obj (.text)
                  000173c0    00000060     driverlib.lib : timer.obj (.text:TimerConfigure)
                  00017420    00000060     rtsv7M4_T_le_v4SPD16_eabi.lib : sprintf.obj (.text)
                  00017480    00000056     driverlib.lib : gpio.obj (.text:GPIOIntTypeSet)
                  000174d6    00000056     rtsv7M4_T_le_v4SPD16_eabi.lib : ltoa.obj (.text)
                  0001752c    00000054                                   : boot.obj (.text)
                  00017580    00000054                                   : exit.obj (.text)
                  000175d4    0000004c                                   : atoi.obj (.text)
                  00017620    0000004c                                   : cpy_tbl.obj (.text)
                  0001766c    00000048     driverlib.lib : gpio.obj (.text:GPIOPinConfigure)
                  000176b4    00000048     rtsv7M4_T_le_v4SPD16_eabi.lib : fd_toi_t2.obj (.text)
                  000176fc    00000046     driverlib.lib : uart.obj (.text:UARTConfigSetExpClk)
                  00017742    00000040     rtsv7M4_T_le_v4SPD16_eabi.lib : u_divt2.obj (.text)
                  00017782    0000003c     driverlib.lib : ssi.obj (.text:SSIConfigSetExpClk)
                  000177be    00000002     rtsv7M4_T_le_v4SPD16_eabi.lib : mpu_init.obj (.text)
                  000177c0    00000038     driverlib.lib : sysctl.obj (.text:SysCtlPeripheralPresent)
                  000177f8    00000034                   : interrupt.obj (.text:IntRegister)
                  0001782c    00000034                   : sysctl.obj (.text:SysCtlPeripheralEnable)
                  00017860    0000002e     rtsv7M4_T_le_v4SPD16_eabi.lib : i_tofd_t2.obj (.text)
                  0001788e    0000002a     driverlib.lib : gpio.obj (.text:GPIODirModeSet)
                  000178b8    00000024                   : interrupt.obj (.text:IntPrioritySet)
                  000178dc    00000020                   : uart.obj (.text:UARTDisable)
                  000178fc    0000001c     rtsv7M4_T_le_v4SPD16_eabi.lib : memccpy.obj (.text)
                  00017918    0000001a     tm4c123gh6pm_startup_ccs.obj (.text)
                  00017932    00000018     driverlib.lib : gpio.obj (.text:GPIOPinTypeGPIOOutput)
                  0001794a    00000002     rtsv7M4_T_le_v4SPD16_eabi.lib : startup.obj (.text)
                  0001794c    00000018     driverlib.lib : timer.obj (.text:TimerDisable)
                  00017964    00000018     rtsv7M4_T_le_v4SPD16_eabi.lib : args_main.obj (.text)
                  0001797c    00000016     driverlib.lib : timer.obj (.text:TimerControlEvent)
                  00017992    00000016     rtsv7M4_T_le_v4SPD16_eabi.lib : strchr.obj (.text)
                  000179a8    00000014     driverlib.lib : interrupt.obj (.text:IntUnregister)
                  000179bc    00000014                   : systick.obj (.text:SysTickEnable)
                  000179d0    00000014                   : systick.obj (.text:SysTickIntEnable)
                  000179e4    00000014                   : uart.obj (.text:UARTEnable)
                  000179f8    00000014     rtsv7M4_T_le_v4SPD16_eabi.lib : _lock.obj (.text)
                  00017a0c    00000014                                   : s_copysign.obj (.text)
                  00017a20    00000014                                   : strlen.obj (.text)
                  00017a34    00000012     driverlib.lib : gpio.obj (.text:GPIOPinTypeCAN)
                  00017a46    00000012                   : gpio.obj (.text:GPIOPinTypeGPIOInput)
                  00017a58    00000012                   : gpio.obj (.text:GPIOPinTypeSSI)
                  00017a6a    00000012                   : gpio.obj (.text:GPIOPinTypeTimer)
                  00017a7c    00000012                   : gpio.obj (.text:GPIOPinTypeUART)
                  00017a8e    00000012                   : timer.obj (.text:TimerLoadSet)
                  00017aa0    00000010                   : fpu.obj (.text:FPULazyStackingEnable)
                  00017ab0    00000010                   : interrupt.obj (.text:IntMasterEnable)
                  00017ac0    00000010                   : systick.obj (.text:SysTickPeriodSet)
                  00017ad0    0000000e                   : gpio.obj (.text:GPIOIntDisable)
                  00017ade    0000000e                   : gpio.obj (.text:GPIOIntStatus)
                  00017aec    0000000e                   : timer.obj (.text:TimerEnable)
                  00017afa    0000000e     rtsv7M4_T_le_v4SPD16_eabi.lib : copy_decompress_none.obj (.text:decompress:none)
                  00017b08    0000000c     driverlib.lib : cpu.obj (.text:CPUcpsie)
                  00017b14    0000000c                   : gpio.obj (.text:GPIOIntEnable)
                  00017b20    0000000c                   : ssi.obj (.text:SSIDataGet)
                  00017b2c    0000000c     rtsv7M4_T_le_v4SPD16_eabi.lib : copy_zero_init.obj (.text:decompress:ZI)
                  00017b38    0000000a     driverlib.lib : ssi.obj (.text:SSIDataPut)
                  00017b42    0000000a                   : ssi.obj (.text:SSIDisable)
                  00017b4c    0000000a                   : ssi.obj (.text:SSIEnable)
                  00017b56    0000000a                   : timer.obj (.text:TimerValueGet)
                  00017b60    0000000a                   : uart.obj (.text:UARTCharGet)
                  00017b6a    0000000a                   : uart.obj (.text:UARTCharPut)
                  00017b74    00000008                   : ssi.obj (.text:SSIBusy)
                  00017b7c    00000008                   : timer.obj (.text:TimerIntEnable)
                  00017b84    00000006                   : gpio.obj (.text:GPIOPinWrite)
                  00017b8a    00000006                   : sysctl.obj (.text:SysCtlDelay)
                  00017b90    00000006                   : timer.obj (.text:TimerClockSourceSet)
                  00017b96    00000006                   : uart.obj (.text:UARTClockSourceSet)

.cinit     0    00017ba0    00000058     
                  00017ba0    00000020     (.cinit..data.load) [load image, compression = lzss]
                  00017bc0    0000000c     (__TI_handler_table)
                  00017bcc    00000004     --HOLE-- [fill = 0]
                  00017bd0    00000008     (.cinit..bss.load) [load image, compression = zero_init]
                  00017bd8    00000008     (.cinit..vtable.load) [load image, compression = zero_init]
                  00017be0    00000018     (__TI_cinit_table)

.init_array 
*          0    00000000    00000000     UNINITIALIZED

.vtable    0    20000000    0000026c     UNINITIALIZED
                  20000000    0000026c     driverlib.lib : interrupt.obj (.vtable)

.stack     0    2000026c    00000400     UNINITIALIZED
                  2000026c    00000400     --HOLE--

.bss       0    2000066c    000002be     UNINITIALIZED
                  2000066c    00000234     (.common:FatFs)
                  200008a0    0000002c     (.common:Val_ADC)
                  200008cc    00000028     (.common:logfile)
                  200008f4    00000014     (.common:sCANMessage)
                  20000908    00000014     (.common:texto)
                  2000091c    00000004     ff.obj (.bss:FatFs)
                  20000920    00000004     (.common:file_name)
                  20000924    00000003     diskio.obj (.bss)
                  20000927    00000001     --HOLE--
                  20000928    00000002     ff.obj (.bss)

.data      0    2000092c    00000060     UNINITIALIZED
                  2000092c    0000003b     main.obj (.data)
                  20000967    00000001     --HOLE--
                  20000968    0000000c     rtsv7M4_T_le_v4SPD16_eabi.lib : exit.obj (.data:$O1$$)
                  20000974    00000008                                   : _lock.obj (.data:$O1$$)
                  2000097c    00000005     uartstdio.obj (.data)
                  20000981    00000002     diskio.obj (.data)
                  20000983    00000001     --HOLE--
                  20000984    00000004     rtsv7M4_T_le_v4SPD16_eabi.lib : errno.obj (.data)
                  20000988    00000004                                   : stkdepth_vars.obj (.data)

MODULE SUMMARY

       Module                         code    ro data   rw data
       ------                         ----    -------   -------
    .\
       main.obj                       3828    0         751    
       can.obj                        2824    32        0      
       tm4c123gh6pm_startup_ccs.obj   26      620       0      
    +--+------------------------------+-------+---------+---------+
       Total:                         6678    652       751    
                                                               
    .\FaTFS\
       ff.obj                         14792   13        6      
       diskio.obj                     2512    0         5      
    +--+------------------------------+-------+---------+---------+
       Total:                         17304   13        11     
                                                               
    .\FaTFS\option\
       cc932.obj                      576     59806     0      
    +--+------------------------------+-------+---------+---------+
       Total:                         576     59806     0      
                                                               
    .\utils\
       uartstdio.obj                  1268    46        5      
    +--+------------------------------+-------+---------+---------+
       Total:                         1268    46        5      
                                                               
    C:/ti/TivaWare_C_Series-2.1.3.156/driverlib/ccs/Debug/driverlib.lib
       interrupt.obj                  334     268       620    
       gpio.obj                       672     144       0      
       sysctl.obj                     630     108       0      
       timer.obj                      202     0         0      
       uart.obj                       148     0         0      
       ssi.obj                        110     0         0      
       systick.obj                    56      0         0      
       fpu.obj                        16      0         0      
       cpu.obj                        12      0         0      
    +--+------------------------------+-------+---------+---------+
       Total:                         2180    520       620    
                                                               
    C:\ti\ccsv6\tools\compiler\ti-cgt-arm_16.9.0.LTS\lib\rtsv7M4_T_le_v4SPD16_eabi.lib
       _printfi.obj                   4410    0         0      
       ull_div_t2.obj                 500     0         0      
       fd_add_t2.obj                  438     0         0      
       fd_div_t2.obj                  310     0         0      
       fd_cmp_t2.obj                  268     0         0      
       ctype.obj                      0       257       0      
       fd_mul_t2.obj                  252     0         0      
       s_scalbn.obj                   252     0         0      
       memcpy_t2.obj                  156     0         0      
       memset_t2.obj                  122     0         0      
       autoinit.obj                   112     0         0      
       copy_decompress_lzss.obj       104     0         0      
       s_frexp.obj                    100     0         0      
       exit.obj                       84      0         12     
       sprintf.obj                    96      0         0      
       ltoa.obj                       86      0         0      
       boot.obj                       84      0         0      
       atoi.obj                       76      0         0      
       cpy_tbl.obj                    76      0         0      
       fd_toi_t2.obj                  72      0         0      
       u_divt2.obj                    64      0         0      
       i_tofd_t2.obj                  46      0         0      
       _lock.obj                      20      0         8      
       memccpy.obj                    28      0         0      
       args_main.obj                  24      0         0      
       strchr.obj                     22      0         0      
       s_copysign.obj                 20      0         0      
       strlen.obj                     20      0         0      
       copy_decompress_none.obj       14      0         0      
       copy_zero_init.obj             12      0         0      
       errno.obj                      0       0         4      
       pre_init.obj                   4       0         0      
       stkdepth_vars.obj              0       0         4      
       i_div0.obj                     2       0         0      
       mpu_init.obj                   2       0         0      
       startup.obj                    2       0         0      
    +--+------------------------------+-------+---------+---------+
       Total:                         7878    257       28     
                                                               
       Stack:                         0       0         1024   
       Linker Generated:              0       84        0      
    +--+------------------------------+-------+---------+---------+
       Grand Total:                   35884   61378     2439   


LINKER GENERATED COPY TABLES

__TI_cinit_table @ 00017be0 records: 3, size/record: 8, table size: 24
	.data: load addr=00017ba0, load size=00000020 bytes, run addr=2000092c, run size=00000060 bytes, compression=lzss
	.bss: load addr=00017bd0, load size=00000008 bytes, run addr=2000066c, run size=000002be bytes, compression=zero_init
	.vtable: load addr=00017bd8, load size=00000008 bytes, run addr=20000000, run size=0000026c bytes, compression=zero_init


LINKER GENERATED HANDLER TABLE

__TI_handler_table @ 00017bc0 records: 3, size/record: 4, table size: 12
	index: 0, handler: __TI_zero_init
	index: 1, handler: __TI_decompress_lzss
	index: 2, handler: __TI_decompress_none


GLOBAL SYMBOLS: SORTED ALPHABETICALLY BY Name 

address   name                           
-------   ----                           
00017581  C$$EXIT                        
00014bc9  CANBitRateSet                  
00014b51  CANBitTimingGet                
00014c99  CANBitTimingSet                
00014b39  CANDisable                     
00014b21  CANEnable                      
00014f41  CANErrCntrGet                  
00014a91  CANInit                        
00014df1  CANIntClear                    
00014d81  CANIntDisable                  
00014d69  CANIntEnable                   
00014261  CANIntHandler                  
00014d29  CANIntRegister                 
00014d99  CANIntStatus                   
00014d49  CANIntUnregister               
00015449  CANMessageClear                
00015229  CANMessageGet                  
00014f79  CANMessageSet                  
00014e91  CANRetryGet                    
00014e59  CANRetrySet                    
00014eb1  CANStatusGet                   
00017b09  CPUcpsie                       
00013a79  ConfigureUART                  
00017aa1  FPULazyStackingEnable          
2000066c  FatFs                          
0001788f  GPIODirModeSet                 
00013a73  GPIOIntClear                   
00017ad1  GPIOIntDisable                 
00017b15  GPIOIntEnable                  
00017adf  GPIOIntStatus                  
00017481  GPIOIntTypeSet                 
00016a61  GPIOPadConfigSet               
0001766d  GPIOPinConfigure               
00017a35  GPIOPinTypeCAN                 
00017a47  GPIOPinTypeGPIOInput           
00017933  GPIOPinTypeGPIOOutput          
00017a59  GPIOPinTypeSSI                 
00017a6b  GPIOPinTypeTimer               
00017a7d  GPIOPinTypeUART                
00017b85  GPIOPinWrite                   
2000094f  INI_OK                         
00013d11  Ini_CAN                        
00013eb1  Ini_SD                         
00013e21  Ini_SPI                        
00013d79  Ini_Timer                      
00017225  IntDisable                     
0001728d  IntEnable                      
00017ab1  IntMasterEnable                
000178b9  IntPrioritySet                 
000177f9  IntRegister                    
000179a9  IntUnregister                  
2000095c  PeriodSysTimer                 
2000094e  RECORD                         
00017919  ResetISR                       
UNDEFED   SHT$$INIT_ARRAY$$Base          
UNDEFED   SHT$$INIT_ARRAY$$Limit         
00017b75  SSIBusy                        
00017783  SSIConfigSetExpClk             
00017b21  SSIDataGet                     
00017b39  SSIDataPut                     
00017b43  SSIDisable                     
00017b4d  SSIEnable                      
00016b95  SysCtlClockGet                 
00016e9d  SysCtlClockSet                 
00017b8b  SysCtlDelay                    
0001782d  SysCtlPeripheralEnable         
000177c1  SysCtlPeripheralPresent        
000179bd  SysTickEnable                  
00014111  SysTickHandler                 
000179d1  SysTickIntEnable               
00017ac1  SysTickPeriodSet               
20000960  SysTimer                       
00014129  Timer0IntHandler               
00014231  Timer1IntHandler               
00017b91  TimerClockSourceSet            
000173c1  TimerConfigure                 
0001797d  TimerControlEvent              
0001794d  TimerDisable                   
00017aed  TimerEnable                    
0001496d  TimerIntClear                  
00017b7d  TimerIntEnable                 
00017a8f  TimerLoadSet                   
00017b57  TimerValueGet                  
00017b61  UARTCharGet                    
00017b6b  UARTCharPut                    
00017b97  UARTClockSourceSet             
000176fd  UARTConfigSetExpClk            
000178dd  UARTDisable                    
000179e5  UARTEnable                     
00015e49  UARTStdioConfig                
00015fa9  UARTgetc                       
00015ee1  UARTgets                       
00016309  UARTprintf                     
00015fd1  UARTvprintf                    
00015e91  UARTwrite                      
200008a0  Val_ADC                        
00013f19  WS_Read                        
2000066c  __STACK_END                    
00000400  __STACK_SIZE                   
2000046c  __STACK_TOP                    
00017be0  __TI_CINIT_Base                
00017bf8  __TI_CINIT_Limit               
00017bc0  __TI_Handler_Table_Base        
00017bcc  __TI_Handler_Table_Limit       
000171b5  __TI_auto_init                 
20000968  __TI_cleanup_ptr               
000172f5  __TI_decompress_lzss           
00017afb  __TI_decompress_none           
2000096c  __TI_dtors_ptr                 
20000970  __TI_enable_exit_profile_output
ffffffff  __TI_pprof_out_hndl            
00013179  __TI_printfi                   
ffffffff  __TI_prof_data_size            
ffffffff  __TI_prof_data_start           
00000000  __TI_static_base__             
00017b2d  __TI_zero_init                 
0001702d  __aeabi_cdcmpeq                
0001702d  __aeabi_cdcmple                
000170b3  __aeabi_cdrcmple               
000176b5  __aeabi_d2iz                   
0001677f  __aeabi_dadd                   
0001692b  __aeabi_ddiv                   
00016ca5  __aeabi_dmul                   
00016775  __aeabi_dsub                   
00017861  __aeabi_i2d                    
000171b3  __aeabi_idiv0                  
00017139  __aeabi_memclr                 
00017139  __aeabi_memclr4                
00017139  __aeabi_memclr8                
00016f91  __aeabi_memcpy                 
00016f91  __aeabi_memcpy4                
00016f91  __aeabi_memcpy8                
0001713b  __aeabi_memset                 
0001713b  __aeabi_memset4                
0001713b  __aeabi_memset8                
00017743  __aeabi_uidiv                  
00017743  __aeabi_uidivmod               
00016581  __aeabi_uldivmod               
ffffffff  __binit__                      
ffffffff  __c_args__                     
000177bf  __mpu_init                     
2000026c  __stack                        
00017965  _args_main                     
0001752d  _c_int00                       
0000eb4e  _ctypes_                       
20000974  _lock                          
00017a07  _nop                           
000179ff  _register_lock                 
000179f9  _register_unlock               
0001794b  _system_post_cinit             
0001633d  _system_pre_init               
20000978  _unlock                        
00017585  abort                          
000175d5  atoi                           
ffffffff  binit                          
00013fa9  botonIntHandler                
00017621  copy_in                        
00017a0d  copysign                       
00017a0d  copysignl                      
2000092c  data_ADC                       
20000930  data_ADC_aux                   
00015849  disk_initialize                
00015bd9  disk_ioctl                     
00015a29  disk_read                      
00015a09  disk_status                    
00015df1  disk_timerproc                 
00015ae1  disk_write                     
20000984  errno                          
0001758d  exit                           
00011941  f_close                        
00011c31  f_closedir                     
00011d51  f_getfree                      
000123e9  f_gets                         
00011979  f_lseek                        
000120a1  f_mkdir                        
000110c9  f_mount                        
00011151  f_open                         
00011b79  f_opendir                      
00012591  f_printf                       
00012531  f_putc                         
00012559  f_puts                         
00011401  f_read                         
00011c59  f_readdir                      
00012279  f_rename                       
00011ce9  f_stat                         
000118a1  f_sync                         
00011eb1  f_truncate                     
00011fa1  f_unlink                       
00011601  f_write                        
00013cf9  fatalError                     
00016341  ff_convert                     
000163f1  ff_wtoupper                    
20000920  file_name                      
0001735d  frexp                          
0001735d  frexpl                         
2000094d  g_bErrFlag                     
2000094c  g_bMsgObj3Sent                 
20000000  g_pfnRAMVectors                
00000000  g_pfnVectors                   
2000093c  g_ui32IntCount                 
20000940  g_ui32Msg1Count                
20000944  g_ui32Msg2Count                
20000948  g_ui32Msg3Count                
00015e39  get_fattime                    
00016da1  ldexp                          
00016da1  ldexpl                         
00013ab9  lectura_ADC                    
200008cc  logfile                        
000174d7  ltoa                           
00014399  main                           
20000988  main_func_sp                   
000178fd  memccpy                        
00016f91  memcpy                         
00017141  memset                         
20000951  move                           
20000966  nfile                          
20000964  numero                         
2000095a  period                         
20000958  resul                          
200008f4  sCANMessage                    
00016da1  scalbn                         
00016da1  scalbnl                        
00017421  sprintf                        
20000950  start_write                    
00017993  strchr                         
00017a21  strlen                         
20000908  texto                          
20000954  time_stamp                     
20000934  ui16ws_f_l                     
20000936  ui16ws_f_r                     
20000938  ui16ws_r_l                     
2000093a  ui16ws_r_r                     
000140b9  wsIntHandler                   


GLOBAL SYMBOLS: SORTED BY Symbol Address 

address   name                           
-------   ----                           
00000000  __TI_static_base__             
00000000  g_pfnVectors                   
00000400  __STACK_SIZE                   
0000eb4e  _ctypes_                       
000110c9  f_mount                        
00011151  f_open                         
00011401  f_read                         
00011601  f_write                        
000118a1  f_sync                         
00011941  f_close                        
00011979  f_lseek                        
00011b79  f_opendir                      
00011c31  f_closedir                     
00011c59  f_readdir                      
00011ce9  f_stat                         
00011d51  f_getfree                      
00011eb1  f_truncate                     
00011fa1  f_unlink                       
000120a1  f_mkdir                        
00012279  f_rename                       
000123e9  f_gets                         
00012531  f_putc                         
00012559  f_puts                         
00012591  f_printf                       
00013179  __TI_printfi                   
00013a73  GPIOIntClear                   
00013a79  ConfigureUART                  
00013ab9  lectura_ADC                    
00013cf9  fatalError                     
00013d11  Ini_CAN                        
00013d79  Ini_Timer                      
00013e21  Ini_SPI                        
00013eb1  Ini_SD                         
00013f19  WS_Read                        
00013fa9  botonIntHandler                
000140b9  wsIntHandler                   
00014111  SysTickHandler                 
00014129  Timer0IntHandler               
00014231  Timer1IntHandler               
00014261  CANIntHandler                  
00014399  main                           
0001496d  TimerIntClear                  
00014a91  CANInit                        
00014b21  CANEnable                      
00014b39  CANDisable                     
00014b51  CANBitTimingGet                
00014bc9  CANBitRateSet                  
00014c99  CANBitTimingSet                
00014d29  CANIntRegister                 
00014d49  CANIntUnregister               
00014d69  CANIntEnable                   
00014d81  CANIntDisable                  
00014d99  CANIntStatus                   
00014df1  CANIntClear                    
00014e59  CANRetrySet                    
00014e91  CANRetryGet                    
00014eb1  CANStatusGet                   
00014f41  CANErrCntrGet                  
00014f79  CANMessageSet                  
00015229  CANMessageGet                  
00015449  CANMessageClear                
00015849  disk_initialize                
00015a09  disk_status                    
00015a29  disk_read                      
00015ae1  disk_write                     
00015bd9  disk_ioctl                     
00015df1  disk_timerproc                 
00015e39  get_fattime                    
00015e49  UARTStdioConfig                
00015e91  UARTwrite                      
00015ee1  UARTgets                       
00015fa9  UARTgetc                       
00015fd1  UARTvprintf                    
00016309  UARTprintf                     
0001633d  _system_pre_init               
00016341  ff_convert                     
000163f1  ff_wtoupper                    
00016581  __aeabi_uldivmod               
00016775  __aeabi_dsub                   
0001677f  __aeabi_dadd                   
0001692b  __aeabi_ddiv                   
00016a61  GPIOPadConfigSet               
00016b95  SysCtlClockGet                 
00016ca5  __aeabi_dmul                   
00016da1  ldexp                          
00016da1  ldexpl                         
00016da1  scalbn                         
00016da1  scalbnl                        
00016e9d  SysCtlClockSet                 
00016f91  __aeabi_memcpy                 
00016f91  __aeabi_memcpy4                
00016f91  __aeabi_memcpy8                
00016f91  memcpy                         
0001702d  __aeabi_cdcmpeq                
0001702d  __aeabi_cdcmple                
000170b3  __aeabi_cdrcmple               
00017139  __aeabi_memclr                 
00017139  __aeabi_memclr4                
00017139  __aeabi_memclr8                
0001713b  __aeabi_memset                 
0001713b  __aeabi_memset4                
0001713b  __aeabi_memset8                
00017141  memset                         
000171b3  __aeabi_idiv0                  
000171b5  __TI_auto_init                 
00017225  IntDisable                     
0001728d  IntEnable                      
000172f5  __TI_decompress_lzss           
0001735d  frexp                          
0001735d  frexpl                         
000173c1  TimerConfigure                 
00017421  sprintf                        
00017481  GPIOIntTypeSet                 
000174d7  ltoa                           
0001752d  _c_int00                       
00017581  C$$EXIT                        
00017585  abort                          
0001758d  exit                           
000175d5  atoi                           
00017621  copy_in                        
0001766d  GPIOPinConfigure               
000176b5  __aeabi_d2iz                   
000176fd  UARTConfigSetExpClk            
00017743  __aeabi_uidiv                  
00017743  __aeabi_uidivmod               
00017783  SSIConfigSetExpClk             
000177bf  __mpu_init                     
000177c1  SysCtlPeripheralPresent        
000177f9  IntRegister                    
0001782d  SysCtlPeripheralEnable         
00017861  __aeabi_i2d                    
0001788f  GPIODirModeSet                 
000178b9  IntPrioritySet                 
000178dd  UARTDisable                    
000178fd  memccpy                        
00017919  ResetISR                       
00017933  GPIOPinTypeGPIOOutput          
0001794b  _system_post_cinit             
0001794d  TimerDisable                   
00017965  _args_main                     
0001797d  TimerControlEvent              
00017993  strchr                         
000179a9  IntUnregister                  
000179bd  SysTickEnable                  
000179d1  SysTickIntEnable               
000179e5  UARTEnable                     
000179f9  _register_unlock               
000179ff  _register_lock                 
00017a07  _nop                           
00017a0d  copysign                       
00017a0d  copysignl                      
00017a21  strlen                         
00017a35  GPIOPinTypeCAN                 
00017a47  GPIOPinTypeGPIOInput           
00017a59  GPIOPinTypeSSI                 
00017a6b  GPIOPinTypeTimer               
00017a7d  GPIOPinTypeUART                
00017a8f  TimerLoadSet                   
00017aa1  FPULazyStackingEnable          
00017ab1  IntMasterEnable                
00017ac1  SysTickPeriodSet               
00017ad1  GPIOIntDisable                 
00017adf  GPIOIntStatus                  
00017aed  TimerEnable                    
00017afb  __TI_decompress_none           
00017b09  CPUcpsie                       
00017b15  GPIOIntEnable                  
00017b21  SSIDataGet                     
00017b2d  __TI_zero_init                 
00017b39  SSIDataPut                     
00017b43  SSIDisable                     
00017b4d  SSIEnable                      
00017b57  TimerValueGet                  
00017b61  UARTCharGet                    
00017b6b  UARTCharPut                    
00017b75  SSIBusy                        
00017b7d  TimerIntEnable                 
00017b85  GPIOPinWrite                   
00017b8b  SysCtlDelay                    
00017b91  TimerClockSourceSet            
00017b97  UARTClockSourceSet             
00017bc0  __TI_Handler_Table_Base        
00017bcc  __TI_Handler_Table_Limit       
00017be0  __TI_CINIT_Base                
00017bf8  __TI_CINIT_Limit               
20000000  g_pfnRAMVectors                
2000026c  __stack                        
2000046c  __STACK_TOP                    
2000066c  FatFs                          
2000066c  __STACK_END                    
200008a0  Val_ADC                        
200008cc  logfile                        
200008f4  sCANMessage                    
20000908  texto                          
20000920  file_name                      
2000092c  data_ADC                       
20000930  data_ADC_aux                   
20000934  ui16ws_f_l                     
20000936  ui16ws_f_r                     
20000938  ui16ws_r_l                     
2000093a  ui16ws_r_r                     
2000093c  g_ui32IntCount                 
20000940  g_ui32Msg1Count                
20000944  g_ui32Msg2Count                
20000948  g_ui32Msg3Count                
2000094c  g_bMsgObj3Sent                 
2000094d  g_bErrFlag                     
2000094e  RECORD                         
2000094f  INI_OK                         
20000950  start_write                    
20000951  move                           
20000954  time_stamp                     
20000958  resul                          
2000095a  period                         
2000095c  PeriodSysTimer                 
20000960  SysTimer                       
20000964  numero                         
20000966  nfile                          
20000968  __TI_cleanup_ptr               
2000096c  __TI_dtors_ptr                 
20000970  __TI_enable_exit_profile_output
20000974  _lock                          
20000978  _unlock                        
20000984  errno                          
20000988  main_func_sp                   
ffffffff  __TI_pprof_out_hndl            
ffffffff  __TI_prof_data_size            
ffffffff  __TI_prof_data_start           
ffffffff  __binit__                      
ffffffff  __c_args__                     
ffffffff  binit                          
UNDEFED   SHT$$INIT_ARRAY$$Base          
UNDEFED   SHT$$INIT_ARRAY$$Limit         

[233 symbols]
