<?xml version="1.0"?>
<link_info>
   <banner>TI ARM Linker PC v16.9.0.LTS</banner>
   <copyright>Copyright (c) 1996-2015 Texas Instruments Incorporated</copyright>
   <link_time>0x58df9364</link_time>
   <link_errors>0x0</link_errors>
   <output_file>ADQ_1.0.out</output_file>
   <entry_point>
      <name>_c_int00</name>
      <address>0x17ced</address>
   </entry_point>
   <input_file_list>
      <input_file id="fl-2">
         <path>.\</path>
         <kind>object</kind>
         <file>can.obj</file>
         <name>can.obj</name>
      </input_file>
      <input_file id="fl-3">
         <path>.\</path>
         <kind>object</kind>
         <file>main.obj</file>
         <name>main.obj</name>
      </input_file>
      <input_file id="fl-4">
         <path>.\</path>
         <kind>object</kind>
         <file>tm4c123gh6pm_startup_ccs.obj</file>
         <name>tm4c123gh6pm_startup_ccs.obj</name>
      </input_file>
      <input_file id="fl-5">
         <path>.\FaTFS\</path>
         <kind>object</kind>
         <file>diskio.obj</file>
         <name>diskio.obj</name>
      </input_file>
      <input_file id="fl-6">
         <path>.\FaTFS\</path>
         <kind>object</kind>
         <file>ff.obj</file>
         <name>ff.obj</name>
      </input_file>
      <input_file id="fl-7">
         <path>.\FaTFS\option\</path>
         <kind>object</kind>
         <file>cc932.obj</file>
         <name>cc932.obj</name>
      </input_file>
      <input_file id="fl-8">
         <path>.\utils\</path>
         <kind>object</kind>
         <file>uartstdio.obj</file>
         <name>uartstdio.obj</name>
      </input_file>
      <input_file id="fl-e">
         <path>C:\ti\TivaWare_C_Series-2.1.3.156\driverlib\ccs\Debug\</path>
         <kind>archive</kind>
         <file>driverlib.lib</file>
         <name>fpu.obj</name>
      </input_file>
      <input_file id="fl-f">
         <path>C:\ti\TivaWare_C_Series-2.1.3.156\driverlib\ccs\Debug\</path>
         <kind>archive</kind>
         <file>driverlib.lib</file>
         <name>gpio.obj</name>
      </input_file>
      <input_file id="fl-10">
         <path>C:\ti\TivaWare_C_Series-2.1.3.156\driverlib\ccs\Debug\</path>
         <kind>archive</kind>
         <file>driverlib.lib</file>
         <name>interrupt.obj</name>
      </input_file>
      <input_file id="fl-11">
         <path>C:\ti\TivaWare_C_Series-2.1.3.156\driverlib\ccs\Debug\</path>
         <kind>archive</kind>
         <file>driverlib.lib</file>
         <name>ssi.obj</name>
      </input_file>
      <input_file id="fl-12">
         <path>C:\ti\TivaWare_C_Series-2.1.3.156\driverlib\ccs\Debug\</path>
         <kind>archive</kind>
         <file>driverlib.lib</file>
         <name>sysctl.obj</name>
      </input_file>
      <input_file id="fl-13">
         <path>C:\ti\TivaWare_C_Series-2.1.3.156\driverlib\ccs\Debug\</path>
         <kind>archive</kind>
         <file>driverlib.lib</file>
         <name>systick.obj</name>
      </input_file>
      <input_file id="fl-14">
         <path>C:\ti\TivaWare_C_Series-2.1.3.156\driverlib\ccs\Debug\</path>
         <kind>archive</kind>
         <file>driverlib.lib</file>
         <name>timer.obj</name>
      </input_file>
      <input_file id="fl-15">
         <path>C:\ti\TivaWare_C_Series-2.1.3.156\driverlib\ccs\Debug\</path>
         <kind>archive</kind>
         <file>driverlib.lib</file>
         <name>uart.obj</name>
      </input_file>
      <input_file id="fl-16">
         <path>C:\ti\TivaWare_C_Series-2.1.3.156\driverlib\ccs\Debug\</path>
         <kind>archive</kind>
         <file>driverlib.lib</file>
         <name>cpu.obj</name>
      </input_file>
      <input_file id="fl-cc">
         <path>C:\ti\ccsv6\tools\compiler\ti-cgt-arm_16.9.0.LTS\lib\</path>
         <kind>archive</kind>
         <file>rtsv7M4_T_le_v4SPD16_eabi.lib</file>
         <name>boot.obj</name>
      </input_file>
      <input_file id="fl-cd">
         <path>C:\ti\ccsv6\tools\compiler\ti-cgt-arm_16.9.0.LTS\lib\</path>
         <kind>archive</kind>
         <file>rtsv7M4_T_le_v4SPD16_eabi.lib</file>
         <name>copy_decompress_lzss.obj</name>
      </input_file>
      <input_file id="fl-ce">
         <path>C:\ti\ccsv6\tools\compiler\ti-cgt-arm_16.9.0.LTS\lib\</path>
         <kind>archive</kind>
         <file>rtsv7M4_T_le_v4SPD16_eabi.lib</file>
         <name>copy_decompress_none.obj</name>
      </input_file>
      <input_file id="fl-cf">
         <path>C:\ti\ccsv6\tools\compiler\ti-cgt-arm_16.9.0.LTS\lib\</path>
         <kind>archive</kind>
         <file>rtsv7M4_T_le_v4SPD16_eabi.lib</file>
         <name>copy_zero_init.obj</name>
      </input_file>
      <input_file id="fl-d0">
         <path>C:\ti\ccsv6\tools\compiler\ti-cgt-arm_16.9.0.LTS\lib\</path>
         <kind>archive</kind>
         <file>rtsv7M4_T_le_v4SPD16_eabi.lib</file>
         <name>exit.obj</name>
      </input_file>
      <input_file id="fl-d1">
         <path>C:\ti\ccsv6\tools\compiler\ti-cgt-arm_16.9.0.LTS\lib\</path>
         <kind>archive</kind>
         <file>rtsv7M4_T_le_v4SPD16_eabi.lib</file>
         <name>memcpy_t2.obj</name>
      </input_file>
      <input_file id="fl-d2">
         <path>C:\ti\ccsv6\tools\compiler\ti-cgt-arm_16.9.0.LTS\lib\</path>
         <kind>archive</kind>
         <file>rtsv7M4_T_le_v4SPD16_eabi.lib</file>
         <name>memset_t2.obj</name>
      </input_file>
      <input_file id="fl-d3">
         <path>C:\ti\ccsv6\tools\compiler\ti-cgt-arm_16.9.0.LTS\lib\</path>
         <kind>archive</kind>
         <file>rtsv7M4_T_le_v4SPD16_eabi.lib</file>
         <name>mpu_init.obj</name>
      </input_file>
      <input_file id="fl-d4">
         <path>C:\ti\ccsv6\tools\compiler\ti-cgt-arm_16.9.0.LTS\lib\</path>
         <kind>archive</kind>
         <file>rtsv7M4_T_le_v4SPD16_eabi.lib</file>
         <name>pre_init.obj</name>
      </input_file>
      <input_file id="fl-d5">
         <path>C:\ti\ccsv6\tools\compiler\ti-cgt-arm_16.9.0.LTS\lib\</path>
         <kind>archive</kind>
         <file>rtsv7M4_T_le_v4SPD16_eabi.lib</file>
         <name>sprintf.obj</name>
      </input_file>
      <input_file id="fl-d6">
         <path>C:\ti\ccsv6\tools\compiler\ti-cgt-arm_16.9.0.LTS\lib\</path>
         <kind>archive</kind>
         <file>rtsv7M4_T_le_v4SPD16_eabi.lib</file>
         <name>stkdepth_vars.obj</name>
      </input_file>
      <input_file id="fl-d7">
         <path>C:\ti\ccsv6\tools\compiler\ti-cgt-arm_16.9.0.LTS\lib\</path>
         <kind>archive</kind>
         <file>rtsv7M4_T_le_v4SPD16_eabi.lib</file>
         <name>u_divt2.obj</name>
      </input_file>
      <input_file id="fl-d8">
         <path>C:\ti\ccsv6\tools\compiler\ti-cgt-arm_16.9.0.LTS\lib\</path>
         <kind>archive</kind>
         <file>rtsv7M4_T_le_v4SPD16_eabi.lib</file>
         <name>_lock.obj</name>
      </input_file>
      <input_file id="fl-d9">
         <path>C:\ti\ccsv6\tools\compiler\ti-cgt-arm_16.9.0.LTS\lib\</path>
         <kind>archive</kind>
         <file>rtsv7M4_T_le_v4SPD16_eabi.lib</file>
         <name>_printfi.obj</name>
      </input_file>
      <input_file id="fl-da">
         <path>C:\ti\ccsv6\tools\compiler\ti-cgt-arm_16.9.0.LTS\lib\</path>
         <kind>archive</kind>
         <file>rtsv7M4_T_le_v4SPD16_eabi.lib</file>
         <name>args_main.obj</name>
      </input_file>
      <input_file id="fl-db">
         <path>C:\ti\ccsv6\tools\compiler\ti-cgt-arm_16.9.0.LTS\lib\</path>
         <kind>archive</kind>
         <file>rtsv7M4_T_le_v4SPD16_eabi.lib</file>
         <name>atoi.obj</name>
      </input_file>
      <input_file id="fl-dc">
         <path>C:\ti\ccsv6\tools\compiler\ti-cgt-arm_16.9.0.LTS\lib\</path>
         <kind>archive</kind>
         <file>rtsv7M4_T_le_v4SPD16_eabi.lib</file>
         <name>autoinit.obj</name>
      </input_file>
      <input_file id="fl-dd">
         <path>C:\ti\ccsv6\tools\compiler\ti-cgt-arm_16.9.0.LTS\lib\</path>
         <kind>archive</kind>
         <file>rtsv7M4_T_le_v4SPD16_eabi.lib</file>
         <name>cpy_tbl.obj</name>
      </input_file>
      <input_file id="fl-de">
         <path>C:\ti\ccsv6\tools\compiler\ti-cgt-arm_16.9.0.LTS\lib\</path>
         <kind>archive</kind>
         <file>rtsv7M4_T_le_v4SPD16_eabi.lib</file>
         <name>ctype.obj</name>
      </input_file>
      <input_file id="fl-df">
         <path>C:\ti\ccsv6\tools\compiler\ti-cgt-arm_16.9.0.LTS\lib\</path>
         <kind>archive</kind>
         <file>rtsv7M4_T_le_v4SPD16_eabi.lib</file>
         <name>fd_add_t2.obj</name>
      </input_file>
      <input_file id="fl-e0">
         <path>C:\ti\ccsv6\tools\compiler\ti-cgt-arm_16.9.0.LTS\lib\</path>
         <kind>archive</kind>
         <file>rtsv7M4_T_le_v4SPD16_eabi.lib</file>
         <name>fd_cmp_t2.obj</name>
      </input_file>
      <input_file id="fl-e1">
         <path>C:\ti\ccsv6\tools\compiler\ti-cgt-arm_16.9.0.LTS\lib\</path>
         <kind>archive</kind>
         <file>rtsv7M4_T_le_v4SPD16_eabi.lib</file>
         <name>fd_div_t2.obj</name>
      </input_file>
      <input_file id="fl-e2">
         <path>C:\ti\ccsv6\tools\compiler\ti-cgt-arm_16.9.0.LTS\lib\</path>
         <kind>archive</kind>
         <file>rtsv7M4_T_le_v4SPD16_eabi.lib</file>
         <name>fd_mul_t2.obj</name>
      </input_file>
      <input_file id="fl-e3">
         <path>C:\ti\ccsv6\tools\compiler\ti-cgt-arm_16.9.0.LTS\lib\</path>
         <kind>archive</kind>
         <file>rtsv7M4_T_le_v4SPD16_eabi.lib</file>
         <name>fd_toi_t2.obj</name>
      </input_file>
      <input_file id="fl-e4">
         <path>C:\ti\ccsv6\tools\compiler\ti-cgt-arm_16.9.0.LTS\lib\</path>
         <kind>archive</kind>
         <file>rtsv7M4_T_le_v4SPD16_eabi.lib</file>
         <name>i_div0.obj</name>
      </input_file>
      <input_file id="fl-e5">
         <path>C:\ti\ccsv6\tools\compiler\ti-cgt-arm_16.9.0.LTS\lib\</path>
         <kind>archive</kind>
         <file>rtsv7M4_T_le_v4SPD16_eabi.lib</file>
         <name>i_tofd_t2.obj</name>
      </input_file>
      <input_file id="fl-e6">
         <path>C:\ti\ccsv6\tools\compiler\ti-cgt-arm_16.9.0.LTS\lib\</path>
         <kind>archive</kind>
         <file>rtsv7M4_T_le_v4SPD16_eabi.lib</file>
         <name>ltoa.obj</name>
      </input_file>
      <input_file id="fl-e7">
         <path>C:\ti\ccsv6\tools\compiler\ti-cgt-arm_16.9.0.LTS\lib\</path>
         <kind>archive</kind>
         <file>rtsv7M4_T_le_v4SPD16_eabi.lib</file>
         <name>memccpy.obj</name>
      </input_file>
      <input_file id="fl-e8">
         <path>C:\ti\ccsv6\tools\compiler\ti-cgt-arm_16.9.0.LTS\lib\</path>
         <kind>archive</kind>
         <file>rtsv7M4_T_le_v4SPD16_eabi.lib</file>
         <name>s_frexp.obj</name>
      </input_file>
      <input_file id="fl-e9">
         <path>C:\ti\ccsv6\tools\compiler\ti-cgt-arm_16.9.0.LTS\lib\</path>
         <kind>archive</kind>
         <file>rtsv7M4_T_le_v4SPD16_eabi.lib</file>
         <name>s_scalbn.obj</name>
      </input_file>
      <input_file id="fl-ea">
         <path>C:\ti\ccsv6\tools\compiler\ti-cgt-arm_16.9.0.LTS\lib\</path>
         <kind>archive</kind>
         <file>rtsv7M4_T_le_v4SPD16_eabi.lib</file>
         <name>startup.obj</name>
      </input_file>
      <input_file id="fl-eb">
         <path>C:\ti\ccsv6\tools\compiler\ti-cgt-arm_16.9.0.LTS\lib\</path>
         <kind>archive</kind>
         <file>rtsv7M4_T_le_v4SPD16_eabi.lib</file>
         <name>strchr.obj</name>
      </input_file>
      <input_file id="fl-ec">
         <path>C:\ti\ccsv6\tools\compiler\ti-cgt-arm_16.9.0.LTS\lib\</path>
         <kind>archive</kind>
         <file>rtsv7M4_T_le_v4SPD16_eabi.lib</file>
         <name>strlen.obj</name>
      </input_file>
      <input_file id="fl-ed">
         <path>C:\ti\ccsv6\tools\compiler\ti-cgt-arm_16.9.0.LTS\lib\</path>
         <kind>archive</kind>
         <file>rtsv7M4_T_le_v4SPD16_eabi.lib</file>
         <name>ull_div_t2.obj</name>
      </input_file>
      <input_file id="fl-ee">
         <path>C:\ti\ccsv6\tools\compiler\ti-cgt-arm_16.9.0.LTS\lib\</path>
         <kind>archive</kind>
         <file>rtsv7M4_T_le_v4SPD16_eabi.lib</file>
         <name>errno.obj</name>
      </input_file>
      <input_file id="fl-ef">
         <path>C:\ti\ccsv6\tools\compiler\ti-cgt-arm_16.9.0.LTS\lib\</path>
         <kind>archive</kind>
         <file>rtsv7M4_T_le_v4SPD16_eabi.lib</file>
         <name>s_copysign.obj</name>
      </input_file>
   </input_file_list>
   <object_component_list>
      <object_component id="oc-f">
         <name>.intvecs</name>
         <load_address>0x0</load_address>
         <run_address>0x0</run_address>
         <size>0x26c</size>
         <input_file_ref idref="fl-4"/>
      </object_component>
      <object_component id="oc-f4">
         <name>.text</name>
         <load_address>0xef70</load_address>
         <run_address>0xef70</run_address>
         <size>0x3a70</size>
         <input_file_ref idref="fl-6"/>
      </object_component>
      <object_component id="oc-31">
         <name>.text</name>
         <load_address>0x129e0</load_address>
         <run_address>0x129e0</run_address>
         <size>0x13d0</size>
         <input_file_ref idref="fl-3"/>
      </object_component>
      <object_component id="oc-278">
         <name>.text</name>
         <load_address>0x13db0</load_address>
         <run_address>0x13db0</run_address>
         <size>0x113a</size>
         <input_file_ref idref="fl-d9"/>
      </object_component>
      <object_component id="oc-106">
         <name>.text:GPIOIntClear</name>
         <load_address>0x14eea</load_address>
         <run_address>0x14eea</run_address>
         <size>0x6</size>
         <input_file_ref idref="fl-f"/>
      </object_component>
      <object_component id="oc-b9">
         <name>.text</name>
         <load_address>0x14ef0</load_address>
         <run_address>0x14ef0</run_address>
         <size>0xb68</size>
         <input_file_ref idref="fl-2"/>
      </object_component>
      <object_component id="oc-120">
         <name>.text</name>
         <load_address>0x15a58</load_address>
         <run_address>0x15a58</run_address>
         <size>0xb4a</size>
         <input_file_ref idref="fl-5"/>
      </object_component>
      <object_component id="oc-9e">
         <name>.text:GPIOPinWrite</name>
         <load_address>0x165a2</load_address>
         <run_address>0x165a2</run_address>
         <size>0x6</size>
         <input_file_ref idref="fl-f"/>
      </object_component>
      <object_component id="oc-98">
         <name>.text</name>
         <load_address>0x165a8</load_address>
         <run_address>0x165a8</run_address>
         <size>0x546</size>
         <input_file_ref idref="fl-8"/>
      </object_component>
      <object_component id="oc-305">
         <name>.text:_IntDefaultHandler</name>
         <load_address>0x16aee</load_address>
         <run_address>0x16aee</run_address>
         <size>0x2</size>
         <input_file_ref idref="fl-10"/>
      </object_component>
      <object_component id="oc-25c">
         <name>.text</name>
         <load_address>0x16af0</load_address>
         <run_address>0x16af0</run_address>
         <size>0x250</size>
         <input_file_ref idref="fl-7"/>
      </object_component>
      <object_component id="oc-328">
         <name>.text</name>
         <load_address>0x16d40</load_address>
         <run_address>0x16d40</run_address>
         <size>0x1f4</size>
         <input_file_ref idref="fl-ed"/>
      </object_component>
      <object_component id="oc-357">
         <name>.text</name>
         <load_address>0x16f34</load_address>
         <run_address>0x16f34</run_address>
         <size>0x1b6</size>
         <input_file_ref idref="fl-df"/>
      </object_component>
      <object_component id="oc-33d">
         <name>.text</name>
         <load_address>0x170ea</load_address>
         <run_address>0x170ea</run_address>
         <size>0x136</size>
         <input_file_ref idref="fl-e1"/>
      </object_component>
      <object_component id="oc-15d">
         <name>.text:GPIOPadConfigSet</name>
         <load_address>0x17220</load_address>
         <run_address>0x17220</run_address>
         <size>0x132</size>
         <input_file_ref idref="fl-f"/>
      </object_component>
      <object_component id="oc-2f0">
         <name>.text</name>
         <load_address>0x17352</load_address>
         <run_address>0x17352</run_address>
         <size>0x2</size>
         <input_file_ref idref="fl-e4"/>
      </object_component>
      <object_component id="oc-bf">
         <name>.text:SysCtlClockGet</name>
         <load_address>0x17354</load_address>
         <run_address>0x17354</run_address>
         <size>0x110</size>
         <input_file_ref idref="fl-12"/>
      </object_component>
      <object_component id="oc-338">
         <name>.text</name>
         <load_address>0x17464</load_address>
         <run_address>0x17464</run_address>
         <size>0xfc</size>
         <input_file_ref idref="fl-e2"/>
      </object_component>
      <object_component id="oc-362">
         <name>.text</name>
         <load_address>0x17560</load_address>
         <run_address>0x17560</run_address>
         <size>0xfc</size>
         <input_file_ref idref="fl-e9"/>
      </object_component>
      <object_component id="oc-132">
         <name>.text:SysCtlClockSet</name>
         <load_address>0x1765c</load_address>
         <run_address>0x1765c</run_address>
         <size>0xf4</size>
         <input_file_ref idref="fl-12"/>
      </object_component>
      <object_component id="oc-45">
         <name>.text</name>
         <load_address>0x17750</load_address>
         <run_address>0x17750</run_address>
         <size>0x9c</size>
         <input_file_ref idref="fl-d1"/>
      </object_component>
      <object_component id="oc-333">
         <name>.text:__aeabi_cdcmple</name>
         <load_address>0x177ec</load_address>
         <run_address>0x177ec</run_address>
         <size>0x86</size>
         <input_file_ref idref="fl-e0"/>
      </object_component>
      <object_component id="oc-342">
         <name>.text:__aeabi_cdrcmple</name>
         <load_address>0x17872</load_address>
         <run_address>0x17872</run_address>
         <size>0x86</size>
         <input_file_ref idref="fl-e0"/>
      </object_component>
      <object_component id="oc-51">
         <name>.text</name>
         <load_address>0x178f8</load_address>
         <run_address>0x178f8</run_address>
         <size>0x7a</size>
         <input_file_ref idref="fl-d2"/>
      </object_component>
      <object_component id="oc-5d">
         <name>.text</name>
         <load_address>0x17972</load_address>
         <run_address>0x17972</run_address>
         <size>0x2</size>
         <input_file_ref idref="fl-d3"/>
      </object_component>
      <object_component id="oc-69">
         <name>.text</name>
         <load_address>0x17974</load_address>
         <run_address>0x17974</run_address>
         <size>0x70</size>
         <input_file_ref idref="fl-dc"/>
      </object_component>
      <object_component id="oc-22a">
         <name>.text:IntDisable</name>
         <load_address>0x179e4</load_address>
         <run_address>0x179e4</run_address>
         <size>0x68</size>
         <input_file_ref idref="fl-10"/>
      </object_component>
      <object_component id="oc-c5">
         <name>.text:IntEnable</name>
         <load_address>0x17a4c</load_address>
         <run_address>0x17a4c</run_address>
         <size>0x68</size>
         <input_file_ref idref="fl-10"/>
      </object_component>
      <object_component id="oc-12">
         <name>.text:decompress:lzss</name>
         <load_address>0x17ab4</load_address>
         <run_address>0x17ab4</run_address>
         <size>0x68</size>
         <input_file_ref idref="fl-cd"/>
      </object_component>
      <object_component id="oc-35c">
         <name>.text</name>
         <load_address>0x17b1c</load_address>
         <run_address>0x17b1c</run_address>
         <size>0x64</size>
         <input_file_ref idref="fl-e8"/>
      </object_component>
      <object_component id="oc-d4">
         <name>.text:TimerConfigure</name>
         <load_address>0x17b80</load_address>
         <run_address>0x17b80</run_address>
         <size>0x60</size>
         <input_file_ref idref="fl-14"/>
      </object_component>
      <object_component id="oc-113">
         <name>.text</name>
         <load_address>0x17be0</load_address>
         <run_address>0x17be0</run_address>
         <size>0x60</size>
         <input_file_ref idref="fl-d5"/>
      </object_component>
      <object_component id="oc-181">
         <name>.text:GPIOIntTypeSet</name>
         <load_address>0x17c40</load_address>
         <run_address>0x17c40</run_address>
         <size>0x56</size>
         <input_file_ref idref="fl-f"/>
      </object_component>
      <object_component id="oc-34c">
         <name>.text</name>
         <load_address>0x17c96</load_address>
         <run_address>0x17c96</run_address>
         <size>0x56</size>
         <input_file_ref idref="fl-e6"/>
      </object_component>
      <object_component id="oc-24">
         <name>.text</name>
         <load_address>0x17cec</load_address>
         <run_address>0x17cec</run_address>
         <size>0x54</size>
         <input_file_ref idref="fl-cc"/>
      </object_component>
      <object_component id="oc-75">
         <name>.text</name>
         <load_address>0x17d40</load_address>
         <run_address>0x17d40</run_address>
         <size>0x54</size>
         <input_file_ref idref="fl-d0"/>
      </object_component>
      <object_component id="oc-36e">
         <name>.text</name>
         <load_address>0x17d94</load_address>
         <run_address>0x17d94</run_address>
         <size>0x4c</size>
         <input_file_ref idref="fl-db"/>
      </object_component>
      <object_component id="oc-1bf">
         <name>.text</name>
         <load_address>0x17de0</load_address>
         <run_address>0x17de0</run_address>
         <size>0x4c</size>
         <input_file_ref idref="fl-dd"/>
      </object_component>
      <object_component id="oc-86">
         <name>.text:GPIOPinConfigure</name>
         <load_address>0x17e2c</load_address>
         <run_address>0x17e2c</run_address>
         <size>0x48</size>
         <input_file_ref idref="fl-f"/>
      </object_component>
      <object_component id="oc-347">
         <name>.text</name>
         <load_address>0x17e74</load_address>
         <run_address>0x17e74</run_address>
         <size>0x48</size>
         <input_file_ref idref="fl-e3"/>
      </object_component>
      <object_component id="oc-1f3">
         <name>.text:UARTConfigSetExpClk</name>
         <load_address>0x17ebc</load_address>
         <run_address>0x17ebc</run_address>
         <size>0x46</size>
         <input_file_ref idref="fl-15"/>
      </object_component>
      <object_component id="oc-20b">
         <name>.text</name>
         <load_address>0x17f02</load_address>
         <run_address>0x17f02</run_address>
         <size>0x40</size>
         <input_file_ref idref="fl-d7"/>
      </object_component>
      <object_component id="oc-e6">
         <name>.text:SSIConfigSetExpClk</name>
         <load_address>0x17f42</load_address>
         <run_address>0x17f42</run_address>
         <size>0x3c</size>
         <input_file_ref idref="fl-11"/>
      </object_component>
      <object_component id="oc-1c5">
         <name>.text</name>
         <load_address>0x17f7e</load_address>
         <run_address>0x17f7e</run_address>
         <size>0x2</size>
         <input_file_ref idref="fl-ea"/>
      </object_component>
      <object_component id="oc-1e7">
         <name>.text:SysCtlPeripheralPresent</name>
         <load_address>0x17f80</load_address>
         <run_address>0x17f80</run_address>
         <size>0x38</size>
         <input_file_ref idref="fl-12"/>
      </object_component>
      <object_component id="oc-224">
         <name>.text:IntRegister</name>
         <load_address>0x17fb8</load_address>
         <run_address>0x17fb8</run_address>
         <size>0x34</size>
         <input_file_ref idref="fl-10"/>
      </object_component>
      <object_component id="oc-80">
         <name>.text:SysCtlPeripheralEnable</name>
         <load_address>0x17fec</load_address>
         <run_address>0x17fec</run_address>
         <size>0x34</size>
         <input_file_ref idref="fl-12"/>
      </object_component>
      <object_component id="oc-352">
         <name>.text</name>
         <load_address>0x18020</load_address>
         <run_address>0x18020</run_address>
         <size>0x2e</size>
         <input_file_ref idref="fl-e5"/>
      </object_component>
      <object_component id="oc-163">
         <name>.text:GPIODirModeSet</name>
         <load_address>0x1804e</load_address>
         <run_address>0x1804e</run_address>
         <size>0x2a</size>
         <input_file_ref idref="fl-f"/>
      </object_component>
      <object_component id="oc-175">
         <name>.text:IntPrioritySet</name>
         <load_address>0x18078</load_address>
         <run_address>0x18078</run_address>
         <size>0x24</size>
         <input_file_ref idref="fl-10"/>
      </object_component>
      <object_component id="oc-2e6">
         <name>.text:UARTDisable</name>
         <load_address>0x1809c</load_address>
         <run_address>0x1809c</run_address>
         <size>0x20</size>
         <input_file_ref idref="fl-15"/>
      </object_component>
      <object_component id="oc-374">
         <name>.text</name>
         <load_address>0x180bc</load_address>
         <run_address>0x180bc</run_address>
         <size>0x1c</size>
         <input_file_ref idref="fl-e7"/>
      </object_component>
      <object_component id="oc-2b">
         <name>.text</name>
         <load_address>0x180d8</load_address>
         <run_address>0x180d8</run_address>
         <size>0x1a</size>
         <input_file_ref idref="fl-4"/>
      </object_component>
      <object_component id="oc-151">
         <name>.text:GPIOPinTypeGPIOOutput</name>
         <load_address>0x180f2</load_address>
         <run_address>0x180f2</run_address>
         <size>0x18</size>
         <input_file_ref idref="fl-f"/>
      </object_component>
      <object_component id="oc-10c">
         <name>.text:TimerDisable</name>
         <load_address>0x1810c</load_address>
         <run_address>0x1810c</run_address>
         <size>0x18</size>
         <input_file_ref idref="fl-14"/>
      </object_component>
      <object_component id="oc-6f">
         <name>.text</name>
         <load_address>0x18124</load_address>
         <run_address>0x18124</run_address>
         <size>0x18</size>
         <input_file_ref idref="fl-da"/>
      </object_component>
      <object_component id="oc-da">
         <name>.text:TimerControlEvent</name>
         <load_address>0x1813c</load_address>
         <run_address>0x1813c</run_address>
         <size>0x16</size>
         <input_file_ref idref="fl-14"/>
      </object_component>
      <object_component id="oc-368">
         <name>.text</name>
         <load_address>0x18152</load_address>
         <run_address>0x18152</run_address>
         <size>0x16</size>
         <input_file_ref idref="fl-eb"/>
      </object_component>
      <object_component id="oc-230">
         <name>.text:IntUnregister</name>
         <load_address>0x18168</load_address>
         <run_address>0x18168</run_address>
         <size>0x14</size>
         <input_file_ref idref="fl-10"/>
      </object_component>
      <object_component id="oc-13f">
         <name>.text:SysTickEnable</name>
         <load_address>0x1817c</load_address>
         <run_address>0x1817c</run_address>
         <size>0x14</size>
         <input_file_ref idref="fl-13"/>
      </object_component>
      <object_component id="oc-145">
         <name>.text:SysTickIntEnable</name>
         <load_address>0x18190</load_address>
         <run_address>0x18190</run_address>
         <size>0x14</size>
         <input_file_ref idref="fl-13"/>
      </object_component>
      <object_component id="oc-1f9">
         <name>.text:UARTEnable</name>
         <load_address>0x181a4</load_address>
         <run_address>0x181a4</run_address>
         <size>0x14</size>
         <input_file_ref idref="fl-15"/>
      </object_component>
      <object_component id="oc-2c6">
         <name>.text</name>
         <load_address>0x181b8</load_address>
         <run_address>0x181b8</run_address>
         <size>0x14</size>
         <input_file_ref idref="fl-d8"/>
      </object_component>
      <object_component id="oc-3c6">
         <name>.text</name>
         <load_address>0x181cc</load_address>
         <run_address>0x181cc</run_address>
         <size>0x14</size>
         <input_file_ref idref="fl-ef"/>
      </object_component>
      <object_component id="oc-32d">
         <name>.text</name>
         <load_address>0x181e0</load_address>
         <run_address>0x181e0</run_address>
         <size>0x14</size>
         <input_file_ref idref="fl-ec"/>
      </object_component>
      <object_component id="oc-169">
         <name>.text:GPIOPinTypeCAN</name>
         <load_address>0x181f4</load_address>
         <run_address>0x181f4</run_address>
         <size>0x12</size>
         <input_file_ref idref="fl-f"/>
      </object_component>
      <object_component id="oc-16f">
         <name>.text:GPIOPinTypeGPIOInput</name>
         <load_address>0x18206</load_address>
         <run_address>0x18206</run_address>
         <size>0x12</size>
         <input_file_ref idref="fl-f"/>
      </object_component>
      <object_component id="oc-157">
         <name>.text:GPIOPinTypeSSI</name>
         <load_address>0x18218</load_address>
         <run_address>0x18218</run_address>
         <size>0x12</size>
         <input_file_ref idref="fl-f"/>
      </object_component>
      <object_component id="oc-14b">
         <name>.text:GPIOPinTypeTimer</name>
         <load_address>0x1822a</load_address>
         <run_address>0x1822a</run_address>
         <size>0x12</size>
         <input_file_ref idref="fl-f"/>
      </object_component>
      <object_component id="oc-8c">
         <name>.text:GPIOPinTypeUART</name>
         <load_address>0x1823c</load_address>
         <run_address>0x1823c</run_address>
         <size>0x12</size>
         <input_file_ref idref="fl-f"/>
      </object_component>
      <object_component id="oc-e0">
         <name>.text:TimerLoadSet</name>
         <load_address>0x1824e</load_address>
         <run_address>0x1824e</run_address>
         <size>0x12</size>
         <input_file_ref idref="fl-14"/>
      </object_component>
      <object_component id="oc-12c">
         <name>.text:FPULazyStackingEnable</name>
         <load_address>0x18260</load_address>
         <run_address>0x18260</run_address>
         <size>0x10</size>
         <input_file_ref idref="fl-e"/>
      </object_component>
      <object_component id="oc-193">
         <name>.text:IntMasterEnable</name>
         <load_address>0x18270</load_address>
         <run_address>0x18270</run_address>
         <size>0x10</size>
         <input_file_ref idref="fl-10"/>
      </object_component>
      <object_component id="oc-139">
         <name>.text:SysTickPeriodSet</name>
         <load_address>0x18280</load_address>
         <run_address>0x18280</run_address>
         <size>0x10</size>
         <input_file_ref idref="fl-13"/>
      </object_component>
      <object_component id="oc-17b">
         <name>.text:GPIOIntDisable</name>
         <load_address>0x18290</load_address>
         <run_address>0x18290</run_address>
         <size>0xe</size>
         <input_file_ref idref="fl-f"/>
      </object_component>
      <object_component id="oc-100">
         <name>.text:GPIOIntStatus</name>
         <load_address>0x1829e</load_address>
         <run_address>0x1829e</run_address>
         <size>0xe</size>
         <input_file_ref idref="fl-f"/>
      </object_component>
      <object_component id="oc-11a">
         <name>.text:TimerEnable</name>
         <load_address>0x182ac</load_address>
         <run_address>0x182ac</run_address>
         <size>0xe</size>
         <input_file_ref idref="fl-14"/>
      </object_component>
      <object_component id="oc-18">
         <name>.text:decompress:none</name>
         <load_address>0x182ba</load_address>
         <run_address>0x182ba</run_address>
         <size>0xe</size>
         <input_file_ref idref="fl-ce"/>
      </object_component>
      <object_component id="oc-2a5">
         <name>.text:CPUcpsie</name>
         <load_address>0x182c8</load_address>
         <run_address>0x182c8</run_address>
         <size>0xc</size>
         <input_file_ref idref="fl-16"/>
      </object_component>
      <object_component id="oc-187">
         <name>.text:GPIOIntEnable</name>
         <load_address>0x182d4</load_address>
         <run_address>0x182d4</run_address>
         <size>0xc</size>
         <input_file_ref idref="fl-f"/>
      </object_component>
      <object_component id="oc-b3">
         <name>.text:SSIDataGet</name>
         <load_address>0x182e0</load_address>
         <run_address>0x182e0</run_address>
         <size>0xc</size>
         <input_file_ref idref="fl-11"/>
      </object_component>
      <object_component id="oc-1e">
         <name>.text:decompress:ZI</name>
         <load_address>0x182ec</load_address>
         <run_address>0x182ec</run_address>
         <size>0xc</size>
         <input_file_ref idref="fl-cf"/>
      </object_component>
      <object_component id="oc-a4">
         <name>.text:SSIDataPut</name>
         <load_address>0x182f8</load_address>
         <run_address>0x182f8</run_address>
         <size>0xa</size>
         <input_file_ref idref="fl-11"/>
      </object_component>
      <object_component id="oc-287">
         <name>.text:SSIDisable</name>
         <load_address>0x18302</load_address>
         <run_address>0x18302</run_address>
         <size>0xa</size>
         <input_file_ref idref="fl-11"/>
      </object_component>
      <object_component id="oc-ec">
         <name>.text:SSIEnable</name>
         <load_address>0x1830c</load_address>
         <run_address>0x1830c</run_address>
         <size>0xa</size>
         <input_file_ref idref="fl-11"/>
      </object_component>
      <object_component id="oc-fa">
         <name>.text:TimerValueGet</name>
         <load_address>0x18316</load_address>
         <run_address>0x18316</run_address>
         <size>0xa</size>
         <input_file_ref idref="fl-14"/>
      </object_component>
      <object_component id="oc-205">
         <name>.text:UARTCharGet</name>
         <load_address>0x18320</load_address>
         <run_address>0x18320</run_address>
         <size>0xa</size>
         <input_file_ref idref="fl-15"/>
      </object_component>
      <object_component id="oc-1ff">
         <name>.text:UARTCharPut</name>
         <load_address>0x1832a</load_address>
         <run_address>0x1832a</run_address>
         <size>0xa</size>
         <input_file_ref idref="fl-15"/>
      </object_component>
      <object_component id="oc-aa">
         <name>.text:SSIBusy</name>
         <load_address>0x18334</load_address>
         <run_address>0x18334</run_address>
         <size>0x8</size>
         <input_file_ref idref="fl-11"/>
      </object_component>
      <object_component id="oc-18d">
         <name>.text:TimerIntEnable</name>
         <load_address>0x1833c</load_address>
         <run_address>0x1833c</run_address>
         <size>0x8</size>
         <input_file_ref idref="fl-14"/>
      </object_component>
      <object_component id="oc-138">
         <name>.text:SysCtlDelay</name>
         <load_address>0x18344</load_address>
         <run_address>0x18344</run_address>
         <size>0x6</size>
         <input_file_ref idref="fl-12"/>
      </object_component>
      <object_component id="oc-ce">
         <name>.text:TimerClockSourceSet</name>
         <load_address>0x1834a</load_address>
         <run_address>0x1834a</run_address>
         <size>0x6</size>
         <input_file_ref idref="fl-14"/>
      </object_component>
      <object_component id="oc-92">
         <name>.text:UARTClockSourceSet</name>
         <load_address>0x18350</load_address>
         <run_address>0x18350</run_address>
         <size>0x6</size>
         <input_file_ref idref="fl-15"/>
      </object_component>
      <object_component id="oc-126">
         <name>.text:TimerIntClear</name>
         <load_address>0x18356</load_address>
         <run_address>0x18356</run_address>
         <size>0x4</size>
         <input_file_ref idref="fl-14"/>
      </object_component>
      <object_component id="oc-63">
         <name>.text</name>
         <load_address>0x1835a</load_address>
         <run_address>0x1835a</run_address>
         <size>0x4</size>
         <input_file_ref idref="fl-d4"/>
      </object_component>
      <object_component id="oc-318">
         <name>.const:sjis2uni</name>
         <load_address>0x26c</load_address>
         <run_address>0x26c</run_address>
         <size>0x7378</size>
         <input_file_ref idref="fl-7"/>
      </object_component>
      <object_component id="oc-31b">
         <name>.const:uni2sjis</name>
         <load_address>0x75e4</load_address>
         <run_address>0x75e4</run_address>
         <size>0x7378</size>
         <input_file_ref idref="fl-7"/>
      </object_component>
      <object_component id="oc-31e">
         <name>.const:cvt1$1</name>
         <load_address>0xe95c</load_address>
         <run_address>0xe95c</run_address>
         <size>0x1f2</size>
         <input_file_ref idref="fl-7"/>
      </object_component>
      <object_component id="oc-3d3">
         <name>.const:.string:_ctypes_</name>
         <load_address>0xeb4e</load_address>
         <run_address>0xeb4e</run_address>
         <size>0x101</size>
         <input_file_ref idref="fl-de"/>
      </object_component>
      <object_component id="oc-31f">
         <name>.const:cvt2$2</name>
         <load_address>0xec50</load_address>
         <run_address>0xec50</run_address>
         <size>0xbc</size>
         <input_file_ref idref="fl-7"/>
      </object_component>
      <object_component id="oc-29d">
         <name>.const:g_pui32Regs</name>
         <load_address>0xed0c</load_address>
         <run_address>0xed0c</run_address>
         <size>0x9c</size>
         <input_file_ref idref="fl-10"/>
      </object_component>
      <object_component id="oc-1dc">
         <name>.const:g_pui32GPIOBaseAddrs</name>
         <load_address>0xeda8</load_address>
         <run_address>0xeda8</run_address>
         <size>0x90</size>
         <input_file_ref idref="fl-f"/>
      </object_component>
      <object_component id="oc-241">
         <name>.const</name>
         <load_address>0xee38</load_address>
         <run_address>0xee38</run_address>
         <size>0x70</size>
         <input_file_ref idref="fl-10"/>
      </object_component>
      <object_component id="oc-23d">
         <name>.const:g_pui32Xtals</name>
         <load_address>0xeea8</load_address>
         <run_address>0xeea8</run_address>
         <size>0x6c</size>
         <input_file_ref idref="fl-12"/>
      </object_component>
      <object_component id="oc-221">
         <name>.const:g_ui16CANBitValues</name>
         <load_address>0xef14</load_address>
         <run_address>0xef14</run_address>
         <size>0x20</size>
         <input_file_ref idref="fl-2"/>
      </object_component>
      <object_component id="oc-2f7">
         <name>.const:.string</name>
         <load_address>0xef34</load_address>
         <run_address>0xef34</run_address>
         <size>0x12</size>
         <input_file_ref idref="fl-8"/>
      </object_component>
      <object_component id="oc-259">
         <name>.const:.string:LfnOfs</name>
         <load_address>0xef46</load_address>
         <run_address>0xef46</run_address>
         <size>0xd</size>
         <input_file_ref idref="fl-6"/>
      </object_component>
      <object_component id="oc-1ed">
         <name>.const:g_ui32UARTBase</name>
         <load_address>0xef54</load_address>
         <run_address>0xef54</run_address>
         <size>0xc</size>
         <input_file_ref idref="fl-8"/>
      </object_component>
      <object_component id="oc-1e4">
         <name>.const:g_ui32UARTPeriph</name>
         <load_address>0xef60</load_address>
         <run_address>0xef60</run_address>
         <size>0xc</size>
         <input_file_ref idref="fl-8"/>
      </object_component>
      <object_component id="oc-210">
         <name>.const</name>
         <load_address>0xef6c</load_address>
         <run_address>0xef6c</run_address>
         <size>0x4</size>
         <input_file_ref idref="fl-8"/>
      </object_component>
      <object_component id="oc-419">
         <name>.cinit..data.load</name>
         <load_address>0x18360</load_address>
         <run_address>0x18360</run_address>
         <size>0x20</size>
      </object_component>
      <object_component id="oc-416">
         <name>__TI_handler_table</name>
         <load_address>0x18380</load_address>
         <run_address>0x18380</run_address>
         <size>0xc</size>
      </object_component>
      <object_component id="oc-41a">
         <name>.cinit..bss.load</name>
         <load_address>0x18390</load_address>
         <run_address>0x18390</run_address>
         <size>0x8</size>
      </object_component>
      <object_component id="oc-418">
         <name>.cinit..vtable.load</name>
         <load_address>0x18398</load_address>
         <run_address>0x18398</run_address>
         <size>0x8</size>
      </object_component>
      <object_component id="oc-417">
         <name>__TI_cinit_table</name>
         <load_address>0x183a0</load_address>
         <run_address>0x183a0</run_address>
         <size>0x18</size>
      </object_component>
      <object_component id="oc-300">
         <name>.vtable</name>
         <uninitialized>true</uninitialized>
         <run_address>0x20000000</run_address>
         <size>0x26c</size>
         <input_file_ref idref="fl-10"/>
      </object_component>
      <object_component id="oc-b0">
         <name>.data</name>
         <load_address>0x2000092c</load_address>
         <run_address>0x2000092c</run_address>
         <size>0x3b</size>
         <input_file_ref idref="fl-3"/>
      </object_component>
      <object_component id="oc-284">
         <name>.data</name>
         <load_address>0x20000981</load_address>
         <run_address>0x20000981</run_address>
         <size>0x2</size>
         <input_file_ref idref="fl-5"/>
      </object_component>
      <object_component id="oc-1f0">
         <name>.data</name>
         <load_address>0x2000097c</load_address>
         <run_address>0x2000097c</run_address>
         <size>0x5</size>
         <input_file_ref idref="fl-8"/>
      </object_component>
      <object_component id="oc-1cf">
         <name>.data:$O1$$</name>
         <load_address>0x20000968</load_address>
         <run_address>0x20000968</run_address>
         <size>0xc</size>
         <input_file_ref idref="fl-d0"/>
      </object_component>
      <object_component id="oc-7b">
         <name>.data</name>
         <load_address>0x20000988</load_address>
         <run_address>0x20000988</run_address>
         <size>0x4</size>
         <input_file_ref idref="fl-d6"/>
      </object_component>
      <object_component id="oc-1d2">
         <name>.data:$O1$$</name>
         <load_address>0x20000974</load_address>
         <run_address>0x20000974</run_address>
         <size>0x8</size>
         <input_file_ref idref="fl-d8"/>
      </object_component>
      <object_component id="oc-3cc">
         <name>.data</name>
         <load_address>0x20000984</load_address>
         <run_address>0x20000984</run_address>
         <size>0x4</size>
         <input_file_ref idref="fl-ee"/>
      </object_component>
      <object_component id="oc-281">
         <name>.bss</name>
         <uninitialized>true</uninitialized>
         <run_address>0x20000924</run_address>
         <size>0x3</size>
         <input_file_ref idref="fl-5"/>
      </object_component>
      <object_component id="oc-262">
         <name>.bss:FatFs</name>
         <uninitialized>true</uninitialized>
         <run_address>0x2000091c</run_address>
         <size>0x4</size>
         <input_file_ref idref="fl-6"/>
      </object_component>
      <object_component id="oc-265">
         <name>.bss</name>
         <uninitialized>true</uninitialized>
         <run_address>0x20000928</run_address>
         <size>0x2</size>
         <input_file_ref idref="fl-6"/>
      </object_component>
      <object_component id="oc-f3">
         <name>.common:FatFs</name>
         <uninitialized>true</uninitialized>
         <run_address>0x2000066c</run_address>
         <size>0x234</size>
      </object_component>
      <object_component id="oc-199">
         <name>.common:logfile</name>
         <uninitialized>true</uninitialized>
         <run_address>0x200008cc</run_address>
         <size>0x28</size>
      </object_component>
      <object_component id="oc-cb">
         <name>.common:sCANMessage</name>
         <uninitialized>true</uninitialized>
         <run_address>0x200008f4</run_address>
         <size>0x14</size>
      </object_component>
      <object_component id="oc-f2">
         <name>.common:Val_ADC</name>
         <uninitialized>true</uninitialized>
         <run_address>0x200008a0</run_address>
         <size>0x2c</size>
      </object_component>
      <object_component id="oc-119">
         <name>.common:file_name</name>
         <uninitialized>true</uninitialized>
         <run_address>0x20000920</run_address>
         <size>0x4</size>
      </object_component>
      <object_component id="oc-112">
         <name>.common:texto</name>
         <uninitialized>true</uninitialized>
         <run_address>0x20000908</run_address>
         <size>0x14</size>
      </object_component>
      <object_component id="oc-2a">
         <name>.stack</name>
         <uninitialized>true</uninitialized>
         <run_address>0x2000026c</run_address>
         <size>0x0</size>
         <input_file_ref idref="fl-cc"/>
      </object_component>
      <object_component id="oc-41b">
         <name>.stack</name>
         <uninitialized>true</uninitialized>
         <run_address>0x2000026c</run_address>
         <size>0x0</size>
      </object_component>
      <object_component id="oc-237">
         <name>.debug_info</name>
         <load_address>0x0</load_address>
         <run_address>0x0</run_address>
         <size>0x1b0</size>
         <input_file_ref idref="fl-2"/>
      </object_component>
      <object_component id="oc-222">
         <name>.debug_info</name>
         <load_address>0x1b0</load_address>
         <run_address>0x1b0</run_address>
         <size>0x10e</size>
         <input_file_ref idref="fl-2"/>
      </object_component>
      <object_component id="oc-ba">
         <name>.debug_info</name>
         <load_address>0x2be</load_address>
         <run_address>0x2be</run_address>
         <size>0x16e4</size>
         <input_file_ref idref="fl-2"/>
      </object_component>
      <object_component id="oc-238">
         <name>.debug_info</name>
         <load_address>0x19a2</load_address>
         <run_address>0x19a2</run_address>
         <size>0x1b3</size>
         <input_file_ref idref="fl-2"/>
      </object_component>
      <object_component id="oc-1a0">
         <name>.debug_info</name>
         <load_address>0x1b55</load_address>
         <run_address>0x1b55</run_address>
         <size>0x8b</size>
         <input_file_ref idref="fl-2"/>
      </object_component>
      <object_component id="oc-19b">
         <name>.debug_info</name>
         <load_address>0x1be0</load_address>
         <run_address>0x1be0</run_address>
         <size>0x18b</size>
         <input_file_ref idref="fl-2"/>
      </object_component>
      <object_component id="oc-cc">
         <name>.debug_info</name>
         <load_address>0x1d6b</load_address>
         <run_address>0x1d6b</run_address>
         <size>0xeeb</size>
         <input_file_ref idref="fl-3"/>
      </object_component>
      <object_component id="oc-b1">
         <name>.debug_info</name>
         <load_address>0x2c56</load_address>
         <run_address>0x2c56</run_address>
         <size>0x422</size>
         <input_file_ref idref="fl-3"/>
      </object_component>
      <object_component id="oc-32">
         <name>.debug_info</name>
         <load_address>0x3078</load_address>
         <run_address>0x3078</run_address>
         <size>0x1680</size>
         <input_file_ref idref="fl-3"/>
      </object_component>
      <object_component id="oc-248">
         <name>.debug_info</name>
         <load_address>0x46f8</load_address>
         <run_address>0x46f8</run_address>
         <size>0x511</size>
         <input_file_ref idref="fl-3"/>
      </object_component>
      <object_component id="oc-24d">
         <name>.debug_info</name>
         <load_address>0x4c09</load_address>
         <run_address>0x4c09</run_address>
         <size>0xe4</size>
         <input_file_ref idref="fl-3"/>
      </object_component>
      <object_component id="oc-26a">
         <name>.debug_info</name>
         <load_address>0x4ced</load_address>
         <run_address>0x4ced</run_address>
         <size>0x70</size>
         <input_file_ref idref="fl-3"/>
      </object_component>
      <object_component id="oc-215">
         <name>.debug_info</name>
         <load_address>0x4d5d</load_address>
         <run_address>0x4d5d</run_address>
         <size>0x4e</size>
         <input_file_ref idref="fl-3"/>
      </object_component>
      <object_component id="oc-39">
         <name>.debug_info</name>
         <load_address>0x4dab</load_address>
         <run_address>0x4dab</run_address>
         <size>0x1e9</size>
         <input_file_ref idref="fl-4"/>
      </object_component>
      <object_component id="oc-10">
         <name>.debug_info</name>
         <load_address>0x4f94</load_address>
         <run_address>0x4f94</run_address>
         <size>0x118</size>
         <input_file_ref idref="fl-4"/>
      </object_component>
      <object_component id="oc-2c">
         <name>.debug_info</name>
         <load_address>0x50ac</load_address>
         <run_address>0x50ac</run_address>
         <size>0x295</size>
         <input_file_ref idref="fl-4"/>
      </object_component>
      <object_component id="oc-40">
         <name>.debug_info</name>
         <load_address>0x5341</load_address>
         <run_address>0x5341</run_address>
         <size>0x84</size>
         <input_file_ref idref="fl-4"/>
      </object_component>
      <object_component id="oc-28e">
         <name>.debug_info</name>
         <load_address>0x53c5</load_address>
         <run_address>0x53c5</run_address>
         <size>0x398</size>
         <input_file_ref idref="fl-5"/>
      </object_component>
      <object_component id="oc-285">
         <name>.debug_info</name>
         <load_address>0x575d</load_address>
         <run_address>0x575d</run_address>
         <size>0x11d</size>
         <input_file_ref idref="fl-5"/>
      </object_component>
      <object_component id="oc-282">
         <name>.debug_info</name>
         <load_address>0x587a</load_address>
         <run_address>0x587a</run_address>
         <size>0x13b</size>
         <input_file_ref idref="fl-5"/>
      </object_component>
      <object_component id="oc-121">
         <name>.debug_info</name>
         <load_address>0x59b5</load_address>
         <run_address>0x59b5</run_address>
         <size>0x14e8</size>
         <input_file_ref idref="fl-5"/>
      </object_component>
      <object_component id="oc-269">
         <name>.debug_info</name>
         <load_address>0x6e9d</load_address>
         <run_address>0x6e9d</run_address>
         <size>0x3a8</size>
         <input_file_ref idref="fl-6"/>
      </object_component>
      <object_component id="oc-263">
         <name>.debug_info</name>
         <load_address>0x7245</load_address>
         <run_address>0x7245</run_address>
         <size>0xfa</size>
         <input_file_ref idref="fl-6"/>
      </object_component>
      <object_component id="oc-266">
         <name>.debug_info</name>
         <load_address>0x733f</load_address>
         <run_address>0x733f</run_address>
         <size>0xf8</size>
         <input_file_ref idref="fl-6"/>
      </object_component>
      <object_component id="oc-25a">
         <name>.debug_info</name>
         <load_address>0x7437</load_address>
         <run_address>0x7437</run_address>
         <size>0xfc</size>
         <input_file_ref idref="fl-6"/>
      </object_component>
      <object_component id="oc-f8">
         <name>.debug_info</name>
         <load_address>0x7533</load_address>
         <run_address>0x7533</run_address>
         <size>0x409a</size>
         <input_file_ref idref="fl-6"/>
      </object_component>
      <object_component id="oc-26f">
         <name>.debug_info</name>
         <load_address>0xb5cd</load_address>
         <run_address>0xb5cd</run_address>
         <size>0x8c</size>
         <input_file_ref idref="fl-6"/>
      </object_component>
      <object_component id="oc-321">
         <name>.debug_info</name>
         <load_address>0xb659</load_address>
         <run_address>0xb659</run_address>
         <size>0x16e</size>
         <input_file_ref idref="fl-7"/>
      </object_component>
      <object_component id="oc-31c">
         <name>.debug_info</name>
         <load_address>0xb7c7</load_address>
         <run_address>0xb7c7</run_address>
         <size>0x109</size>
         <input_file_ref idref="fl-7"/>
      </object_component>
      <object_component id="oc-319">
         <name>.debug_info</name>
         <load_address>0xb8d0</load_address>
         <run_address>0xb8d0</run_address>
         <size>0x10a</size>
         <input_file_ref idref="fl-7"/>
      </object_component>
      <object_component id="oc-25d">
         <name>.debug_info</name>
         <load_address>0xb9da</load_address>
         <run_address>0xb9da</run_address>
         <size>0x2d6</size>
         <input_file_ref idref="fl-7"/>
      </object_component>
      <object_component id="oc-214">
         <name>.debug_info</name>
         <load_address>0xbcb0</load_address>
         <run_address>0xbcb0</run_address>
         <size>0x28c</size>
         <input_file_ref idref="fl-8"/>
      </object_component>
      <object_component id="oc-1f1">
         <name>.debug_info</name>
         <load_address>0xbf3c</load_address>
         <run_address>0xbf3c</run_address>
         <size>0x129</size>
         <input_file_ref idref="fl-8"/>
      </object_component>
      <object_component id="oc-211">
         <name>.debug_info</name>
         <load_address>0xc065</load_address>
         <run_address>0xc065</run_address>
         <size>0x123</size>
         <input_file_ref idref="fl-8"/>
      </object_component>
      <object_component id="oc-1ee">
         <name>.debug_info</name>
         <load_address>0xc188</load_address>
         <run_address>0xc188</run_address>
         <size>0x131</size>
         <input_file_ref idref="fl-8"/>
      </object_component>
      <object_component id="oc-1e5">
         <name>.debug_info</name>
         <load_address>0xc2b9</load_address>
         <run_address>0xc2b9</run_address>
         <size>0x135</size>
         <input_file_ref idref="fl-8"/>
      </object_component>
      <object_component id="oc-9b">
         <name>.debug_info</name>
         <load_address>0xc3ee</load_address>
         <run_address>0xc3ee</run_address>
         <size>0x98e</size>
         <input_file_ref idref="fl-8"/>
      </object_component>
      <object_component id="oc-130">
         <name>.debug_info</name>
         <load_address>0xcd7c</load_address>
         <run_address>0xcd7c</run_address>
         <size>0x225</size>
         <input_file_ref idref="fl-e"/>
      </object_component>
      <object_component id="oc-1e0">
         <name>.debug_info</name>
         <load_address>0xcfa1</load_address>
         <run_address>0xcfa1</run_address>
         <size>0x230</size>
         <input_file_ref idref="fl-f"/>
      </object_component>
      <object_component id="oc-1dd">
         <name>.debug_info</name>
         <load_address>0xd1d1</load_address>
         <run_address>0xd1d1</run_address>
         <size>0x15b</size>
         <input_file_ref idref="fl-f"/>
      </object_component>
      <object_component id="oc-9f">
         <name>.debug_info</name>
         <load_address>0xd32c</load_address>
         <run_address>0xd32c</run_address>
         <size>0x2a3</size>
         <input_file_ref idref="fl-f"/>
      </object_component>
      <object_component id="oc-164">
         <name>.debug_info</name>
         <load_address>0xd5cf</load_address>
         <run_address>0xd5cf</run_address>
         <size>0x2b3</size>
         <input_file_ref idref="fl-f"/>
      </object_component>
      <object_component id="oc-15e">
         <name>.debug_info</name>
         <load_address>0xd882</load_address>
         <run_address>0xd882</run_address>
         <size>0x316</size>
         <input_file_ref idref="fl-f"/>
      </object_component>
      <object_component id="oc-8d">
         <name>.debug_info</name>
         <load_address>0xdb98</load_address>
         <run_address>0xdb98</run_address>
         <size>0x27b</size>
         <input_file_ref idref="fl-f"/>
      </object_component>
      <object_component id="oc-14c">
         <name>.debug_info</name>
         <load_address>0xde13</load_address>
         <run_address>0xde13</run_address>
         <size>0x27d</size>
         <input_file_ref idref="fl-f"/>
      </object_component>
      <object_component id="oc-158">
         <name>.debug_info</name>
         <load_address>0xe090</load_address>
         <run_address>0xe090</run_address>
         <size>0x279</size>
         <input_file_ref idref="fl-f"/>
      </object_component>
      <object_component id="oc-152">
         <name>.debug_info</name>
         <load_address>0xe309</load_address>
         <run_address>0xe309</run_address>
         <size>0x2b7</size>
         <input_file_ref idref="fl-f"/>
      </object_component>
      <object_component id="oc-170">
         <name>.debug_info</name>
         <load_address>0xe5c0</load_address>
         <run_address>0xe5c0</run_address>
         <size>0x285</size>
         <input_file_ref idref="fl-f"/>
      </object_component>
      <object_component id="oc-16a">
         <name>.debug_info</name>
         <load_address>0xe845</load_address>
         <run_address>0xe845</run_address>
         <size>0x279</size>
         <input_file_ref idref="fl-f"/>
      </object_component>
      <object_component id="oc-87">
         <name>.debug_info</name>
         <load_address>0xeabe</load_address>
         <run_address>0xeabe</run_address>
         <size>0x280</size>
         <input_file_ref idref="fl-f"/>
      </object_component>
      <object_component id="oc-182">
         <name>.debug_info</name>
         <load_address>0xed3e</load_address>
         <run_address>0xed3e</run_address>
         <size>0x2bb</size>
         <input_file_ref idref="fl-f"/>
      </object_component>
      <object_component id="oc-101">
         <name>.debug_info</name>
         <load_address>0xeff9</load_address>
         <run_address>0xeff9</run_address>
         <size>0x27f</size>
         <input_file_ref idref="fl-f"/>
      </object_component>
      <object_component id="oc-188">
         <name>.debug_info</name>
         <load_address>0xf278</load_address>
         <run_address>0xf278</run_address>
         <size>0x28f</size>
         <input_file_ref idref="fl-f"/>
      </object_component>
      <object_component id="oc-17c">
         <name>.debug_info</name>
         <load_address>0xf507</load_address>
         <run_address>0xf507</run_address>
         <size>0x291</size>
         <input_file_ref idref="fl-f"/>
      </object_component>
      <object_component id="oc-107">
         <name>.debug_info</name>
         <load_address>0xf798</load_address>
         <run_address>0xf798</run_address>
         <size>0x28d</size>
         <input_file_ref idref="fl-f"/>
      </object_component>
      <object_component id="oc-245">
         <name>.debug_info</name>
         <load_address>0xfa25</load_address>
         <run_address>0xfa25</run_address>
         <size>0x20e</size>
         <input_file_ref idref="fl-10"/>
      </object_component>
      <object_component id="oc-242">
         <name>.debug_info</name>
         <load_address>0xfc33</load_address>
         <run_address>0xfc33</run_address>
         <size>0x210</size>
         <input_file_ref idref="fl-10"/>
      </object_component>
      <object_component id="oc-29e">
         <name>.debug_info</name>
         <load_address>0xfe43</load_address>
         <run_address>0xfe43</run_address>
         <size>0x14e</size>
         <input_file_ref idref="fl-10"/>
      </object_component>
      <object_component id="oc-301">
         <name>.debug_info</name>
         <load_address>0xff91</load_address>
         <run_address>0xff91</run_address>
         <size>0x157</size>
         <input_file_ref idref="fl-10"/>
      </object_component>
      <object_component id="oc-306">
         <name>.debug_info</name>
         <load_address>0x100e8</load_address>
         <run_address>0x100e8</run_address>
         <size>0x225</size>
         <input_file_ref idref="fl-10"/>
      </object_component>
      <object_component id="oc-231">
         <name>.debug_info</name>
         <load_address>0x1030d</load_address>
         <run_address>0x1030d</run_address>
         <size>0x270</size>
         <input_file_ref idref="fl-10"/>
      </object_component>
      <object_component id="oc-225">
         <name>.debug_info</name>
         <load_address>0x1057d</load_address>
         <run_address>0x1057d</run_address>
         <size>0x2c1</size>
         <input_file_ref idref="fl-10"/>
      </object_component>
      <object_component id="oc-176">
         <name>.debug_info</name>
         <load_address>0x1083e</load_address>
         <run_address>0x1083e</run_address>
         <size>0x2c9</size>
         <input_file_ref idref="fl-10"/>
      </object_component>
      <object_component id="oc-196">
         <name>.debug_info</name>
         <load_address>0x10b07</load_address>
         <run_address>0x10b07</run_address>
         <size>0x23e</size>
         <input_file_ref idref="fl-10"/>
      </object_component>
      <object_component id="oc-c9">
         <name>.debug_info</name>
         <load_address>0x10d45</load_address>
         <run_address>0x10d45</run_address>
         <size>0x268</size>
         <input_file_ref idref="fl-10"/>
      </object_component>
      <object_component id="oc-22e">
         <name>.debug_info</name>
         <load_address>0x10fad</load_address>
         <run_address>0x10fad</run_address>
         <size>0x26a</size>
         <input_file_ref idref="fl-10"/>
      </object_component>
      <object_component id="oc-21c">
         <name>.debug_info</name>
         <load_address>0x11217</load_address>
         <run_address>0x11217</run_address>
         <size>0x21c</size>
         <input_file_ref idref="fl-11"/>
      </object_component>
      <object_component id="oc-ee">
         <name>.debug_info</name>
         <load_address>0x11433</load_address>
         <run_address>0x11433</run_address>
         <size>0x242</size>
         <input_file_ref idref="fl-11"/>
      </object_component>
      <object_component id="oc-289">
         <name>.debug_info</name>
         <load_address>0x11675</load_address>
         <run_address>0x11675</run_address>
         <size>0x244</size>
         <input_file_ref idref="fl-11"/>
      </object_component>
      <object_component id="oc-a7">
         <name>.debug_info</name>
         <load_address>0x118b9</load_address>
         <run_address>0x118b9</run_address>
         <size>0x276</size>
         <input_file_ref idref="fl-11"/>
      </object_component>
      <object_component id="oc-b5">
         <name>.debug_info</name>
         <load_address>0x11b2f</load_address>
         <run_address>0x11b2f</run_address>
         <size>0x27a</size>
         <input_file_ref idref="fl-11"/>
      </object_component>
      <object_component id="oc-e8">
         <name>.debug_info</name>
         <load_address>0x11da9</load_address>
         <run_address>0x11da9</run_address>
         <size>0x3d9</size>
         <input_file_ref idref="fl-11"/>
      </object_component>
      <object_component id="oc-ab">
         <name>.debug_info</name>
         <load_address>0x12182</load_address>
         <run_address>0x12182</run_address>
         <size>0x242</size>
         <input_file_ref idref="fl-11"/>
      </object_component>
      <object_component id="oc-1db">
         <name>.debug_info</name>
         <load_address>0x123c4</load_address>
         <run_address>0x123c4</run_address>
         <size>0x298</size>
         <input_file_ref idref="fl-12"/>
      </object_component>
      <object_component id="oc-23e">
         <name>.debug_info</name>
         <load_address>0x1265c</load_address>
         <run_address>0x1265c</run_address>
         <size>0x14d</size>
         <input_file_ref idref="fl-12"/>
      </object_component>
      <object_component id="oc-1ea">
         <name>.debug_info</name>
         <load_address>0x127a9</load_address>
         <run_address>0x127a9</run_address>
         <size>0x283</size>
         <input_file_ref idref="fl-12"/>
      </object_component>
      <object_component id="oc-83">
         <name>.debug_info</name>
         <load_address>0x12a2c</load_address>
         <run_address>0x12a2c</run_address>
         <size>0x27d</size>
         <input_file_ref idref="fl-12"/>
      </object_component>
      <object_component id="oc-134">
         <name>.debug_info</name>
         <load_address>0x12ca9</load_address>
         <run_address>0x12ca9</run_address>
         <size>0x2db</size>
         <input_file_ref idref="fl-12"/>
      </object_component>
      <object_component id="oc-c1">
         <name>.debug_info</name>
         <load_address>0x12f84</load_address>
         <run_address>0x12f84</run_address>
         <size>0x2b5</size>
         <input_file_ref idref="fl-12"/>
      </object_component>
      <object_component id="oc-2d4">
         <name>.debug_info</name>
         <load_address>0x13239</load_address>
         <run_address>0x13239</run_address>
         <size>0x5f</size>
         <input_file_ref idref="fl-12"/>
      </object_component>
      <object_component id="oc-293">
         <name>.debug_info</name>
         <load_address>0x13298</load_address>
         <run_address>0x13298</run_address>
         <size>0x19d</size>
         <input_file_ref idref="fl-13"/>
      </object_component>
      <object_component id="oc-13c">
         <name>.debug_info</name>
         <load_address>0x13435</load_address>
         <run_address>0x13435</run_address>
         <size>0x261</size>
         <input_file_ref idref="fl-13"/>
      </object_component>
      <object_component id="oc-147">
         <name>.debug_info</name>
         <load_address>0x13696</load_address>
         <run_address>0x13696</run_address>
         <size>0x227</size>
         <input_file_ref idref="fl-13"/>
      </object_component>
      <object_component id="oc-141">
         <name>.debug_info</name>
         <load_address>0x138bd</load_address>
         <run_address>0x138bd</run_address>
         <size>0x221</size>
         <input_file_ref idref="fl-13"/>
      </object_component>
      <object_component id="oc-253">
         <name>.debug_info</name>
         <load_address>0x13ade</load_address>
         <run_address>0x13ade</run_address>
         <size>0x223</size>
         <input_file_ref idref="fl-14"/>
      </object_component>
      <object_component id="oc-fb">
         <name>.debug_info</name>
         <load_address>0x13d01</load_address>
         <run_address>0x13d01</run_address>
         <size>0x28a</size>
         <input_file_ref idref="fl-14"/>
      </object_component>
      <object_component id="oc-e2">
         <name>.debug_info</name>
         <load_address>0x13f8b</load_address>
         <run_address>0x13f8b</run_address>
         <size>0x2ba</size>
         <input_file_ref idref="fl-14"/>
      </object_component>
      <object_component id="oc-18f">
         <name>.debug_info</name>
         <load_address>0x14245</load_address>
         <run_address>0x14245</run_address>
         <size>0x294</size>
         <input_file_ref idref="fl-14"/>
      </object_component>
      <object_component id="oc-128">
         <name>.debug_info</name>
         <load_address>0x144d9</load_address>
         <run_address>0x144d9</run_address>
         <size>0x292</size>
         <input_file_ref idref="fl-14"/>
      </object_component>
      <object_component id="oc-11c">
         <name>.debug_info</name>
         <load_address>0x1476b</load_address>
         <run_address>0x1476b</run_address>
         <size>0x27f</size>
         <input_file_ref idref="fl-14"/>
      </object_component>
      <object_component id="oc-10e">
         <name>.debug_info</name>
         <load_address>0x149ea</load_address>
         <run_address>0x149ea</run_address>
         <size>0x281</size>
         <input_file_ref idref="fl-14"/>
      </object_component>
      <object_component id="oc-dc">
         <name>.debug_info</name>
         <load_address>0x14c6b</load_address>
         <run_address>0x14c6b</run_address>
         <size>0x2c4</size>
         <input_file_ref idref="fl-14"/>
      </object_component>
      <object_component id="oc-d6">
         <name>.debug_info</name>
         <load_address>0x14f2f</load_address>
         <run_address>0x14f2f</run_address>
         <size>0x28c</size>
         <input_file_ref idref="fl-14"/>
      </object_component>
      <object_component id="oc-d0">
         <name>.debug_info</name>
         <load_address>0x151bb</load_address>
         <run_address>0x151bb</run_address>
         <size>0x296</size>
         <input_file_ref idref="fl-14"/>
      </object_component>
      <object_component id="oc-1e3">
         <name>.debug_info</name>
         <load_address>0x15451</load_address>
         <run_address>0x15451</run_address>
         <size>0x227</size>
         <input_file_ref idref="fl-15"/>
      </object_component>
      <object_component id="oc-1fa">
         <name>.debug_info</name>
         <load_address>0x15678</load_address>
         <run_address>0x15678</run_address>
         <size>0x247</size>
         <input_file_ref idref="fl-15"/>
      </object_component>
      <object_component id="oc-2e7">
         <name>.debug_info</name>
         <load_address>0x158bf</load_address>
         <run_address>0x158bf</run_address>
         <size>0x249</size>
         <input_file_ref idref="fl-15"/>
      </object_component>
      <object_component id="oc-1f4">
         <name>.debug_info</name>
         <load_address>0x15b08</load_address>
         <run_address>0x15b08</run_address>
         <size>0x326</size>
         <input_file_ref idref="fl-15"/>
      </object_component>
      <object_component id="oc-93">
         <name>.debug_info</name>
         <load_address>0x15e2e</load_address>
         <run_address>0x15e2e</run_address>
         <size>0x291</size>
         <input_file_ref idref="fl-15"/>
      </object_component>
      <object_component id="oc-200">
         <name>.debug_info</name>
         <load_address>0x160bf</load_address>
         <run_address>0x160bf</run_address>
         <size>0x273</size>
         <input_file_ref idref="fl-15"/>
      </object_component>
      <object_component id="oc-206">
         <name>.debug_info</name>
         <load_address>0x16332</load_address>
         <run_address>0x16332</run_address>
         <size>0x24d</size>
         <input_file_ref idref="fl-15"/>
      </object_component>
      <object_component id="oc-2a8">
         <name>.debug_info</name>
         <load_address>0x1657f</load_address>
         <run_address>0x1657f</run_address>
         <size>0x212</size>
         <input_file_ref idref="fl-16"/>
      </object_component>
      <object_component id="oc-25">
         <name>.debug_info</name>
         <load_address>0x16791</load_address>
         <run_address>0x16791</run_address>
         <size>0x160</size>
         <input_file_ref idref="fl-cc"/>
      </object_component>
      <object_component id="oc-1ac">
         <name>.debug_info</name>
         <load_address>0x168f1</load_address>
         <run_address>0x168f1</run_address>
         <size>0xf9</size>
         <input_file_ref idref="fl-cd"/>
      </object_component>
      <object_component id="oc-15">
         <name>.debug_info</name>
         <load_address>0x169ea</load_address>
         <run_address>0x169ea</run_address>
         <size>0x245</size>
         <input_file_ref idref="fl-cd"/>
      </object_component>
      <object_component id="oc-3b">
         <name>.debug_info</name>
         <load_address>0x16c2f</load_address>
         <run_address>0x16c2f</run_address>
         <size>0x60</size>
         <input_file_ref idref="fl-cd"/>
      </object_component>
      <object_component id="oc-1a7">
         <name>.debug_info</name>
         <load_address>0x16c8f</load_address>
         <run_address>0x16c8f</run_address>
         <size>0x46</size>
         <input_file_ref idref="fl-cd"/>
      </object_component>
      <object_component id="oc-50">
         <name>.debug_info</name>
         <load_address>0x16cd5</load_address>
         <run_address>0x16cd5</run_address>
         <size>0x140</size>
         <input_file_ref idref="fl-ce"/>
      </object_component>
      <object_component id="oc-1a">
         <name>.debug_info</name>
         <load_address>0x16e15</load_address>
         <run_address>0x16e15</run_address>
         <size>0x1df</size>
         <input_file_ref idref="fl-ce"/>
      </object_component>
      <object_component id="oc-4b">
         <name>.debug_info</name>
         <load_address>0x16ff4</load_address>
         <run_address>0x16ff4</run_address>
         <size>0x46</size>
         <input_file_ref idref="fl-ce"/>
      </object_component>
      <object_component id="oc-1ae">
         <name>.debug_info</name>
         <load_address>0x1703a</load_address>
         <run_address>0x1703a</run_address>
         <size>0x2c</size>
         <input_file_ref idref="fl-ce"/>
      </object_component>
      <object_component id="oc-5c">
         <name>.debug_info</name>
         <load_address>0x17066</load_address>
         <run_address>0x17066</run_address>
         <size>0x12f</size>
         <input_file_ref idref="fl-cf"/>
      </object_component>
      <object_component id="oc-22">
         <name>.debug_info</name>
         <load_address>0x17195</load_address>
         <run_address>0x17195</run_address>
         <size>0x1aa</size>
         <input_file_ref idref="fl-cf"/>
      </object_component>
      <object_component id="oc-57">
         <name>.debug_info</name>
         <load_address>0x1733f</load_address>
         <run_address>0x1733f</run_address>
         <size>0x46</size>
         <input_file_ref idref="fl-cf"/>
      </object_component>
      <object_component id="oc-1b6">
         <name>.debug_info</name>
         <load_address>0x17385</load_address>
         <run_address>0x17385</run_address>
         <size>0x2c</size>
         <input_file_ref idref="fl-cf"/>
      </object_component>
      <object_component id="oc-1d6">
         <name>.debug_info</name>
         <load_address>0x173b1</load_address>
         <run_address>0x173b1</run_address>
         <size>0x234</size>
         <input_file_ref idref="fl-d0"/>
      </object_component>
      <object_component id="oc-1d0">
         <name>.debug_info</name>
         <load_address>0x175e5</load_address>
         <run_address>0x175e5</run_address>
         <size>0x185</size>
         <input_file_ref idref="fl-d0"/>
      </object_component>
      <object_component id="oc-79">
         <name>.debug_info</name>
         <load_address>0x1776a</load_address>
         <run_address>0x1776a</run_address>
         <size>0x214</size>
         <input_file_ref idref="fl-d0"/>
      </object_component>
      <object_component id="oc-46">
         <name>.debug_info</name>
         <load_address>0x1797e</load_address>
         <run_address>0x1797e</run_address>
         <size>0x111</size>
         <input_file_ref idref="fl-d1"/>
      </object_component>
      <object_component id="oc-53">
         <name>.debug_info</name>
         <load_address>0x17a8f</load_address>
         <run_address>0x17a8f</run_address>
         <size>0x13f</size>
         <input_file_ref idref="fl-d2"/>
      </object_component>
      <object_component id="oc-60">
         <name>.debug_info</name>
         <load_address>0x17bce</load_address>
         <run_address>0x17bce</run_address>
         <size>0x138</size>
         <input_file_ref idref="fl-d3"/>
      </object_component>
      <object_component id="oc-65">
         <name>.debug_info</name>
         <load_address>0x17d06</load_address>
         <run_address>0x17d06</run_address>
         <size>0x148</size>
         <input_file_ref idref="fl-d4"/>
      </object_component>
      <object_component id="oc-27f">
         <name>.debug_info</name>
         <load_address>0x17e4e</load_address>
         <run_address>0x17e4e</run_address>
         <size>0x1bb</size>
         <input_file_ref idref="fl-d5"/>
      </object_component>
      <object_component id="oc-116">
         <name>.debug_info</name>
         <load_address>0x18009</load_address>
         <run_address>0x18009</run_address>
         <size>0x2e4</size>
         <input_file_ref idref="fl-d5"/>
      </object_component>
      <object_component id="oc-386">
         <name>.debug_info</name>
         <load_address>0x182ed</load_address>
         <run_address>0x182ed</run_address>
         <size>0x2c</size>
         <input_file_ref idref="fl-d5"/>
      </object_component>
      <object_component id="oc-7c">
         <name>.debug_info</name>
         <load_address>0x18319</load_address>
         <run_address>0x18319</run_address>
         <size>0x109</size>
         <input_file_ref idref="fl-d6"/>
      </object_component>
      <object_component id="oc-20c">
         <name>.debug_info</name>
         <load_address>0x18422</load_address>
         <run_address>0x18422</run_address>
         <size>0x13a</size>
         <input_file_ref idref="fl-d7"/>
      </object_component>
      <object_component id="oc-2ce">
         <name>.debug_info</name>
         <load_address>0x1855c</load_address>
         <run_address>0x1855c</run_address>
         <size>0x124</size>
         <input_file_ref idref="fl-d8"/>
      </object_component>
      <object_component id="oc-1d3">
         <name>.debug_info</name>
         <load_address>0x18680</load_address>
         <run_address>0x18680</run_address>
         <size>0x113</size>
         <input_file_ref idref="fl-d8"/>
      </object_component>
      <object_component id="oc-2c8">
         <name>.debug_info</name>
         <load_address>0x18793</load_address>
         <run_address>0x18793</run_address>
         <size>0x21f</size>
         <input_file_ref idref="fl-d8"/>
      </object_component>
      <object_component id="oc-37b">
         <name>.debug_info</name>
         <load_address>0x189b2</load_address>
         <run_address>0x189b2</run_address>
         <size>0x385</size>
         <input_file_ref idref="fl-d9"/>
      </object_component>
      <object_component id="oc-279">
         <name>.debug_info</name>
         <load_address>0x18d37</load_address>
         <run_address>0x18d37</run_address>
         <size>0x1543</size>
         <input_file_ref idref="fl-d9"/>
[...]
         <name>ff_wtoupper</name>
         <value>0x16bb1</value>
         <object_component_ref idref="oc-25c"/>
      </symbol>
      <symbol id="sm-5c6">
         <name>UARTgetc</name>
         <value>0x16761</value>
         <object_component_ref idref="oc-98"/>
      </symbol>
      <symbol id="sm-5c7">
         <name>UARTgets</name>
         <value>0x16679</value>
         <object_component_ref idref="oc-98"/>
      </symbol>
      <symbol id="sm-5c8">
         <name>UARTStdioConfig</name>
         <value>0x165a9</value>
         <object_component_ref idref="oc-98"/>
      </symbol>
      <symbol id="sm-5c9">
         <name>UARTwrite</name>
         <value>0x16619</value>
         <object_component_ref idref="oc-98"/>
      </symbol>
      <symbol id="sm-5ca">
         <name>UARTprintf</name>
         <value>0x16ac1</value>
         <object_component_ref idref="oc-98"/>
      </symbol>
      <symbol id="sm-5cb">
         <name>UARTvprintf</name>
         <value>0x16781</value>
         <object_component_ref idref="oc-98"/>
      </symbol>
      <symbol id="sm-5d7">
         <name>FPULazyStackingEnable</name>
         <value>0x18261</value>
         <object_component_ref idref="oc-12c"/>
      </symbol>
      <symbol id="sm-661">
         <name>GPIOPinConfigure</name>
         <value>0x17e2d</value>
         <object_component_ref idref="oc-86"/>
      </symbol>
      <symbol id="sm-662">
         <name>GPIOIntDisable</name>
         <value>0x18291</value>
         <object_component_ref idref="oc-17b"/>
      </symbol>
      <symbol id="sm-663">
         <name>GPIOIntEnable</name>
         <value>0x182d5</value>
         <object_component_ref idref="oc-187"/>
      </symbol>
      <symbol id="sm-664">
         <name>GPIOIntTypeSet</name>
         <value>0x17c41</value>
         <object_component_ref idref="oc-181"/>
      </symbol>
      <symbol id="sm-665">
         <name>GPIOPinTypeGPIOInput</name>
         <value>0x18207</value>
         <object_component_ref idref="oc-16f"/>
      </symbol>
      <symbol id="sm-666">
         <name>GPIOIntClear</name>
         <value>0x14eeb</value>
         <object_component_ref idref="oc-106"/>
      </symbol>
      <symbol id="sm-667">
         <name>GPIOPinTypeUART</name>
         <value>0x1823d</value>
         <object_component_ref idref="oc-8c"/>
      </symbol>
      <symbol id="sm-668">
         <name>GPIOIntStatus</name>
         <value>0x1829f</value>
         <object_component_ref idref="oc-100"/>
      </symbol>
      <symbol id="sm-669">
         <name>GPIOPinTypeGPIOOutput</name>
         <value>0x180f3</value>
         <object_component_ref idref="oc-151"/>
      </symbol>
      <symbol id="sm-66a">
         <name>GPIODirModeSet</name>
         <value>0x1804f</value>
         <object_component_ref idref="oc-163"/>
      </symbol>
      <symbol id="sm-66b">
         <name>GPIOPinWrite</name>
         <value>0x165a3</value>
         <object_component_ref idref="oc-9e"/>
      </symbol>
      <symbol id="sm-66c">
         <name>GPIOPadConfigSet</name>
         <value>0x17221</value>
         <object_component_ref idref="oc-15d"/>
      </symbol>
      <symbol id="sm-66d">
         <name>GPIOPinTypeSSI</name>
         <value>0x18219</value>
         <object_component_ref idref="oc-157"/>
      </symbol>
      <symbol id="sm-66e">
         <name>GPIOPinTypeTimer</name>
         <value>0x1822b</value>
         <object_component_ref idref="oc-14b"/>
      </symbol>
      <symbol id="sm-66f">
         <name>GPIOPinTypeCAN</name>
         <value>0x181f5</value>
         <object_component_ref idref="oc-169"/>
      </symbol>
      <symbol id="sm-6ea">
         <name>IntPrioritySet</name>
         <value>0x18079</value>
         <object_component_ref idref="oc-175"/>
      </symbol>
      <symbol id="sm-6eb">
         <name>IntEnable</name>
         <value>0x17a4d</value>
         <object_component_ref idref="oc-c5"/>
      </symbol>
      <symbol id="sm-6ec">
         <name>IntDisable</name>
         <value>0x179e5</value>
         <object_component_ref idref="oc-22a"/>
      </symbol>
      <symbol id="sm-6ed">
         <name>IntRegister</name>
         <value>0x17fb9</value>
         <object_component_ref idref="oc-224"/>
      </symbol>
      <symbol id="sm-6ee">
         <name>IntUnregister</name>
         <value>0x18169</value>
         <object_component_ref idref="oc-230"/>
      </symbol>
      <symbol id="sm-6ef">
         <name>g_pfnRAMVectors</name>
         <value>0x20000000</value>
         <object_component_ref idref="oc-300"/>
      </symbol>
      <symbol id="sm-6f0">
         <name>IntMasterEnable</name>
         <value>0x18271</value>
         <object_component_ref idref="oc-193"/>
      </symbol>
      <symbol id="sm-728">
         <name>SSIDataPut</name>
         <value>0x182f9</value>
         <object_component_ref idref="oc-a4"/>
      </symbol>
      <symbol id="sm-729">
         <name>SSIDataGet</name>
         <value>0x182e1</value>
         <object_component_ref idref="oc-b3"/>
      </symbol>
      <symbol id="sm-72a">
         <name>SSIConfigSetExpClk</name>
         <value>0x17f43</value>
         <object_component_ref idref="oc-e6"/>
      </symbol>
      <symbol id="sm-72b">
         <name>SSIEnable</name>
         <value>0x1830d</value>
         <object_component_ref idref="oc-ec"/>
      </symbol>
      <symbol id="sm-72c">
         <name>SSIBusy</name>
         <value>0x18335</value>
         <object_component_ref idref="oc-aa"/>
      </symbol>
      <symbol id="sm-72d">
         <name>SSIDisable</name>
         <value>0x18303</value>
         <object_component_ref idref="oc-287"/>
      </symbol>
      <symbol id="sm-78a">
         <name>SysCtlPeripheralPresent</name>
         <value>0x17f81</value>
         <object_component_ref idref="oc-1e7"/>
      </symbol>
      <symbol id="sm-78b">
         <name>SysCtlClockSet</name>
         <value>0x1765d</value>
         <object_component_ref idref="oc-132"/>
      </symbol>
      <symbol id="sm-78c">
         <name>SysCtlDelay</name>
         <value>0x18345</value>
         <object_component_ref idref="oc-138"/>
      </symbol>
      <symbol id="sm-78d">
         <name>SysCtlPeripheralEnable</name>
         <value>0x17fed</value>
         <object_component_ref idref="oc-80"/>
      </symbol>
      <symbol id="sm-78e">
         <name>SysCtlClockGet</name>
         <value>0x17355</value>
         <object_component_ref idref="oc-bf"/>
      </symbol>
      <symbol id="sm-7b1">
         <name>SysTickEnable</name>
         <value>0x1817d</value>
         <object_component_ref idref="oc-13f"/>
      </symbol>
      <symbol id="sm-7b2">
         <name>SysTickIntEnable</name>
         <value>0x18191</value>
         <object_component_ref idref="oc-145"/>
      </symbol>
      <symbol id="sm-7b3">
         <name>SysTickPeriodSet</name>
         <value>0x18281</value>
         <object_component_ref idref="oc-139"/>
      </symbol>
      <symbol id="sm-809">
         <name>TimerLoadSet</name>
         <value>0x1824f</value>
         <object_component_ref idref="oc-e0"/>
      </symbol>
      <symbol id="sm-80a">
         <name>TimerDisable</name>
         <value>0x1810d</value>
         <object_component_ref idref="oc-10c"/>
      </symbol>
      <symbol id="sm-80b">
         <name>TimerEnable</name>
         <value>0x182ad</value>
         <object_component_ref idref="oc-11a"/>
      </symbol>
      <symbol id="sm-80c">
         <name>TimerValueGet</name>
         <value>0x18317</value>
         <object_component_ref idref="oc-fa"/>
      </symbol>
      <symbol id="sm-80d">
         <name>TimerIntEnable</name>
         <value>0x1833d</value>
         <object_component_ref idref="oc-18d"/>
      </symbol>
      <symbol id="sm-80e">
         <name>TimerClockSourceSet</name>
         <value>0x1834b</value>
         <object_component_ref idref="oc-ce"/>
      </symbol>
      <symbol id="sm-80f">
         <name>TimerConfigure</name>
         <value>0x17b81</value>
         <object_component_ref idref="oc-d4"/>
      </symbol>
      <symbol id="sm-810">
         <name>TimerControlEvent</name>
         <value>0x1813d</value>
         <object_component_ref idref="oc-da"/>
      </symbol>
      <symbol id="sm-811">
         <name>TimerIntClear</name>
         <value>0x18357</value>
         <object_component_ref idref="oc-126"/>
      </symbol>
      <symbol id="sm-84c">
         <name>UARTConfigSetExpClk</name>
         <value>0x17ebd</value>
         <object_component_ref idref="oc-1f3"/>
      </symbol>
      <symbol id="sm-84d">
         <name>UARTDisable</name>
         <value>0x1809d</value>
         <object_component_ref idref="oc-2e6"/>
      </symbol>
      <symbol id="sm-84e">
         <name>UARTClockSourceSet</name>
         <value>0x18351</value>
         <object_component_ref idref="oc-92"/>
      </symbol>
      <symbol id="sm-84f">
         <name>UARTCharPut</name>
         <value>0x1832b</value>
         <object_component_ref idref="oc-1ff"/>
      </symbol>
      <symbol id="sm-850">
         <name>UARTEnable</name>
         <value>0x181a5</value>
         <object_component_ref idref="oc-1f9"/>
      </symbol>
      <symbol id="sm-851">
         <name>UARTCharGet</name>
         <value>0x18321</value>
         <object_component_ref idref="oc-205"/>
      </symbol>
      <symbol id="sm-85b">
         <name>CPUcpsie</name>
         <value>0x182c9</value>
         <object_component_ref idref="oc-2a5"/>
      </symbol>
      <symbol id="sm-86c">
         <name>_c_int00</name>
         <value>0x17ced</value>
         <object_component_ref idref="oc-24"/>
      </symbol>
      <symbol id="sm-86d">
         <name>__stack</name>
         <value>0x2000026c</value>
         <object_component_ref idref="oc-2a"/>
      </symbol>
      <symbol id="sm-88b">
         <name>__TI_decompress_lzss</name>
         <value>0x17ab5</value>
         <object_component_ref idref="oc-12"/>
      </symbol>
      <symbol id="sm-8a2">
         <name>__TI_decompress_none</name>
         <value>0x182bb</value>
         <object_component_ref idref="oc-18"/>
      </symbol>
      <symbol id="sm-8b9">
         <name>__TI_zero_init</name>
         <value>0x182ed</value>
         <object_component_ref idref="oc-1e"/>
      </symbol>
      <symbol id="sm-8da">
         <name>C$$EXIT</name>
         <value>0x17d41</value>
         <object_component_ref idref="oc-75"/>
      </symbol>
      <symbol id="sm-8db">
         <name>abort</name>
         <value>0x17d45</value>
         <object_component_ref idref="oc-75"/>
      </symbol>
      <symbol id="sm-8dc">
         <name>exit</name>
         <value>0x17d4d</value>
         <object_component_ref idref="oc-75"/>
      </symbol>
      <symbol id="sm-8dd">
         <name>__TI_dtors_ptr</name>
         <value>0x2000096c</value>
         <object_component_ref idref="oc-1cf"/>
      </symbol>
      <symbol id="sm-8de">
         <name>__TI_cleanup_ptr</name>
         <value>0x20000968</value>
         <object_component_ref idref="oc-1cf"/>
      </symbol>
      <symbol id="sm-8df">
         <name>__TI_enable_exit_profile_output</name>
         <value>0x20000970</value>
         <object_component_ref idref="oc-1cf"/>
      </symbol>
      <symbol id="sm-8fa">
         <name>memcpy</name>
         <value>0x17751</value>
         <object_component_ref idref="oc-45"/>
      </symbol>
      <symbol id="sm-8fb">
         <name>__aeabi_memcpy</name>
         <value>0x17751</value>
         <object_component_ref idref="oc-45"/>
      </symbol>
      <symbol id="sm-8fc">
         <name>__aeabi_memcpy8</name>
         <value>0x17751</value>
         <object_component_ref idref="oc-45"/>
      </symbol>
      <symbol id="sm-8fd">
         <name>__aeabi_memcpy4</name>
         <value>0x17751</value>
         <object_component_ref idref="oc-45"/>
      </symbol>
      <symbol id="sm-90c">
         <name>__aeabi_memset</name>
         <value>0x178fb</value>
         <object_component_ref idref="oc-51"/>
      </symbol>
      <symbol id="sm-90d">
         <name>memset</name>
         <value>0x17901</value>
         <object_component_ref idref="oc-51"/>
      </symbol>
      <symbol id="sm-90e">
         <name>__aeabi_memset8</name>
         <value>0x178fb</value>
         <object_component_ref idref="oc-51"/>
      </symbol>
      <symbol id="sm-90f">
         <name>__aeabi_memset4</name>
         <value>0x178fb</value>
         <object_component_ref idref="oc-51"/>
      </symbol>
      <symbol id="sm-910">
         <name>__aeabi_memclr8</name>
         <value>0x178f9</value>
         <object_component_ref idref="oc-51"/>
      </symbol>
      <symbol id="sm-911">
         <name>__aeabi_memclr4</name>
         <value>0x178f9</value>
         <object_component_ref idref="oc-51"/>
      </symbol>
      <symbol id="sm-912">
         <name>__aeabi_memclr</name>
         <value>0x178f9</value>
         <object_component_ref idref="oc-51"/>
      </symbol>
      <symbol id="sm-91c">
         <name>__mpu_init</name>
         <value>0x17973</value>
         <object_component_ref idref="oc-5d"/>
      </symbol>
      <symbol id="sm-926">
         <name>_system_pre_init</name>
         <value>0x1835b</value>
         <object_component_ref idref="oc-63"/>
      </symbol>
      <symbol id="sm-93f">
         <name>sprintf</name>
         <value>0x17be1</value>
         <object_component_ref idref="oc-113"/>
      </symbol>
      <symbol id="sm-947">
         <name>main_func_sp</name>
         <value>0x20000988</value>
         <object_component_ref idref="oc-7b"/>
      </symbol>
      <symbol id="sm-956">
         <name>__aeabi_uidivmod</name>
         <value>0x17f03</value>
         <object_component_ref idref="oc-20b"/>
      </symbol>
      <symbol id="sm-957">
         <name>__aeabi_uidiv</name>
         <value>0x17f03</value>
         <object_component_ref idref="oc-20b"/>
      </symbol>
      <symbol id="sm-970">
         <name>_nop</name>
         <value>0x181c7</value>
         <object_component_ref idref="oc-2c6"/>
      </symbol>
      <symbol id="sm-971">
         <name>_lock</name>
         <value>0x20000974</value>
         <object_component_ref idref="oc-1d2"/>
      </symbol>
      <symbol id="sm-972">
         <name>_unlock</name>
         <value>0x20000978</value>
         <object_component_ref idref="oc-1d2"/>
      </symbol>
      <symbol id="sm-973">
         <name>_register_lock</name>
         <value>0x181bf</value>
         <object_component_ref idref="oc-2c6"/>
      </symbol>
      <symbol id="sm-974">
         <name>_register_unlock</name>
         <value>0x181b9</value>
         <object_component_ref idref="oc-2c6"/>
      </symbol>
      <symbol id="sm-a75">
         <name>__TI_printfi</name>
         <value>0x145f1</value>
         <object_component_ref idref="oc-278"/>
      </symbol>
      <symbol id="sm-a89">
         <name>_args_main</name>
         <value>0x18125</value>
         <object_component_ref idref="oc-6f"/>
      </symbol>
      <symbol id="sm-a9f">
         <name>atoi</name>
         <value>0x17d95</value>
         <object_component_ref idref="oc-36e"/>
      </symbol>
      <symbol id="sm-ac9">
         <name>__TI_auto_init</name>
         <value>0x17975</value>
         <object_component_ref idref="oc-69"/>
      </symbol>
      <symbol id="sm-ae3">
         <name>copy_in</name>
         <value>0x17de1</value>
         <object_component_ref idref="oc-1bf"/>
      </symbol>
      <symbol id="sm-aee">
         <name>_ctypes_</name>
         <value>0xeb4e</value>
         <object_component_ref idref="oc-3d3"/>
      </symbol>
      <symbol id="sm-b05">
         <name>__aeabi_dsub</name>
         <value>0x16f35</value>
         <object_component_ref idref="oc-357"/>
      </symbol>
      <symbol id="sm-b06">
         <name>__aeabi_dadd</name>
         <value>0x16f3f</value>
         <object_component_ref idref="oc-357"/>
      </symbol>
      <symbol id="sm-b28">
         <name>__aeabi_cdcmpeq</name>
         <value>0x177ed</value>
         <object_component_ref idref="oc-333"/>
      </symbol>
      <symbol id="sm-b29">
         <name>__aeabi_cdcmple</name>
         <value>0x177ed</value>
         <object_component_ref idref="oc-333"/>
      </symbol>
      <symbol id="sm-b2a">
         <name>__aeabi_cdrcmple</name>
         <value>0x17873</value>
         <object_component_ref idref="oc-342"/>
      </symbol>
      <symbol id="sm-b3e">
         <name>__aeabi_ddiv</name>
         <value>0x170eb</value>
         <object_component_ref idref="oc-33d"/>
      </symbol>
      <symbol id="sm-b49">
         <name>__aeabi_dmul</name>
         <value>0x17465</value>
         <object_component_ref idref="oc-338"/>
      </symbol>
      <symbol id="sm-b53">
         <name>__aeabi_d2iz</name>
         <value>0x17e75</value>
         <object_component_ref idref="oc-347"/>
      </symbol>
      <symbol id="sm-b5d">
         <name>__aeabi_idiv0</name>
         <value>0x17353</value>
         <object_component_ref idref="oc-2f0"/>
      </symbol>
      <symbol id="sm-b67">
         <name>__aeabi_i2d</name>
         <value>0x18021</value>
         <object_component_ref idref="oc-352"/>
      </symbol>
      <symbol id="sm-b76">
         <name>ltoa</name>
         <value>0x17c97</value>
         <object_component_ref idref="oc-34c"/>
      </symbol>
      <symbol id="sm-b86">
         <name>memccpy</name>
         <value>0x180bd</value>
         <object_component_ref idref="oc-374"/>
      </symbol>
      <symbol id="sm-ba1">
         <name>frexpl</name>
         <value>0x17b1d</value>
         <object_component_ref idref="oc-35c"/>
      </symbol>
      <symbol id="sm-ba2">
         <name>frexp</name>
         <value>0x17b1d</value>
         <object_component_ref idref="oc-35c"/>
      </symbol>
      <symbol id="sm-bbf">
         <name>scalbn</name>
         <value>0x17561</value>
         <object_component_ref idref="oc-362"/>
      </symbol>
      <symbol id="sm-bc0">
         <name>scalbnl</name>
         <value>0x17561</value>
         <object_component_ref idref="oc-362"/>
      </symbol>
      <symbol id="sm-bc1">
         <name>ldexpl</name>
         <value>0x17561</value>
         <object_component_ref idref="oc-362"/>
      </symbol>
      <symbol id="sm-bc2">
         <name>ldexp</name>
         <value>0x17561</value>
         <object_component_ref idref="oc-362"/>
      </symbol>
      <symbol id="sm-bcc">
         <name>_system_post_cinit</name>
         <value>0x17f7f</value>
         <object_component_ref idref="oc-1c5"/>
      </symbol>
      <symbol id="sm-bdc">
         <name>strchr</name>
         <value>0x18153</value>
         <object_component_ref idref="oc-368"/>
      </symbol>
      <symbol id="sm-bea">
         <name>strlen</name>
         <value>0x181e1</value>
         <object_component_ref idref="oc-32d"/>
      </symbol>
      <symbol id="sm-c06">
         <name>__aeabi_uldivmod</name>
         <value>0x16d41</value>
         <object_component_ref idref="oc-328"/>
      </symbol>
      <symbol id="sm-c0e">
         <name>errno</name>
         <value>0x20000984</value>
         <object_component_ref idref="oc-3cc"/>
      </symbol>
      <symbol id="sm-c18">
         <name>copysign</name>
         <value>0x181cd</value>
         <object_component_ref idref="oc-3c6"/>
      </symbol>
      <symbol id="sm-c19">
         <name>copysignl</name>
         <value>0x181cd</value>
         <object_component_ref idref="oc-3c6"/>
      </symbol>
      <symbol id="sm-c1a">
         <name>__TI_static_base__</name>
         <value>0x0</value>
      </symbol>
      <symbol id="sm-c1d">
         <name>SHT$$INIT_ARRAY$$Limit</name>
         <value>0x0</value>
      </symbol>
      <symbol id="sm-c1e">
         <name>SHT$$INIT_ARRAY$$Base</name>
         <value>0x0</value>
      </symbol>
   </symbol_table>
   <title>Link successful</title>
</link_info>
