******************************************************************************
                  TI ARM Linker PC v16.9.0                     
******************************************************************************
>> Linked Sat Apr 01 13:47:32 2017

OUTPUT FILE NAME:   <ADQ_1.0.out>
ENTRY POINT SYMBOL: "_c_int00"  address: 00016f79


MEMORY CONFIGURATION

         name            origin    length      used     unused   attr    fill
----------------------  --------  ---------  --------  --------  ----  --------
  FLASH                 00000000   00040000  0001763e  000289c2  R  X
  SRAM                  20000000   00008000  0000098a  00007676  RW X


SEGMENT ALLOCATION MAP

run origin  load origin   length   init length attrs members
----------  ----------- ---------- ----------- ----- -------
00000000    00000000    00017640   00017640    r-x
  00000000    00000000    0000026c   0000026c    r-- .intvecs
  0000026c    0000026c    0000ed04   0000ed04    r-- .const
  0000ef70    0000ef70    00008676   00008676    r-x .text
  000175e8    000175e8    00000058   00000058    r-- .cinit
20000000    20000000    0000098c   00000000    rw-
  20000000    20000000    0000026c   00000000    rw- .vtable
  2000026c    2000026c    00000400   00000000    rw- .stack
  2000066c    2000066c    000002be   00000000    rw- .bss
  2000092c    2000092c    00000060   00000000    rw- .data


SECTION ALLOCATION MAP

 output                                  attributes/
section   page    origin      length       input sections
--------  ----  ----------  ----------   ----------------
.intvecs   0    00000000    0000026c     
                  00000000    0000026c     tm4c123gh6pm_startup_ccs.obj (.intvecs)

.const     0    0000026c    0000ed04     
                  0000026c    00007378     cc932.obj (.const:sjis2uni)
                  000075e4    00007378     cc932.obj (.const:uni2sjis)
                  0000e95c    000001f2     cc932.obj (.const:cvt1$1)
                  0000eb4e    00000101     rtsv7M4_T_le_v4SPD16_eabi.lib : ctype.obj (.const:.string:_ctypes_)
                  0000ec4f    00000001     --HOLE-- [fill = 0]
                  0000ec50    000000bc     cc932.obj (.const:cvt2$2)
                  0000ed0c    0000009c     driverlib.lib : interrupt.obj (.const:g_pui32Regs)
                  0000eda8    00000090                   : gpio.obj (.const:g_pui32GPIOBaseAddrs)
                  0000ee38    00000070                   : interrupt.obj (.const)
                  0000eea8    0000006c                   : sysctl.obj (.const:g_pui32Xtals)
                  0000ef14    00000020     can.obj (.const:g_ui16CANBitValues)
                  0000ef34    00000012     uartstdio.obj (.const:.string)
                  0000ef46    0000000d     ff.obj (.const:.string:LfnOfs)
                  0000ef53    00000001     --HOLE-- [fill = 0]
                  0000ef54    0000000c     uartstdio.obj (.const:g_ui32UARTBase)
                  0000ef60    0000000c     uartstdio.obj (.const:g_ui32UARTPeriph)
                  0000ef6c    00000004     uartstdio.obj (.const)

.text      0    0000ef70    00008676     
                  0000ef70    0000366a     ff.obj (.text)
                  000125da    00000002     driverlib.lib : interrupt.obj (.text:_IntDefaultHandler)
                  000125dc    0000113a     rtsv7M4_T_le_v4SPD16_eabi.lib : _printfi.obj (.text)
                  00013716    00000002                                   : i_div0.obj (.text)
                  00013718    00000e84     main.obj (.text)
                  0001459c    00000a54     can.obj (.text)
                  00014ff0    00000938     diskio.obj (.text)
                  00015928    0000049c     uartstdio.obj (.text)
                  00015dc4    00000208     cc932.obj (.text)
                  00015fcc    000001f4     rtsv7M4_T_le_v4SPD16_eabi.lib : ull_div_t2.obj (.text)
                  000161c0    000001b6                                   : fd_add_t2.obj (.text)
                  00016376    00000136                                   : fd_div_t2.obj (.text)
                  000164ac    00000132     driverlib.lib : gpio.obj (.text:GPIOPadConfigSet)
                  000165de    00000002     rtsv7M4_T_le_v4SPD16_eabi.lib : mpu_init.obj (.text)
                  000165e0    00000110     driverlib.lib : sysctl.obj (.text:SysCtlClockGet)
                  000166f0    000000fc     rtsv7M4_T_le_v4SPD16_eabi.lib : fd_mul_t2.obj (.text)
                  000167ec    000000fc                                   : s_scalbn.obj (.text)
                  000168e8    000000f4     driverlib.lib : sysctl.obj (.text:SysCtlClockSet)
                  000169dc    0000009c     rtsv7M4_T_le_v4SPD16_eabi.lib : memcpy_t2.obj (.text)
                  00016a78    00000086                                   : fd_cmp_t2.obj (.text:__aeabi_cdcmple)
                  00016afe    00000086                                   : fd_cmp_t2.obj (.text:__aeabi_cdrcmple)
                  00016b84    0000007a                                   : memset_t2.obj (.text)
                  00016bfe    00000002                                   : startup.obj (.text)
                  00016c00    00000070                                   : autoinit.obj (.text)
                  00016c70    00000068     driverlib.lib : interrupt.obj (.text:IntDisable)
                  00016cd8    00000068                   : interrupt.obj (.text:IntEnable)
                  00016d40    00000068     rtsv7M4_T_le_v4SPD16_eabi.lib : copy_decompress_lzss.obj (.text:decompress:lzss)
                  00016da8    00000064                                   : s_frexp.obj (.text)
                  00016e0c    00000060     driverlib.lib : timer.obj (.text:TimerConfigure)
                  00016e6c    00000060     rtsv7M4_T_le_v4SPD16_eabi.lib : sprintf.obj (.text)
                  00016ecc    00000056     driverlib.lib : gpio.obj (.text:GPIOIntTypeSet)
                  00016f22    00000056     rtsv7M4_T_le_v4SPD16_eabi.lib : ltoa.obj (.text)
                  00016f78    00000054                                   : boot.obj (.text)
                  00016fcc    00000054                                   : exit.obj (.text)
                  00017020    0000004c                                   : atoi.obj (.text)
                  0001706c    0000004c                                   : cpy_tbl.obj (.text)
                  000170b8    00000048     driverlib.lib : gpio.obj (.text:GPIOPinConfigure)
                  00017100    00000048     rtsv7M4_T_le_v4SPD16_eabi.lib : fd_toi_t2.obj (.text)
                  00017148    00000046     driverlib.lib : uart.obj (.text:UARTConfigSetExpClk)
                  0001718e    00000040     rtsv7M4_T_le_v4SPD16_eabi.lib : u_divt2.obj (.text)
                  000171ce    0000003c     driverlib.lib : ssi.obj (.text:SSIConfigSetExpClk)
                  0001720a    00000002     --HOLE-- [fill = 0]
                  0001720c    00000038                   : sysctl.obj (.text:SysCtlPeripheralPresent)
                  00017244    00000034                   : interrupt.obj (.text:IntRegister)
                  00017278    00000034                   : sysctl.obj (.text:SysCtlPeripheralEnable)
                  000172ac    0000002e     rtsv7M4_T_le_v4SPD16_eabi.lib : i_tofd_t2.obj (.text)
                  000172da    0000002a     driverlib.lib : gpio.obj (.text:GPIODirModeSet)
                  00017304    00000024                   : interrupt.obj (.text:IntPrioritySet)
                  00017328    00000020                   : uart.obj (.text:UARTDisable)
                  00017348    0000001c     rtsv7M4_T_le_v4SPD16_eabi.lib : memccpy.obj (.text)
                  00017364    00000018     driverlib.lib : gpio.obj (.text:GPIOPinTypeGPIOOutput)
                  0001737c    00000018                   : timer.obj (.text:TimerDisable)
                  00017394    00000018     rtsv7M4_T_le_v4SPD16_eabi.lib : args_main.obj (.text)
                  000173ac    00000016     driverlib.lib : timer.obj (.text:TimerControlEvent)
                  000173c2    00000016     rtsv7M4_T_le_v4SPD16_eabi.lib : strchr.obj (.text)
                  000173d8    00000014     driverlib.lib : interrupt.obj (.text:IntUnregister)
                  000173ec    00000014                   : systick.obj (.text:SysTickEnable)
                  00017400    00000014                   : systick.obj (.text:SysTickIntEnable)
                  00017414    00000014                   : uart.obj (.text:UARTEnable)
                  00017428    00000014     rtsv7M4_T_le_v4SPD16_eabi.lib : _lock.obj (.text)
                  0001743c    00000014                                   : s_copysign.obj (.text)
                  00017450    00000014                                   : strlen.obj (.text)
                  00017464    00000012     driverlib.lib : gpio.obj (.text:GPIOPinTypeCAN)
                  00017476    00000012                   : gpio.obj (.text:GPIOPinTypeGPIOInput)
                  00017488    00000012                   : gpio.obj (.text:GPIOPinTypeSSI)
                  0001749a    00000012                   : gpio.obj (.text:GPIOPinTypeTimer)
                  000174ac    00000012                   : gpio.obj (.text:GPIOPinTypeUART)
                  000174be    00000012                   : timer.obj (.text:TimerLoadSet)
                  000174d0    00000010                   : fpu.obj (.text:FPULazyStackingEnable)
                  000174e0    00000010                   : interrupt.obj (.text:IntMasterEnable)
                  000174f0    00000010                   : systick.obj (.text:SysTickPeriodSet)
                  00017500    0000000e                   : gpio.obj (.text:GPIOIntDisable)
                  0001750e    0000000e                   : gpio.obj (.text:GPIOIntStatus)
                  0001751c    0000000e                   : timer.obj (.text:TimerEnable)
                  0001752a    0000000e     rtsv7M4_T_le_v4SPD16_eabi.lib : copy_decompress_none.obj (.text:decompress:none)
                  00017538    0000000c     driverlib.lib : cpu.obj (.text:CPUcpsie)
                  00017544    0000000c                   : gpio.obj (.text:GPIOIntEnable)
                  00017550    0000000c                   : ssi.obj (.text:SSIDataGet)
                  0001755c    0000000c     rtsv7M4_T_le_v4SPD16_eabi.lib : copy_zero_init.obj (.text:decompress:ZI)
                  00017568    0000000c     tm4c123gh6pm_startup_ccs.obj (.text)
                  00017574    0000000a     driverlib.lib : ssi.obj (.text:SSIDataPut)
                  0001757e    0000000a                   : ssi.obj (.text:SSIDisable)
                  00017588    0000000a                   : ssi.obj (.text:SSIEnable)
                  00017592    0000000a                   : timer.obj (.text:TimerValueGet)
                  0001759c    0000000a                   : uart.obj (.text:UARTCharGet)
                  000175a6    0000000a                   : uart.obj (.text:UARTCharPut)
                  000175b0    00000008                   : ssi.obj (.text:SSIBusy)
                  000175b8    00000008                   : timer.obj (.text:TimerIntEnable)
                  000175c0    00000006                   : gpio.obj (.text:GPIOIntClear)
                  000175c6    00000006                   : gpio.obj (.text:GPIOPinWrite)
                  000175cc    00000006                   : sysctl.obj (.text:SysCtlDelay)
                  000175d2    00000006                   : timer.obj (.text:TimerClockSourceSet)
                  000175d8    00000006                   : uart.obj (.text:UARTClockSourceSet)
                  000175de    00000004                   : timer.obj (.text:TimerIntClear)
                  000175e2    00000004     rtsv7M4_T_le_v4SPD16_eabi.lib : pre_init.obj (.text)

.cinit     0    000175e8    00000058     
                  000175e8    00000020     (.cinit..data.load) [load image, compression = lzss]
                  00017608    0000000c     (__TI_handler_table)
                  00017614    00000004     --HOLE-- [fill = 0]
                  00017618    00000008     (.cinit..bss.load) [load image, compression = zero_init]
                  00017620    00000008     (.cinit..vtable.load) [load image, compression = zero_init]
                  00017628    00000018     (__TI_cinit_table)

.init_array 
*          0    00000000    00000000     UNINITIALIZED

.vtable    0    20000000    0000026c     UNINITIALIZED
                  20000000    0000026c     driverlib.lib : interrupt.obj (.vtable)

.stack     0    2000026c    00000400     UNINITIALIZED
                  2000026c    00000400     --HOLE--

.bss       0    2000066c    000002be     UNINITIALIZED
                  2000066c    00000234     (.common:FatFs)
                  200008a0    0000002c     (.common:Val_ADC)
                  200008cc    00000028     (.common:logfile)
                  200008f4    00000014     (.common:sCANMessage)
                  20000908    00000014     (.common:texto)
                  2000091c    00000004     ff.obj (.bss:FatFs)
                  20000920    00000004     (.common:file_name)
                  20000924    00000003     diskio.obj (.bss)
                  20000927    00000001     --HOLE--
                  20000928    00000002     ff.obj (.bss)

.data      0    2000092c    00000060     UNINITIALIZED
                  2000092c    0000003b     main.obj (.data)
                  20000967    00000001     --HOLE--
                  20000968    0000000c     rtsv7M4_T_le_v4SPD16_eabi.lib : exit.obj (.data:$O1$$)
                  20000974    00000008                                   : _lock.obj (.data:$O1$$)
                  2000097c    00000005     uartstdio.obj (.data)
                  20000981    00000002     diskio.obj (.data)
                  20000983    00000001     --HOLE--
                  20000984    00000004     rtsv7M4_T_le_v4SPD16_eabi.lib : errno.obj (.data)
                  20000988    00000004                                   : stkdepth_vars.obj (.data)

MODULE SUMMARY

       Module                         code    ro data   rw data
       ------                         ----    -------   -------
    .\
       main.obj                       3716    0         751    
       can.obj                        2644    32        0      
       tm4c123gh6pm_startup_ccs.obj   12      620       0      
    +--+------------------------------+-------+---------+---------+
       Total:                         6372    652       751    
                                                               
    .\FaTFS\
       ff.obj                         13930   13        6      
       diskio.obj                     2360    0         5      
    +--+------------------------------+-------+---------+---------+
       Total:                         16290   13        11     
                                                               
    .\FaTFS\option\
       cc932.obj                      520     59806     0      
    +--+------------------------------+-------+---------+---------+
       Total:                         520     59806     0      
                                                               
    .\utils\
       uartstdio.obj                  1180    46        5      
    +--+------------------------------+-------+---------+---------+
       Total:                         1180    46        5      
                                                               
    C:/ti/TivaWare_C_Series-2.1.3.156/driverlib/ccs/Debug/driverlib.lib
       interrupt.obj                  334     268       620    
       gpio.obj                       672     144       0      
       sysctl.obj                     630     108       0      
       timer.obj                      202     0         0      
       uart.obj                       148     0         0      
       ssi.obj                        110     0         0      
       systick.obj                    56      0         0      
       fpu.obj                        16      0         0      
       cpu.obj                        12      0         0      
    +--+------------------------------+-------+---------+---------+
       Total:                         2180    520       620    
                                                               
    C:\ti\ccsv6\tools\compiler\ti-cgt-arm_16.9.0.LTS\lib\rtsv7M4_T_le_v4SPD16_eabi.lib
       _printfi.obj                   4410    0         0      
       ull_div_t2.obj                 500     0         0      
       fd_add_t2.obj                  438     0         0      
       fd_div_t2.obj                  310     0         0      
       fd_cmp_t2.obj                  268     0         0      
       ctype.obj                      0       257       0      
       fd_mul_t2.obj                  252     0         0      
       s_scalbn.obj                   252     0         0      
       memcpy_t2.obj                  156     0         0      
       memset_t2.obj                  122     0         0      
       autoinit.obj                   112     0         0      
       copy_decompress_lzss.obj       104     0         0      
       s_frexp.obj                    100     0         0      
       exit.obj                       84      0         12     
       sprintf.obj                    96      0         0      
       ltoa.obj                       86      0         0      
       boot.obj                       84      0         0      
       atoi.obj                       76      0         0      
       cpy_tbl.obj                    76      0         0      
       fd_toi_t2.obj                  72      0         0      
       u_divt2.obj                    64      0         0      
       i_tofd_t2.obj                  46      0         0      
       _lock.obj                      20      0         8      
       memccpy.obj                    28      0         0      
       args_main.obj                  24      0         0      
       strchr.obj                     22      0         0      
       s_copysign.obj                 20      0         0      
       strlen.obj                     20      0         0      
       copy_decompress_none.obj       14      0         0      
       copy_zero_init.obj             12      0         0      
       errno.obj                      0       0         4      
       pre_init.obj                   4       0         0      
       stkdepth_vars.obj              0       0         4      
       i_div0.obj                     2       0         0      
       mpu_init.obj                   2       0         0      
       startup.obj                    2       0         0      
    +--+------------------------------+-------+---------+---------+
       Total:                         7878    257       28     
                                                               
       Stack:                         0       0         1024   
       Linker Generated:              0       84        0      
    +--+------------------------------+-------+---------+---------+
       Grand Total:                   34420   61378     2439   


LINKER GENERATED COPY TABLES

__TI_cinit_table @ 00017628 records: 3, size/record: 8, table size: 24
	.data: load addr=000175e8, load size=00000020 bytes, run addr=2000092c, run size=00000060 bytes, compression=lzss
	.bss: load addr=00017618, load size=00000008 bytes, run addr=2000066c, run size=000002be bytes, compression=zero_init
	.vtable: load addr=00017620, load size=00000008 bytes, run addr=20000000, run size=0000026c bytes, compression=zero_init


LINKER GENERATED HANDLER TABLE

__TI_handler_table @ 00017608 records: 3, size/record: 4, table size: 12
	index: 0, handler: __TI_zero_init
	index: 1, handler: __TI_decompress_lzss
	index: 2, handler: __TI_decompress_none


GLOBAL SYMBOLS: SORTED ALPHABETICALLY BY Name 

address   name                           
-------   ----                           
00016fcd  C$$EXIT                        
000147b5  CANBitRateSet                  
00014745  CANBitTimingGet                
00014881  CANBitTimingSet                
00014731  CANDisable                     
0001471d  CANEnable                      
00014aef  CANErrCntrGet                  
000146a1  CANInit                        
000149bd  CANIntClear                    
0001495d  CANIntDisable                  
00014947  CANIntEnable                   
00013ea9  CANIntHandler                  
0001490f  CANIntRegister                 
00014973  CANIntStatus                   
0001492d  CANIntUnregister               
00014fc1  CANMessageClear                
00014db7  CANMessageGet                  
00014b25  CANMessageSet                  
00014a4b  CANRetryGet                    
00014a19  CANRetrySet                    
00014a69  CANStatusGet                   
00017539  CPUcpsie                       
00013719  ConfigureUART                  
000174d1  FPULazyStackingEnable          
2000066c  FatFs                          
000172db  GPIODirModeSet                 
000175c1  GPIOIntClear                   
00017501  GPIOIntDisable                 
00017545  GPIOIntEnable                  
0001750f  GPIOIntStatus                  
00016ecd  GPIOIntTypeSet                 
000164ad  GPIOPadConfigSet               
000170b9  GPIOPinConfigure               
00017465  GPIOPinTypeCAN                 
00017477  GPIOPinTypeGPIOInput           
00017365  GPIOPinTypeGPIOOutput          
00017489  GPIOPinTypeSSI                 
0001749b  GPIOPinTypeTimer               
000174ad  GPIOPinTypeUART                
000175c7  GPIOPinWrite                   
2000094f  INI_OK                         
00013979  Ini_CAN                        
00013b15  Ini_SD                         
00013a7d  Ini_SPI                        
000139d9  Ini_Timer                      
00016c71  IntDisable                     
00016cd9  IntEnable                      
000174e1  IntMasterEnable                
00017305  IntPrioritySet                 
00017245  IntRegister                    
000173d9  IntUnregister                  
2000095c  PeriodSysTimer                 
2000094e  RECORD                         
00017569  ResetISR                       
UNDEFED   SHT$$INIT_ARRAY$$Base          
UNDEFED   SHT$$INIT_ARRAY$$Limit         
000175b1  SSIBusy                        
000171cf  SSIConfigSetExpClk             
00017551  SSIDataGet                     
00017575  SSIDataPut                     
0001757f  SSIDisable                     
00017589  SSIEnable                      
000165e1  SysCtlClockGet                 
000168e9  SysCtlClockSet                 
000175cd  SysCtlDelay                    
00017279  SysCtlPeripheralEnable         
0001720d  SysCtlPeripheralPresent        
000173ed  SysTickEnable                  
00013d57  SysTickHandler                 
00017401  SysTickIntEnable               
000174f1  SysTickPeriodSet               
20000960  SysTimer                       
00013d5f  Timer0IntHandler               
00013d81  Timer1IntHandler               
000175d3  TimerClockSourceSet            
00016e0d  TimerConfigure                 
000173ad  TimerControlEvent              
0001737d  TimerDisable                   
0001751d  TimerEnable                    
000175df  TimerIntClear                  
000175b9  TimerIntEnable                 
000174bf  TimerLoadSet                   
00017593  TimerValueGet                  
0001759d  UARTCharGet                    
000175a7  UARTCharPut                    
000175d9  UARTClockSourceSet             
00017149  UARTConfigSetExpClk            
00017329  UARTDisable                    
00017415  UARTEnable                     
00015929  UARTStdioConfig                
00015a6f  UARTgetc                       
000159b5  UARTgets                       
00015d8f  UARTprintf                     
00015a95  UARTvprintf                    
0001596f  UARTwrite                      
200008a0  Val_ADC                        
00013b73  WS_Read                        
2000066c  __STACK_END                    
00000400  __STACK_SIZE                   
2000046c  __STACK_TOP                    
00017628  __TI_CINIT_Base                
00017640  __TI_CINIT_Limit               
00017608  __TI_Handler_Table_Base        
00017614  __TI_Handler_Table_Limit       
00016c01  __TI_auto_init                 
20000968  __TI_cleanup_ptr               
00016d41  __TI_decompress_lzss           
0001752b  __TI_decompress_none           
2000096c  __TI_dtors_ptr                 
20000970  __TI_enable_exit_profile_output
ffffffff  __TI_pprof_out_hndl            
00012e1d  __TI_printfi                   
ffffffff  __TI_prof_data_size            
ffffffff  __TI_prof_data_start           
00000000  __TI_static_base__             
0001755d  __TI_zero_init                 
00016a79  __aeabi_cdcmpeq                
00016a79  __aeabi_cdcmple                
00016aff  __aeabi_cdrcmple               
00017101  __aeabi_d2iz                   
000161cb  __aeabi_dadd                   
00016377  __aeabi_ddiv                   
000166f1  __aeabi_dmul                   
000161c1  __aeabi_dsub                   
000172ad  __aeabi_i2d                    
00013717  __aeabi_idiv0                  
00016b85  __aeabi_memclr                 
00016b85  __aeabi_memclr4                
00016b85  __aeabi_memclr8                
000169dd  __aeabi_memcpy                 
000169dd  __aeabi_memcpy4                
000169dd  __aeabi_memcpy8                
00016b87  __aeabi_memset                 
00016b87  __aeabi_memset4                
00016b87  __aeabi_memset8                
0001718f  __aeabi_uidiv                  
0001718f  __aeabi_uidivmod               
00015fcd  __aeabi_uldivmod               
ffffffff  __binit__                      
ffffffff  __c_args__                     
000165df  __mpu_init                     
2000026c  __stack                        
00017395  _args_main                     
00016f79  _c_int00                       
0000eb4e  _ctypes_                       
20000974  _lock                          
00017437  _nop                           
0001742f  _register_lock                 
00017429  _register_unlock               
00016bff  _system_post_cinit             
000175e3  _system_pre_init               
20000978  _unlock                        
00016fd1  abort                          
00017021  atoi                           
ffffffff  binit                          
00013c01  botonIntHandler                
0001706d  copy_in                        
0001743d  copysign                       
0001743d  copysignl                      
2000092c  data_ADC                       
20000930  data_ADC_aux                   
0001537d  disk_initialize                
000156cd  disk_ioctl                     
0001553b  disk_read                      
00015521  disk_status                    
000158cf  disk_timerproc                 
000155e5  disk_write                     
20000984  errno                          
00016fd9  exit                           
000116c5  f_close                        
00011985  f_closedir                     
00011a8d  f_getfree                      
000120d7  f_gets                         
000116f7  f_lseek                        
00011da1  f_mkdir                        
00010ec3  f_mount                        
00010f45  f_open                         
000118d1  f_opendir                      
00012267  f_printf                       
0001220b  f_putc                         
00012233  f_puts                         
000111d7  f_read                         
000119a7  f_readdir                      
00011f6f  f_rename                       
00011a2d  f_stat                         
00011627  f_sync                         
00011bc9  f_truncate                     
00011ca3  f_unlink                       
000113b5  f_write                        
0001396d  fatalError                     
00015dc5  ff_convert                     
00015e6f  ff_wtoupper                    
20000920  file_name                      
00016da9  frexp                          
00016da9  frexpl                         
2000094d  g_bErrFlag                     
2000094c  g_bMsgObj3Sent                 
20000000  g_pfnRAMVectors                
00000000  g_pfnVectors                   
2000093c  g_ui32IntCount                 
20000940  g_ui32Msg1Count                
20000944  g_ui32Msg2Count                
20000948  g_ui32Msg3Count                
00015913  get_fattime                    
000167ed  ldexp                          
000167ed  ldexpl                         
00013755  lectura_ADC                    
200008cc  logfile                        
00016f23  ltoa                           
00013fd1  main                           
20000988  main_func_sp                   
00017349  memccpy                        
000169dd  memcpy                         
00016b8d  memset                         
20000951  move                           
20000966  nfile                          
20000964  numero                         
2000095a  period                         
20000958  resul                          
200008f4  sCANMessage                    
000167ed  scalbn                         
000167ed  scalbnl                        
00016e6d  sprintf                        
20000950  start_write                    
000173c3  strchr                         
00017451  strlen                         
20000908  texto                          
20000954  time_stamp                     
20000934  ui16ws_f_l                     
20000936  ui16ws_f_r                     
20000938  ui16ws_r_l                     
2000093a  ui16ws_r_r                     
00013d05  wsIntHandler                   


GLOBAL SYMBOLS: SORTED BY Symbol Address 

address   name                           
-------   ----                           
00000000  __TI_static_base__             
00000000  g_pfnVectors                   
00000400  __STACK_SIZE                   
0000eb4e  _ctypes_                       
00010ec3  f_mount                        
00010f45  f_open                         
000111d7  f_read                         
000113b5  f_write                        
00011627  f_sync                         
000116c5  f_close                        
000116f7  f_lseek                        
000118d1  f_opendir                      
00011985  f_closedir                     
000119a7  f_readdir                      
00011a2d  f_stat                         
00011a8d  f_getfree                      
00011bc9  f_truncate                     
00011ca3  f_unlink                       
00011da1  f_mkdir                        
00011f6f  f_rename                       
000120d7  f_gets                         
0001220b  f_putc                         
00012233  f_puts                         
00012267  f_printf                       
00012e1d  __TI_printfi                   
00013717  __aeabi_idiv0                  
00013719  ConfigureUART                  
00013755  lectura_ADC                    
0001396d  fatalError                     
00013979  Ini_CAN                        
000139d9  Ini_Timer                      
00013a7d  Ini_SPI                        
00013b15  Ini_SD                         
00013b73  WS_Read                        
00013c01  botonIntHandler                
00013d05  wsIntHandler                   
00013d57  SysTickHandler                 
00013d5f  Timer0IntHandler               
00013d81  Timer1IntHandler               
00013ea9  CANIntHandler                  
00013fd1  main                           
000146a1  CANInit                        
0001471d  CANEnable                      
00014731  CANDisable                     
00014745  CANBitTimingGet                
000147b5  CANBitRateSet                  
00014881  CANBitTimingSet                
0001490f  CANIntRegister                 
0001492d  CANIntUnregister               
00014947  CANIntEnable                   
0001495d  CANIntDisable                  
00014973  CANIntStatus                   
000149bd  CANIntClear                    
00014a19  CANRetrySet                    
00014a4b  CANRetryGet                    
00014a69  CANStatusGet                   
00014aef  CANErrCntrGet                  
00014b25  CANMessageSet                  
00014db7  CANMessageGet                  
00014fc1  CANMessageClear                
0001537d  disk_initialize                
00015521  disk_status                    
0001553b  disk_read                      
000155e5  disk_write                     
000156cd  disk_ioctl                     
000158cf  disk_timerproc                 
00015913  get_fattime                    
00015929  UARTStdioConfig                
0001596f  UARTwrite                      
000159b5  UARTgets                       
00015a6f  UARTgetc                       
00015a95  UARTvprintf                    
00015d8f  UARTprintf                     
00015dc5  ff_convert                     
00015e6f  ff_wtoupper                    
00015fcd  __aeabi_uldivmod               
000161c1  __aeabi_dsub                   
000161cb  __aeabi_dadd                   
00016377  __aeabi_ddiv                   
000164ad  GPIOPadConfigSet               
000165df  __mpu_init                     
000165e1  SysCtlClockGet                 
000166f1  __aeabi_dmul                   
000167ed  ldexp                          
000167ed  ldexpl                         
000167ed  scalbn                         
000167ed  scalbnl                        
000168e9  SysCtlClockSet                 
000169dd  __aeabi_memcpy                 
000169dd  __aeabi_memcpy4                
000169dd  __aeabi_memcpy8                
000169dd  memcpy                         
00016a79  __aeabi_cdcmpeq                
00016a79  __aeabi_cdcmple                
00016aff  __aeabi_cdrcmple               
00016b85  __aeabi_memclr                 
00016b85  __aeabi_memclr4                
00016b85  __aeabi_memclr8                
00016b87  __aeabi_memset                 
00016b87  __aeabi_memset4                
00016b87  __aeabi_memset8                
00016b8d  memset                         
00016bff  _system_post_cinit             
00016c01  __TI_auto_init                 
00016c71  IntDisable                     
00016cd9  IntEnable                      
00016d41  __TI_decompress_lzss           
00016da9  frexp                          
00016da9  frexpl                         
00016e0d  TimerConfigure                 
00016e6d  sprintf                        
00016ecd  GPIOIntTypeSet                 
00016f23  ltoa                           
00016f79  _c_int00                       
00016fcd  C$$EXIT                        
00016fd1  abort                          
00016fd9  exit                           
00017021  atoi                           
0001706d  copy_in                        
000170b9  GPIOPinConfigure               
00017101  __aeabi_d2iz                   
00017149  UARTConfigSetExpClk            
0001718f  __aeabi_uidiv                  
0001718f  __aeabi_uidivmod               
000171cf  SSIConfigSetExpClk             
0001720d  SysCtlPeripheralPresent        
00017245  IntRegister                    
00017279  SysCtlPeripheralEnable         
000172ad  __aeabi_i2d                    
000172db  GPIODirModeSet                 
00017305  IntPrioritySet                 
00017329  UARTDisable                    
00017349  memccpy                        
00017365  GPIOPinTypeGPIOOutput          
0001737d  TimerDisable                   
00017395  _args_main                     
000173ad  TimerControlEvent              
000173c3  strchr                         
000173d9  IntUnregister                  
000173ed  SysTickEnable                  
00017401  SysTickIntEnable               
00017415  UARTEnable                     
00017429  _register_unlock               
0001742f  _register_lock                 
00017437  _nop                           
0001743d  copysign                       
0001743d  copysignl                      
00017451  strlen                         
00017465  GPIOPinTypeCAN                 
00017477  GPIOPinTypeGPIOInput           
00017489  GPIOPinTypeSSI                 
0001749b  GPIOPinTypeTimer               
000174ad  GPIOPinTypeUART                
000174bf  TimerLoadSet                   
000174d1  FPULazyStackingEnable          
000174e1  IntMasterEnable                
000174f1  SysTickPeriodSet               
00017501  GPIOIntDisable                 
0001750f  GPIOIntStatus                  
0001751d  TimerEnable                    
0001752b  __TI_decompress_none           
00017539  CPUcpsie                       
00017545  GPIOIntEnable                  
00017551  SSIDataGet                     
0001755d  __TI_zero_init                 
00017569  ResetISR                       
00017575  SSIDataPut                     
0001757f  SSIDisable                     
00017589  SSIEnable                      
00017593  TimerValueGet                  
0001759d  UARTCharGet                    
000175a7  UARTCharPut                    
000175b1  SSIBusy                        
000175b9  TimerIntEnable                 
000175c1  GPIOIntClear                   
000175c7  GPIOPinWrite                   
000175cd  SysCtlDelay                    
000175d3  TimerClockSourceSet            
000175d9  UARTClockSourceSet             
000175df  TimerIntClear                  
000175e3  _system_pre_init               
00017608  __TI_Handler_Table_Base        
00017614  __TI_Handler_Table_Limit       
00017628  __TI_CINIT_Base                
00017640  __TI_CINIT_Limit               
20000000  g_pfnRAMVectors                
2000026c  __stack                        
2000046c  __STACK_TOP                    
2000066c  FatFs                          
2000066c  __STACK_END                    
200008a0  Val_ADC                        
200008cc  logfile                        
200008f4  sCANMessage                    
20000908  texto                          
20000920  file_name                      
2000092c  data_ADC                       
20000930  data_ADC_aux                   
20000934  ui16ws_f_l                     
20000936  ui16ws_f_r                     
20000938  ui16ws_r_l                     
2000093a  ui16ws_r_r                     
2000093c  g_ui32IntCount                 
20000940  g_ui32Msg1Count                
20000944  g_ui32Msg2Count                
20000948  g_ui32Msg3Count                
2000094c  g_bMsgObj3Sent                 
2000094d  g_bErrFlag                     
2000094e  RECORD                         
2000094f  INI_OK                         
20000950  start_write                    
20000951  move                           
20000954  time_stamp                     
20000958  resul                          
2000095a  period                         
2000095c  PeriodSysTimer                 
20000960  SysTimer                       
20000964  numero                         
20000966  nfile                          
20000968  __TI_cleanup_ptr               
2000096c  __TI_dtors_ptr                 
20000970  __TI_enable_exit_profile_output
20000974  _lock                          
20000978  _unlock                        
20000984  errno                          
20000988  main_func_sp                   
ffffffff  __TI_pprof_out_hndl            
ffffffff  __TI_prof_data_size            
ffffffff  __TI_prof_data_start           
ffffffff  __binit__                      
ffffffff  __c_args__                     
ffffffff  binit                          
UNDEFED   SHT$$INIT_ARRAY$$Base          
UNDEFED   SHT$$INIT_ARRAY$$Limit         

[233 symbols]
