<?xml version="1.0"?>
<link_info>
   <banner>TI ARM Linker PC v16.9.0.LTS</banner>
   <copyright>Copyright (c) 1996-2015 Texas Instruments Incorporated</copyright>
   <link_time>0x58df9354</link_time>
   <link_errors>0x0</link_errors>
   <output_file>ADQ_1.0.out</output_file>
   <entry_point>
      <name>_c_int00</name>
      <address>0x16f79</address>
   </entry_point>
   <input_file_list>
      <input_file id="fl-2">
         <path>.\</path>
         <kind>object</kind>
         <file>can.obj</file>
         <name>can.obj</name>
      </input_file>
      <input_file id="fl-3">
         <path>.\</path>
         <kind>object</kind>
         <file>main.obj</file>
         <name>main.obj</name>
      </input_file>
      <input_file id="fl-4">
         <path>.\</path>
         <kind>object</kind>
         <file>tm4c123gh6pm_startup_ccs.obj</file>
         <name>tm4c123gh6pm_startup_ccs.obj</name>
      </input_file>
      <input_file id="fl-5">
         <path>.\FaTFS\</path>
         <kind>object</kind>
         <file>diskio.obj</file>
         <name>diskio.obj</name>
      </input_file>
      <input_file id="fl-6">
         <path>.\FaTFS\</path>
         <kind>object</kind>
         <file>ff.obj</file>
         <name>ff.obj</name>
      </input_file>
      <input_file id="fl-7">
         <path>.\FaTFS\option\</path>
         <kind>object</kind>
         <file>cc932.obj</file>
         <name>cc932.obj</name>
      </input_file>
      <input_file id="fl-8">
         <path>.\utils\</path>
         <kind>object</kind>
         <file>uartstdio.obj</file>
         <name>uartstdio.obj</name>
      </input_file>
      <input_file id="fl-e">
         <path>C:\ti\TivaWare_C_Series-2.1.3.156\driverlib\ccs\Debug\</path>
         <kind>archive</kind>
         <file>driverlib.lib</file>
         <name>fpu.obj</name>
      </input_file>
      <input_file id="fl-f">
         <path>C:\ti\TivaWare_C_Series-2.1.3.156\driverlib\ccs\Debug\</path>
         <kind>archive</kind>
         <file>driverlib.lib</file>
         <name>gpio.obj</name>
      </input_file>
      <input_file id="fl-10">
         <path>C:\ti\TivaWare_C_Series-2.1.3.156\driverlib\ccs\Debug\</path>
         <kind>archive</kind>
         <file>driverlib.lib</file>
         <name>interrupt.obj</name>
      </input_file>
      <input_file id="fl-11">
         <path>C:\ti\TivaWare_C_Series-2.1.3.156\driverlib\ccs\Debug\</path>
         <kind>archive</kind>
         <file>driverlib.lib</file>
         <name>ssi.obj</name>
      </input_file>
      <input_file id="fl-12">
         <path>C:\ti\TivaWare_C_Series-2.1.3.156\driverlib\ccs\Debug\</path>
         <kind>archive</kind>
         <file>driverlib.lib</file>
         <name>sysctl.obj</name>
      </input_file>
      <input_file id="fl-13">
         <path>C:\ti\TivaWare_C_Series-2.1.3.156\driverlib\ccs\Debug\</path>
         <kind>archive</kind>
         <file>driverlib.lib</file>
         <name>systick.obj</name>
      </input_file>
      <input_file id="fl-14">
         <path>C:\ti\TivaWare_C_Series-2.1.3.156\driverlib\ccs\Debug\</path>
         <kind>archive</kind>
         <file>driverlib.lib</file>
         <name>timer.obj</name>
      </input_file>
      <input_file id="fl-15">
         <path>C:\ti\TivaWare_C_Series-2.1.3.156\driverlib\ccs\Debug\</path>
         <kind>archive</kind>
         <file>driverlib.lib</file>
         <name>uart.obj</name>
      </input_file>
      <input_file id="fl-16">
         <path>C:\ti\TivaWare_C_Series-2.1.3.156\driverlib\ccs\Debug\</path>
         <kind>archive</kind>
         <file>driverlib.lib</file>
         <name>cpu.obj</name>
      </input_file>
      <input_file id="fl-cc">
         <path>C:\ti\ccsv6\tools\compiler\ti-cgt-arm_16.9.0.LTS\lib\</path>
         <kind>archive</kind>
         <file>rtsv7M4_T_le_v4SPD16_eabi.lib</file>
         <name>boot.obj</name>
      </input_file>
      <input_file id="fl-cd">
         <path>C:\ti\ccsv6\tools\compiler\ti-cgt-arm_16.9.0.LTS\lib\</path>
         <kind>archive</kind>
         <file>rtsv7M4_T_le_v4SPD16_eabi.lib</file>
         <name>copy_decompress_lzss.obj</name>
      </input_file>
      <input_file id="fl-ce">
         <path>C:\ti\ccsv6\tools\compiler\ti-cgt-arm_16.9.0.LTS\lib\</path>
         <kind>archive</kind>
         <file>rtsv7M4_T_le_v4SPD16_eabi.lib</file>
         <name>copy_decompress_none.obj</name>
      </input_file>
      <input_file id="fl-cf">
         <path>C:\ti\ccsv6\tools\compiler\ti-cgt-arm_16.9.0.LTS\lib\</path>
         <kind>archive</kind>
         <file>rtsv7M4_T_le_v4SPD16_eabi.lib</file>
         <name>copy_zero_init.obj</name>
      </input_file>
      <input_file id="fl-d0">
         <path>C:\ti\ccsv6\tools\compiler\ti-cgt-arm_16.9.0.LTS\lib\</path>
         <kind>archive</kind>
         <file>rtsv7M4_T_le_v4SPD16_eabi.lib</file>
         <name>exit.obj</name>
      </input_file>
      <input_file id="fl-d1">
         <path>C:\ti\ccsv6\tools\compiler\ti-cgt-arm_16.9.0.LTS\lib\</path>
         <kind>archive</kind>
         <file>rtsv7M4_T_le_v4SPD16_eabi.lib</file>
         <name>memcpy_t2.obj</name>
      </input_file>
      <input_file id="fl-d2">
         <path>C:\ti\ccsv6\tools\compiler\ti-cgt-arm_16.9.0.LTS\lib\</path>
         <kind>archive</kind>
         <file>rtsv7M4_T_le_v4SPD16_eabi.lib</file>
         <name>memset_t2.obj</name>
      </input_file>
      <input_file id="fl-d3">
         <path>C:\ti\ccsv6\tools\compiler\ti-cgt-arm_16.9.0.LTS\lib\</path>
         <kind>archive</kind>
         <file>rtsv7M4_T_le_v4SPD16_eabi.lib</file>
         <name>mpu_init.obj</name>
      </input_file>
      <input_file id="fl-d4">
         <path>C:\ti\ccsv6\tools\compiler\ti-cgt-arm_16.9.0.LTS\lib\</path>
         <kind>archive</kind>
         <file>rtsv7M4_T_le_v4SPD16_eabi.lib</file>
         <name>pre_init.obj</name>
      </input_file>
      <input_file id="fl-d5">
         <path>C:\ti\ccsv6\tools\compiler\ti-cgt-arm_16.9.0.LTS\lib\</path>
         <kind>archive</kind>
         <file>rtsv7M4_T_le_v4SPD16_eabi.lib</file>
         <name>sprintf.obj</name>
      </input_file>
      <input_file id="fl-d6">
         <path>C:\ti\ccsv6\tools\compiler\ti-cgt-arm_16.9.0.LTS\lib\</path>
         <kind>archive</kind>
         <file>rtsv7M4_T_le_v4SPD16_eabi.lib</file>
         <name>stkdepth_vars.obj</name>
      </input_file>
      <input_file id="fl-d7">
         <path>C:\ti\ccsv6\tools\compiler\ti-cgt-arm_16.9.0.LTS\lib\</path>
         <kind>archive</kind>
         <file>rtsv7M4_T_le_v4SPD16_eabi.lib</file>
         <name>u_divt2.obj</name>
      </input_file>
      <input_file id="fl-d8">
         <path>C:\ti\ccsv6\tools\compiler\ti-cgt-arm_16.9.0.LTS\lib\</path>
         <kind>archive</kind>
         <file>rtsv7M4_T_le_v4SPD16_eabi.lib</file>
         <name>_lock.obj</name>
      </input_file>
      <input_file id="fl-d9">
         <path>C:\ti\ccsv6\tools\compiler\ti-cgt-arm_16.9.0.LTS\lib\</path>
         <kind>archive</kind>
         <file>rtsv7M4_T_le_v4SPD16_eabi.lib</file>
         <name>_printfi.obj</name>
      </input_file>
      <input_file id="fl-da">
         <path>C:\ti\ccsv6\tools\compiler\ti-cgt-arm_16.9.0.LTS\lib\</path>
         <kind>archive</kind>
         <file>rtsv7M4_T_le_v4SPD16_eabi.lib</file>
         <name>args_main.obj</name>
      </input_file>
      <input_file id="fl-db">
         <path>C:\ti\ccsv6\tools\compiler\ti-cgt-arm_16.9.0.LTS\lib\</path>
         <kind>archive</kind>
         <file>rtsv7M4_T_le_v4SPD16_eabi.lib</file>
         <name>atoi.obj</name>
      </input_file>
      <input_file id="fl-dc">
         <path>C:\ti\ccsv6\tools\compiler\ti-cgt-arm_16.9.0.LTS\lib\</path>
         <kind>archive</kind>
         <file>rtsv7M4_T_le_v4SPD16_eabi.lib</file>
         <name>autoinit.obj</name>
      </input_file>
      <input_file id="fl-dd">
         <path>C:\ti\ccsv6\tools\compiler\ti-cgt-arm_16.9.0.LTS\lib\</path>
         <kind>archive</kind>
         <file>rtsv7M4_T_le_v4SPD16_eabi.lib</file>
         <name>cpy_tbl.obj</name>
      </input_file>
      <input_file id="fl-de">
         <path>C:\ti\ccsv6\tools\compiler\ti-cgt-arm_16.9.0.LTS\lib\</path>
         <kind>archive</kind>
         <file>rtsv7M4_T_le_v4SPD16_eabi.lib</file>
         <name>ctype.obj</name>
      </input_file>
      <input_file id="fl-df">
         <path>C:\ti\ccsv6\tools\compiler\ti-cgt-arm_16.9.0.LTS\lib\</path>
         <kind>archive</kind>
         <file>rtsv7M4_T_le_v4SPD16_eabi.lib</file>
         <name>fd_add_t2.obj</name>
      </input_file>
      <input_file id="fl-e0">
         <path>C:\ti\ccsv6\tools\compiler\ti-cgt-arm_16.9.0.LTS\lib\</path>
         <kind>archive</kind>
         <file>rtsv7M4_T_le_v4SPD16_eabi.lib</file>
         <name>fd_cmp_t2.obj</name>
      </input_file>
      <input_file id="fl-e1">
         <path>C:\ti\ccsv6\tools\compiler\ti-cgt-arm_16.9.0.LTS\lib\</path>
         <kind>archive</kind>
         <file>rtsv7M4_T_le_v4SPD16_eabi.lib</file>
         <name>fd_div_t2.obj</name>
      </input_file>
      <input_file id="fl-e2">
         <path>C:\ti\ccsv6\tools\compiler\ti-cgt-arm_16.9.0.LTS\lib\</path>
         <kind>archive</kind>
         <file>rtsv7M4_T_le_v4SPD16_eabi.lib</file>
         <name>fd_mul_t2.obj</name>
      </input_file>
      <input_file id="fl-e3">
         <path>C:\ti\ccsv6\tools\compiler\ti-cgt-arm_16.9.0.LTS\lib\</path>
         <kind>archive</kind>
         <file>rtsv7M4_T_le_v4SPD16_eabi.lib</file>
         <name>fd_toi_t2.obj</name>
      </input_file>
      <input_file id="fl-e4">
         <path>C:\ti\ccsv6\tools\compiler\ti-cgt-arm_16.9.0.LTS\lib\</path>
         <kind>archive</kind>
         <file>rtsv7M4_T_le_v4SPD16_eabi.lib</file>
         <name>i_div0.obj</name>
      </input_file>
      <input_file id="fl-e5">
         <path>C:\ti\ccsv6\tools\compiler\ti-cgt-arm_16.9.0.LTS\lib\</path>
         <kind>archive</kind>
         <file>rtsv7M4_T_le_v4SPD16_eabi.lib</file>
         <name>i_tofd_t2.obj</name>
      </input_file>
      <input_file id="fl-e6">
         <path>C:\ti\ccsv6\tools\compiler\ti-cgt-arm_16.9.0.LTS\lib\</path>
         <kind>archive</kind>
         <file>rtsv7M4_T_le_v4SPD16_eabi.lib</file>
         <name>ltoa.obj</name>
      </input_file>
      <input_file id="fl-e7">
         <path>C:\ti\ccsv6\tools\compiler\ti-cgt-arm_16.9.0.LTS\lib\</path>
         <kind>archive</kind>
         <file>rtsv7M4_T_le_v4SPD16_eabi.lib</file>
         <name>memccpy.obj</name>
      </input_file>
      <input_file id="fl-e8">
         <path>C:\ti\ccsv6\tools\compiler\ti-cgt-arm_16.9.0.LTS\lib\</path>
         <kind>archive</kind>
         <file>rtsv7M4_T_le_v4SPD16_eabi.lib</file>
         <name>s_frexp.obj</name>
      </input_file>
      <input_file id="fl-e9">
         <path>C:\ti\ccsv6\tools\compiler\ti-cgt-arm_16.9.0.LTS\lib\</path>
         <kind>archive</kind>
         <file>rtsv7M4_T_le_v4SPD16_eabi.lib</file>
         <name>s_scalbn.obj</name>
      </input_file>
      <input_file id="fl-ea">
         <path>C:\ti\ccsv6\tools\compiler\ti-cgt-arm_16.9.0.LTS\lib\</path>
         <kind>archive</kind>
         <file>rtsv7M4_T_le_v4SPD16_eabi.lib</file>
         <name>startup.obj</name>
      </input_file>
      <input_file id="fl-eb">
         <path>C:\ti\ccsv6\tools\compiler\ti-cgt-arm_16.9.0.LTS\lib\</path>
         <kind>archive</kind>
         <file>rtsv7M4_T_le_v4SPD16_eabi.lib</file>
         <name>strchr.obj</name>
      </input_file>
      <input_file id="fl-ec">
         <path>C:\ti\ccsv6\tools\compiler\ti-cgt-arm_16.9.0.LTS\lib\</path>
         <kind>archive</kind>
         <file>rtsv7M4_T_le_v4SPD16_eabi.lib</file>
         <name>strlen.obj</name>
      </input_file>
      <input_file id="fl-ed">
         <path>C:\ti\ccsv6\tools\compiler\ti-cgt-arm_16.9.0.LTS\lib\</path>
         <kind>archive</kind>
         <file>rtsv7M4_T_le_v4SPD16_eabi.lib</file>
         <name>ull_div_t2.obj</name>
      </input_file>
      <input_file id="fl-ee">
         <path>C:\ti\ccsv6\tools\compiler\ti-cgt-arm_16.9.0.LTS\lib\</path>
         <kind>archive</kind>
         <file>rtsv7M4_T_le_v4SPD16_eabi.lib</file>
         <name>errno.obj</name>
      </input_file>
      <input_file id="fl-ef">
         <path>C:\ti\ccsv6\tools\compiler\ti-cgt-arm_16.9.0.LTS\lib\</path>
         <kind>archive</kind>
         <file>rtsv7M4_T_le_v4SPD16_eabi.lib</file>
         <name>s_copysign.obj</name>
      </input_file>
   </input_file_list>
   <object_component_list>
      <object_component id="oc-f">
         <name>.intvecs</name>
         <load_address>0x0</load_address>
         <run_address>0x0</run_address>
         <size>0x26c</size>
         <input_file_ref idref="fl-4"/>
      </object_component>
      <object_component id="oc-ef">
         <name>.text</name>
         <load_address>0xef70</load_address>
         <run_address>0xef70</run_address>
         <size>0x366a</size>
         <input_file_ref idref="fl-6"/>
      </object_component>
      <object_component id="oc-303">
         <name>.text:_IntDefaultHandler</name>
         <load_address>0x125da</load_address>
         <run_address>0x125da</run_address>
         <size>0x2</size>
         <input_file_ref idref="fl-10"/>
      </object_component>
      <object_component id="oc-278">
         <name>.text</name>
         <load_address>0x125dc</load_address>
         <run_address>0x125dc</run_address>
         <size>0x113a</size>
         <input_file_ref idref="fl-d9"/>
      </object_component>
      <object_component id="oc-2f0">
         <name>.text</name>
         <load_address>0x13716</load_address>
         <run_address>0x13716</run_address>
         <size>0x2</size>
         <input_file_ref idref="fl-e4"/>
      </object_component>
      <object_component id="oc-31">
         <name>.text</name>
         <load_address>0x13718</load_address>
         <run_address>0x13718</run_address>
         <size>0xe84</size>
         <input_file_ref idref="fl-3"/>
      </object_component>
      <object_component id="oc-b6">
         <name>.text</name>
         <load_address>0x1459c</load_address>
         <run_address>0x1459c</run_address>
         <size>0xa54</size>
         <input_file_ref idref="fl-2"/>
      </object_component>
      <object_component id="oc-11e">
         <name>.text</name>
         <load_address>0x14ff0</load_address>
         <run_address>0x14ff0</run_address>
         <size>0x938</size>
         <input_file_ref idref="fl-5"/>
      </object_component>
      <object_component id="oc-98">
         <name>.text</name>
         <load_address>0x15928</load_address>
         <run_address>0x15928</run_address>
         <size>0x49c</size>
         <input_file_ref idref="fl-8"/>
      </object_component>
      <object_component id="oc-24d">
         <name>.text</name>
         <load_address>0x15dc4</load_address>
         <run_address>0x15dc4</run_address>
         <size>0x208</size>
         <input_file_ref idref="fl-7"/>
      </object_component>
      <object_component id="oc-328">
         <name>.text</name>
         <load_address>0x15fcc</load_address>
         <run_address>0x15fcc</run_address>
         <size>0x1f4</size>
         <input_file_ref idref="fl-ed"/>
      </object_component>
      <object_component id="oc-357">
         <name>.text</name>
         <load_address>0x161c0</load_address>
         <run_address>0x161c0</run_address>
         <size>0x1b6</size>
         <input_file_ref idref="fl-df"/>
      </object_component>
      <object_component id="oc-33d">
         <name>.text</name>
         <load_address>0x16376</load_address>
         <run_address>0x16376</run_address>
         <size>0x136</size>
         <input_file_ref idref="fl-e1"/>
      </object_component>
      <object_component id="oc-15d">
         <name>.text:GPIOPadConfigSet</name>
         <load_address>0x164ac</load_address>
         <run_address>0x164ac</run_address>
         <size>0x132</size>
         <input_file_ref idref="fl-f"/>
      </object_component>
      <object_component id="oc-5d">
         <name>.text</name>
         <load_address>0x165de</load_address>
         <run_address>0x165de</run_address>
         <size>0x2</size>
         <input_file_ref idref="fl-d3"/>
      </object_component>
      <object_component id="oc-bc">
         <name>.text:SysCtlClockGet</name>
         <load_address>0x165e0</load_address>
         <run_address>0x165e0</run_address>
         <size>0x110</size>
         <input_file_ref idref="fl-12"/>
      </object_component>
      <object_component id="oc-338">
         <name>.text</name>
         <load_address>0x166f0</load_address>
         <run_address>0x166f0</run_address>
         <size>0xfc</size>
         <input_file_ref idref="fl-e2"/>
      </object_component>
      <object_component id="oc-362">
         <name>.text</name>
         <load_address>0x167ec</load_address>
         <run_address>0x167ec</run_address>
         <size>0xfc</size>
         <input_file_ref idref="fl-e9"/>
      </object_component>
      <object_component id="oc-132">
         <name>.text:SysCtlClockSet</name>
         <load_address>0x168e8</load_address>
         <run_address>0x168e8</run_address>
         <size>0xf4</size>
         <input_file_ref idref="fl-12"/>
      </object_component>
      <object_component id="oc-45">
         <name>.text</name>
         <load_address>0x169dc</load_address>
         <run_address>0x169dc</run_address>
         <size>0x9c</size>
         <input_file_ref idref="fl-d1"/>
      </object_component>
      <object_component id="oc-333">
         <name>.text:__aeabi_cdcmple</name>
         <load_address>0x16a78</load_address>
         <run_address>0x16a78</run_address>
         <size>0x86</size>
         <input_file_ref idref="fl-e0"/>
      </object_component>
      <object_component id="oc-342">
         <name>.text:__aeabi_cdrcmple</name>
         <load_address>0x16afe</load_address>
         <run_address>0x16afe</run_address>
         <size>0x86</size>
         <input_file_ref idref="fl-e0"/>
      </object_component>
      <object_component id="oc-51">
         <name>.text</name>
         <load_address>0x16b84</load_address>
         <run_address>0x16b84</run_address>
         <size>0x7a</size>
         <input_file_ref idref="fl-d2"/>
      </object_component>
      <object_component id="oc-1c5">
         <name>.text</name>
         <load_address>0x16bfe</load_address>
         <run_address>0x16bfe</run_address>
         <size>0x2</size>
         <input_file_ref idref="fl-ea"/>
      </object_component>
      <object_component id="oc-69">
         <name>.text</name>
         <load_address>0x16c00</load_address>
         <run_address>0x16c00</run_address>
         <size>0x70</size>
         <input_file_ref idref="fl-dc"/>
      </object_component>
      <object_component id="oc-225">
         <name>.text:IntDisable</name>
         <load_address>0x16c70</load_address>
         <run_address>0x16c70</run_address>
         <size>0x68</size>
         <input_file_ref idref="fl-10"/>
      </object_component>
      <object_component id="oc-c2">
         <name>.text:IntEnable</name>
         <load_address>0x16cd8</load_address>
         <run_address>0x16cd8</run_address>
         <size>0x68</size>
         <input_file_ref idref="fl-10"/>
      </object_component>
      <object_component id="oc-12">
         <name>.text:decompress:lzss</name>
         <load_address>0x16d40</load_address>
         <run_address>0x16d40</run_address>
         <size>0x68</size>
         <input_file_ref idref="fl-cd"/>
      </object_component>
      <object_component id="oc-35c">
         <name>.text</name>
         <load_address>0x16da8</load_address>
         <run_address>0x16da8</run_address>
         <size>0x64</size>
         <input_file_ref idref="fl-e8"/>
      </object_component>
      <object_component id="oc-ce">
         <name>.text:TimerConfigure</name>
         <load_address>0x16e0c</load_address>
         <run_address>0x16e0c</run_address>
         <size>0x60</size>
         <input_file_ref idref="fl-14"/>
      </object_component>
      <object_component id="oc-111">
         <name>.text</name>
         <load_address>0x16e6c</load_address>
         <run_address>0x16e6c</run_address>
         <size>0x60</size>
         <input_file_ref idref="fl-d5"/>
      </object_component>
      <object_component id="oc-181">
         <name>.text:GPIOIntTypeSet</name>
         <load_address>0x16ecc</load_address>
         <run_address>0x16ecc</run_address>
         <size>0x56</size>
         <input_file_ref idref="fl-f"/>
      </object_component>
      <object_component id="oc-34c">
         <name>.text</name>
         <load_address>0x16f22</load_address>
         <run_address>0x16f22</run_address>
         <size>0x56</size>
         <input_file_ref idref="fl-e6"/>
      </object_component>
      <object_component id="oc-24">
         <name>.text</name>
         <load_address>0x16f78</load_address>
         <run_address>0x16f78</run_address>
         <size>0x54</size>
         <input_file_ref idref="fl-cc"/>
      </object_component>
      <object_component id="oc-75">
         <name>.text</name>
         <load_address>0x16fcc</load_address>
         <run_address>0x16fcc</run_address>
         <size>0x54</size>
         <input_file_ref idref="fl-d0"/>
      </object_component>
      <object_component id="oc-36e">
         <name>.text</name>
         <load_address>0x17020</load_address>
         <run_address>0x17020</run_address>
         <size>0x4c</size>
         <input_file_ref idref="fl-db"/>
      </object_component>
      <object_component id="oc-1bf">
         <name>.text</name>
         <load_address>0x1706c</load_address>
         <run_address>0x1706c</run_address>
         <size>0x4c</size>
         <input_file_ref idref="fl-dd"/>
      </object_component>
      <object_component id="oc-86">
         <name>.text:GPIOPinConfigure</name>
         <load_address>0x170b8</load_address>
         <run_address>0x170b8</run_address>
         <size>0x48</size>
         <input_file_ref idref="fl-f"/>
      </object_component>
      <object_component id="oc-347">
         <name>.text</name>
         <load_address>0x17100</load_address>
         <run_address>0x17100</run_address>
         <size>0x48</size>
         <input_file_ref idref="fl-e3"/>
      </object_component>
      <object_component id="oc-1ea">
         <name>.text:UARTConfigSetExpClk</name>
         <load_address>0x17148</load_address>
         <run_address>0x17148</run_address>
         <size>0x46</size>
         <input_file_ref idref="fl-15"/>
      </object_component>
      <object_component id="oc-20b">
         <name>.text</name>
         <load_address>0x1718e</load_address>
         <run_address>0x1718e</run_address>
         <size>0x40</size>
         <input_file_ref idref="fl-d7"/>
      </object_component>
      <object_component id="oc-e3">
         <name>.text:SSIConfigSetExpClk</name>
         <load_address>0x171ce</load_address>
         <run_address>0x171ce</run_address>
         <size>0x3c</size>
         <input_file_ref idref="fl-11"/>
      </object_component>
      <object_component id="oc-1e4">
         <name>.text:SysCtlPeripheralPresent</name>
         <load_address>0x1720c</load_address>
         <run_address>0x1720c</run_address>
         <size>0x38</size>
         <input_file_ref idref="fl-12"/>
      </object_component>
      <object_component id="oc-21f">
         <name>.text:IntRegister</name>
         <load_address>0x17244</load_address>
         <run_address>0x17244</run_address>
         <size>0x34</size>
         <input_file_ref idref="fl-10"/>
      </object_component>
      <object_component id="oc-80">
         <name>.text:SysCtlPeripheralEnable</name>
         <load_address>0x17278</load_address>
         <run_address>0x17278</run_address>
         <size>0x34</size>
         <input_file_ref idref="fl-12"/>
      </object_component>
      <object_component id="oc-352">
         <name>.text</name>
         <load_address>0x172ac</load_address>
         <run_address>0x172ac</run_address>
         <size>0x2e</size>
         <input_file_ref idref="fl-e5"/>
      </object_component>
      <object_component id="oc-163">
         <name>.text:GPIODirModeSet</name>
         <load_address>0x172da</load_address>
         <run_address>0x172da</run_address>
         <size>0x2a</size>
         <input_file_ref idref="fl-f"/>
      </object_component>
      <object_component id="oc-175">
         <name>.text:IntPrioritySet</name>
         <load_address>0x17304</load_address>
         <run_address>0x17304</run_address>
         <size>0x24</size>
         <input_file_ref idref="fl-10"/>
      </object_component>
      <object_component id="oc-2e0">
         <name>.text:UARTDisable</name>
         <load_address>0x17328</load_address>
         <run_address>0x17328</run_address>
         <size>0x20</size>
         <input_file_ref idref="fl-15"/>
      </object_component>
      <object_component id="oc-374">
         <name>.text</name>
         <load_address>0x17348</load_address>
         <run_address>0x17348</run_address>
         <size>0x1c</size>
         <input_file_ref idref="fl-e7"/>
      </object_component>
      <object_component id="oc-151">
         <name>.text:GPIOPinTypeGPIOOutput</name>
         <load_address>0x17364</load_address>
         <run_address>0x17364</run_address>
         <size>0x18</size>
         <input_file_ref idref="fl-f"/>
      </object_component>
      <object_component id="oc-10b">
         <name>.text:TimerDisable</name>
         <load_address>0x1737c</load_address>
         <run_address>0x1737c</run_address>
         <size>0x18</size>
         <input_file_ref idref="fl-14"/>
      </object_component>
      <object_component id="oc-6f">
         <name>.text</name>
         <load_address>0x17394</load_address>
         <run_address>0x17394</run_address>
         <size>0x18</size>
         <input_file_ref idref="fl-da"/>
      </object_component>
      <object_component id="oc-d4">
         <name>.text:TimerControlEvent</name>
         <load_address>0x173ac</load_address>
         <run_address>0x173ac</run_address>
         <size>0x16</size>
         <input_file_ref idref="fl-14"/>
      </object_component>
      <object_component id="oc-368">
         <name>.text</name>
         <load_address>0x173c2</load_address>
         <run_address>0x173c2</run_address>
         <size>0x16</size>
         <input_file_ref idref="fl-eb"/>
      </object_component>
      <object_component id="oc-22b">
         <name>.text:IntUnregister</name>
         <load_address>0x173d8</load_address>
         <run_address>0x173d8</run_address>
         <size>0x14</size>
         <input_file_ref idref="fl-10"/>
      </object_component>
      <object_component id="oc-13f">
         <name>.text:SysTickEnable</name>
         <load_address>0x173ec</load_address>
         <run_address>0x173ec</run_address>
         <size>0x14</size>
         <input_file_ref idref="fl-13"/>
      </object_component>
      <object_component id="oc-145">
         <name>.text:SysTickIntEnable</name>
         <load_address>0x17400</load_address>
         <run_address>0x17400</run_address>
         <size>0x14</size>
         <input_file_ref idref="fl-13"/>
      </object_component>
      <object_component id="oc-1f0">
         <name>.text:UARTEnable</name>
         <load_address>0x17414</load_address>
         <run_address>0x17414</run_address>
         <size>0x14</size>
         <input_file_ref idref="fl-15"/>
      </object_component>
      <object_component id="oc-2c6">
         <name>.text</name>
         <load_address>0x17428</load_address>
         <run_address>0x17428</run_address>
         <size>0x14</size>
         <input_file_ref idref="fl-d8"/>
      </object_component>
      <object_component id="oc-3c6">
         <name>.text</name>
         <load_address>0x1743c</load_address>
         <run_address>0x1743c</run_address>
         <size>0x14</size>
         <input_file_ref idref="fl-ef"/>
      </object_component>
      <object_component id="oc-32d">
         <name>.text</name>
         <load_address>0x17450</load_address>
         <run_address>0x17450</run_address>
         <size>0x14</size>
         <input_file_ref idref="fl-ec"/>
      </object_component>
      <object_component id="oc-169">
         <name>.text:GPIOPinTypeCAN</name>
         <load_address>0x17464</load_address>
         <run_address>0x17464</run_address>
         <size>0x12</size>
         <input_file_ref idref="fl-f"/>
      </object_component>
      <object_component id="oc-16f">
         <name>.text:GPIOPinTypeGPIOInput</name>
         <load_address>0x17476</load_address>
         <run_address>0x17476</run_address>
         <size>0x12</size>
         <input_file_ref idref="fl-f"/>
      </object_component>
      <object_component id="oc-157">
         <name>.text:GPIOPinTypeSSI</name>
         <load_address>0x17488</load_address>
         <run_address>0x17488</run_address>
         <size>0x12</size>
         <input_file_ref idref="fl-f"/>
      </object_component>
      <object_component id="oc-14b">
         <name>.text:GPIOPinTypeTimer</name>
         <load_address>0x1749a</load_address>
         <run_address>0x1749a</run_address>
         <size>0x12</size>
         <input_file_ref idref="fl-f"/>
      </object_component>
      <object_component id="oc-8c">
         <name>.text:GPIOPinTypeUART</name>
         <load_address>0x174ac</load_address>
         <run_address>0x174ac</run_address>
         <size>0x12</size>
         <input_file_ref idref="fl-f"/>
      </object_component>
      <object_component id="oc-da">
         <name>.text:TimerLoadSet</name>
         <load_address>0x174be</load_address>
         <run_address>0x174be</run_address>
         <size>0x12</size>
         <input_file_ref idref="fl-14"/>
      </object_component>
      <object_component id="oc-12c">
         <name>.text:FPULazyStackingEnable</name>
         <load_address>0x174d0</load_address>
         <run_address>0x174d0</run_address>
         <size>0x10</size>
         <input_file_ref idref="fl-e"/>
      </object_component>
      <object_component id="oc-193">
         <name>.text:IntMasterEnable</name>
         <load_address>0x174e0</load_address>
         <run_address>0x174e0</run_address>
         <size>0x10</size>
         <input_file_ref idref="fl-10"/>
      </object_component>
      <object_component id="oc-139">
         <name>.text:SysTickPeriodSet</name>
         <load_address>0x174f0</load_address>
         <run_address>0x174f0</run_address>
         <size>0x10</size>
         <input_file_ref idref="fl-13"/>
      </object_component>
      <object_component id="oc-17b">
         <name>.text:GPIOIntDisable</name>
         <load_address>0x17500</load_address>
         <run_address>0x17500</run_address>
         <size>0xe</size>
         <input_file_ref idref="fl-f"/>
      </object_component>
      <object_component id="oc-ff">
         <name>.text:GPIOIntStatus</name>
         <load_address>0x1750e</load_address>
         <run_address>0x1750e</run_address>
         <size>0xe</size>
         <input_file_ref idref="fl-f"/>
      </object_component>
      <object_component id="oc-117">
         <name>.text:TimerEnable</name>
         <load_address>0x1751c</load_address>
         <run_address>0x1751c</run_address>
         <size>0xe</size>
         <input_file_ref idref="fl-14"/>
      </object_component>
      <object_component id="oc-18">
         <name>.text:decompress:none</name>
         <load_address>0x1752a</load_address>
         <run_address>0x1752a</run_address>
         <size>0xe</size>
         <input_file_ref idref="fl-ce"/>
      </object_component>
      <object_component id="oc-2a5">
         <name>.text:CPUcpsie</name>
         <load_address>0x17538</load_address>
         <run_address>0x17538</run_address>
         <size>0xc</size>
         <input_file_ref idref="fl-16"/>
      </object_component>
      <object_component id="oc-187">
         <name>.text:GPIOIntEnable</name>
         <load_address>0x17544</load_address>
         <run_address>0x17544</run_address>
         <size>0xc</size>
         <input_file_ref idref="fl-f"/>
      </object_component>
      <object_component id="oc-b0">
         <name>.text:SSIDataGet</name>
         <load_address>0x17550</load_address>
         <run_address>0x17550</run_address>
         <size>0xc</size>
         <input_file_ref idref="fl-11"/>
      </object_component>
      <object_component id="oc-1e">
         <name>.text:decompress:ZI</name>
         <load_address>0x1755c</load_address>
         <run_address>0x1755c</run_address>
         <size>0xc</size>
         <input_file_ref idref="fl-cf"/>
      </object_component>
      <object_component id="oc-2b">
         <name>.text</name>
         <load_address>0x17568</load_address>
         <run_address>0x17568</run_address>
         <size>0xc</size>
         <input_file_ref idref="fl-4"/>
      </object_component>
      <object_component id="oc-a4">
         <name>.text:SSIDataPut</name>
         <load_address>0x17574</load_address>
         <run_address>0x17574</run_address>
         <size>0xa</size>
         <input_file_ref idref="fl-11"/>
      </object_component>
      <object_component id="oc-281">
         <name>.text:SSIDisable</name>
         <load_address>0x1757e</load_address>
         <run_address>0x1757e</run_address>
         <size>0xa</size>
         <input_file_ref idref="fl-11"/>
      </object_component>
      <object_component id="oc-e9">
         <name>.text:SSIEnable</name>
         <load_address>0x17588</load_address>
         <run_address>0x17588</run_address>
         <size>0xa</size>
         <input_file_ref idref="fl-11"/>
      </object_component>
      <object_component id="oc-f5">
         <name>.text:TimerValueGet</name>
         <load_address>0x17592</load_address>
         <run_address>0x17592</run_address>
         <size>0xa</size>
         <input_file_ref idref="fl-14"/>
      </object_component>
      <object_component id="oc-1fc">
         <name>.text:UARTCharGet</name>
         <load_address>0x1759c</load_address>
         <run_address>0x1759c</run_address>
         <size>0xa</size>
         <input_file_ref idref="fl-15"/>
      </object_component>
      <object_component id="oc-1f6">
         <name>.text:UARTCharPut</name>
         <load_address>0x175a6</load_address>
         <run_address>0x175a6</run_address>
         <size>0xa</size>
         <input_file_ref idref="fl-15"/>
      </object_component>
      <object_component id="oc-aa">
         <name>.text:SSIBusy</name>
         <load_address>0x175b0</load_address>
         <run_address>0x175b0</run_address>
         <size>0x8</size>
         <input_file_ref idref="fl-11"/>
      </object_component>
      <object_component id="oc-18d">
         <name>.text:TimerIntEnable</name>
         <load_address>0x175b8</load_address>
         <run_address>0x175b8</run_address>
         <size>0x8</size>
         <input_file_ref idref="fl-14"/>
      </object_component>
      <object_component id="oc-105">
         <name>.text:GPIOIntClear</name>
         <load_address>0x175c0</load_address>
         <run_address>0x175c0</run_address>
         <size>0x6</size>
         <input_file_ref idref="fl-f"/>
      </object_component>
      <object_component id="oc-9e">
         <name>.text:GPIOPinWrite</name>
         <load_address>0x175c6</load_address>
         <run_address>0x175c6</run_address>
         <size>0x6</size>
         <input_file_ref idref="fl-f"/>
      </object_component>
      <object_component id="oc-138">
         <name>.text:SysCtlDelay</name>
         <load_address>0x175cc</load_address>
         <run_address>0x175cc</run_address>
         <size>0x6</size>
         <input_file_ref idref="fl-12"/>
      </object_component>
      <object_component id="oc-c8">
         <name>.text:TimerClockSourceSet</name>
         <load_address>0x175d2</load_address>
         <run_address>0x175d2</run_address>
         <size>0x6</size>
         <input_file_ref idref="fl-14"/>
      </object_component>
      <object_component id="oc-92">
         <name>.text:UARTClockSourceSet</name>
         <load_address>0x175d8</load_address>
         <run_address>0x175d8</run_address>
         <size>0x6</size>
         <input_file_ref idref="fl-15"/>
      </object_component>
      <object_component id="oc-124">
         <name>.text:TimerIntClear</name>
         <load_address>0x175de</load_address>
         <run_address>0x175de</run_address>
         <size>0x4</size>
         <input_file_ref idref="fl-14"/>
      </object_component>
      <object_component id="oc-63">
         <name>.text</name>
         <load_address>0x175e2</load_address>
         <run_address>0x175e2</run_address>
         <size>0x4</size>
         <input_file_ref idref="fl-d4"/>
      </object_component>
      <object_component id="oc-316">
         <name>.const:sjis2uni</name>
         <load_address>0x26c</load_address>
         <run_address>0x26c</run_address>
         <size>0x7378</size>
         <input_file_ref idref="fl-7"/>
      </object_component>
      <object_component id="oc-319">
         <name>.const:uni2sjis</name>
         <load_address>0x75e4</load_address>
         <run_address>0x75e4</run_address>
         <size>0x7378</size>
         <input_file_ref idref="fl-7"/>
      </object_component>
      <object_component id="oc-31c">
         <name>.const:cvt1$1</name>
         <load_address>0xe95c</load_address>
         <run_address>0xe95c</run_address>
         <size>0x1f2</size>
         <input_file_ref idref="fl-7"/>
      </object_component>
      <object_component id="oc-3d3">
         <name>.const:.string:_ctypes_</name>
         <load_address>0xeb4e</load_address>
         <run_address>0xeb4e</run_address>
         <size>0x101</size>
         <input_file_ref idref="fl-de"/>
      </object_component>
      <object_component id="oc-31d">
         <name>.const:cvt2$2</name>
         <load_address>0xec50</load_address>
         <run_address>0xec50</run_address>
         <size>0xbc</size>
         <input_file_ref idref="fl-7"/>
      </object_component>
      <object_component id="oc-29d">
         <name>.const:g_pui32Regs</name>
         <load_address>0xed0c</load_address>
         <run_address>0xed0c</run_address>
         <size>0x9c</size>
         <input_file_ref idref="fl-10"/>
      </object_component>
      <object_component id="oc-1dc">
         <name>.const:g_pui32GPIOBaseAddrs</name>
         <load_address>0xeda8</load_address>
         <run_address>0xeda8</run_address>
         <size>0x90</size>
         <input_file_ref idref="fl-f"/>
      </object_component>
      <object_component id="oc-23f">
         <name>.const</name>
         <load_address>0xee38</load_address>
         <run_address>0xee38</run_address>
         <size>0x70</size>
         <input_file_ref idref="fl-10"/>
      </object_component>
      <object_component id="oc-23b">
         <name>.const:g_pui32Xtals</name>
         <load_address>0xeea8</load_address>
         <run_address>0xeea8</run_address>
         <size>0x6c</size>
         <input_file_ref idref="fl-12"/>
      </object_component>
      <object_component id="oc-231">
         <name>.const:g_ui16CANBitValues</name>
         <load_address>0xef14</load_address>
         <run_address>0xef14</run_address>
         <size>0x20</size>
         <input_file_ref idref="fl-2"/>
      </object_component>
      <object_component id="oc-2f7">
         <name>.const:.string</name>
         <load_address>0xef34</load_address>
         <run_address>0xef34</run_address>
         <size>0x12</size>
         <input_file_ref idref="fl-8"/>
      </object_component>
      <object_component id="oc-253">
         <name>.const:.string:LfnOfs</name>
         <load_address>0xef46</load_address>
         <run_address>0xef46</run_address>
         <size>0xd</size>
         <input_file_ref idref="fl-6"/>
      </object_component>
      <object_component id="oc-208">
         <name>.const:g_ui32UARTBase</name>
         <load_address>0xef54</load_address>
         <run_address>0xef54</run_address>
         <size>0xc</size>
         <input_file_ref idref="fl-8"/>
      </object_component>
      <object_component id="oc-202">
         <name>.const:g_ui32UARTPeriph</name>
         <load_address>0xef60</load_address>
         <run_address>0xef60</run_address>
         <size>0xc</size>
         <input_file_ref idref="fl-8"/>
      </object_component>
      <object_component id="oc-210">
         <name>.const</name>
         <load_address>0xef6c</load_address>
         <run_address>0xef6c</run_address>
         <size>0x4</size>
         <input_file_ref idref="fl-8"/>
      </object_component>
      <object_component id="oc-419">
         <name>.cinit..data.load</name>
         <load_address>0x175e8</load_address>
         <run_address>0x175e8</run_address>
         <size>0x20</size>
      </object_component>
      <object_component id="oc-416">
         <name>__TI_handler_table</name>
         <load_address>0x17608</load_address>
         <run_address>0x17608</run_address>
         <size>0xc</size>
      </object_component>
      <object_component id="oc-41a">
         <name>.cinit..bss.load</name>
         <load_address>0x17618</load_address>
         <run_address>0x17618</run_address>
         <size>0x8</size>
      </object_component>
      <object_component id="oc-418">
         <name>.cinit..vtable.load</name>
         <load_address>0x17620</load_address>
         <run_address>0x17620</run_address>
         <size>0x8</size>
      </object_component>
      <object_component id="oc-417">
         <name>__TI_cinit_table</name>
         <load_address>0x17628</load_address>
         <run_address>0x17628</run_address>
         <size>0x18</size>
      </object_component>
      <object_component id="oc-2fe">
         <name>.vtable</name>
         <uninitialized>true</uninitialized>
         <run_address>0x20000000</run_address>
         <size>0x26c</size>
         <input_file_ref idref="fl-10"/>
      </object_component>
      <object_component id="oc-e0">
         <name>.data</name>
         <load_address>0x2000092c</load_address>
         <run_address>0x2000092c</run_address>
         <size>0x3b</size>
         <input_file_ref idref="fl-3"/>
      </object_component>
      <object_component id="oc-28a">
         <name>.data</name>
         <load_address>0x20000981</load_address>
         <run_address>0x20000981</run_address>
         <size>0x2</size>
         <input_file_ref idref="fl-5"/>
      </object_component>
      <object_component id="oc-205">
         <name>.data</name>
         <load_address>0x2000097c</load_address>
         <run_address>0x2000097c</run_address>
         <size>0x5</size>
         <input_file_ref idref="fl-8"/>
      </object_component>
      <object_component id="oc-1cf">
         <name>.data:$O1$$</name>
         <load_address>0x20000968</load_address>
         <run_address>0x20000968</run_address>
         <size>0xc</size>
         <input_file_ref idref="fl-d0"/>
      </object_component>
      <object_component id="oc-7b">
         <name>.data</name>
         <load_address>0x20000988</load_address>
         <run_address>0x20000988</run_address>
         <size>0x4</size>
         <input_file_ref idref="fl-d6"/>
      </object_component>
      <object_component id="oc-1d2">
         <name>.data:$O1$$</name>
         <load_address>0x20000974</load_address>
         <run_address>0x20000974</run_address>
         <size>0x8</size>
         <input_file_ref idref="fl-d8"/>
      </object_component>
      <object_component id="oc-3cc">
         <name>.data</name>
         <load_address>0x20000984</load_address>
         <run_address>0x20000984</run_address>
         <size>0x4</size>
         <input_file_ref idref="fl-ee"/>
      </object_component>
      <object_component id="oc-287">
         <name>.bss</name>
         <uninitialized>true</uninitialized>
         <run_address>0x20000924</run_address>
         <size>0x3</size>
         <input_file_ref idref="fl-5"/>
      </object_component>
      <object_component id="oc-256">
         <name>.bss:FatFs</name>
         <uninitialized>true</uninitialized>
         <run_address>0x2000091c</run_address>
         <size>0x4</size>
         <input_file_ref idref="fl-6"/>
      </object_component>
      <object_component id="oc-259">
         <name>.bss</name>
         <uninitialized>true</uninitialized>
         <run_address>0x20000928</run_address>
         <size>0x2</size>
         <input_file_ref idref="fl-6"/>
      </object_component>
      <object_component id="oc-11d">
         <name>.common:FatFs</name>
         <uninitialized>true</uninitialized>
         <run_address>0x2000066c</run_address>
         <size>0x234</size>
      </object_component>
      <object_component id="oc-199">
         <name>.common:logfile</name>
         <uninitialized>true</uninitialized>
         <run_address>0x200008cc</run_address>
         <size>0x28</size>
      </object_component>
      <object_component id="oc-fb">
         <name>.common:sCANMessage</name>
         <uninitialized>true</uninitialized>
         <run_address>0x200008f4</run_address>
         <size>0x14</size>
      </object_component>
      <object_component id="oc-fe">
         <name>.common:Val_ADC</name>
         <uninitialized>true</uninitialized>
         <run_address>0x200008a0</run_address>
         <size>0x2c</size>
      </object_component>
      <object_component id="oc-12b">
         <name>.common:file_name</name>
         <uninitialized>true</uninitialized>
         <run_address>0x20000920</run_address>
         <size>0x4</size>
      </object_component>
      <object_component id="oc-12a">
         <name>.common:texto</name>
         <uninitialized>true</uninitialized>
         <run_address>0x20000908</run_address>
         <size>0x14</size>
      </object_component>
      <object_component id="oc-2a">
         <name>.stack</name>
         <uninitialized>true</uninitialized>
         <run_address>0x2000026c</run_address>
         <size>0x0</size>
         <input_file_ref idref="fl-cc"/>
      </object_component>
      <object_component id="oc-41b">
         <name>.stack</name>
         <uninitialized>true</uninitialized>
         <run_address>0x2000026c</run_address>
         <size>0x0</size>
      </object_component>
      <object_component id="oc-235">
         <name>.debug_info</name>
         <load_address>0x0</load_address>
         <run_address>0x0</run_address>
         <size>0x1b0</size>
         <input_file_ref idref="fl-2"/>
      </object_component>
      <object_component id="oc-232">
         <name>.debug_info</name>
         <load_address>0x1b0</load_address>
         <run_address>0x1b0</run_address>
         <size>0x10e</size>
         <input_file_ref idref="fl-2"/>
      </object_component>
      <object_component id="oc-b7">
         <name>.debug_info</name>
         <load_address>0x2be</load_address>
         <run_address>0x2be</run_address>
         <size>0x16e4</size>
         <input_file_ref idref="fl-2"/>
      </object_component>
      <object_component id="oc-236">
         <name>.debug_info</name>
         <load_address>0x19a2</load_address>
         <run_address>0x19a2</run_address>
         <size>0x1b3</size>
         <input_file_ref idref="fl-2"/>
      </object_component>
      <object_component id="oc-1a0">
         <name>.debug_info</name>
         <load_address>0x1b55</load_address>
         <run_address>0x1b55</run_address>
         <size>0x8b</size>
         <input_file_ref idref="fl-2"/>
      </object_component>
      <object_component id="oc-19b">
         <name>.debug_info</name>
         <load_address>0x1be0</load_address>
         <run_address>0x1be0</run_address>
         <size>0x18b</size>
         <input_file_ref idref="fl-2"/>
      </object_component>
      <object_component id="oc-fc">
         <name>.debug_info</name>
         <load_address>0x1d6b</load_address>
         <run_address>0x1d6b</run_address>
         <size>0xeeb</size>
         <input_file_ref idref="fl-3"/>
      </object_component>
      <object_component id="oc-e1">
         <name>.debug_info</name>
         <load_address>0x2c56</load_address>
         <run_address>0x2c56</run_address>
         <size>0x422</size>
         <input_file_ref idref="fl-3"/>
      </object_component>
      <object_component id="oc-32">
         <name>.debug_info</name>
         <load_address>0x3078</load_address>
         <run_address>0x3078</run_address>
         <size>0x1610</size>
         <input_file_ref idref="fl-3"/>
      </object_component>
      <object_component id="oc-263">
         <name>.debug_info</name>
         <load_address>0x4688</load_address>
         <run_address>0x4688</run_address>
         <size>0x511</size>
         <input_file_ref idref="fl-3"/>
      </object_component>
      <object_component id="oc-25d">
         <name>.debug_info</name>
         <load_address>0x4b99</load_address>
         <run_address>0x4b99</run_address>
         <size>0xe4</size>
         <input_file_ref idref="fl-3"/>
      </object_component>
      <object_component id="oc-268">
         <name>.debug_info</name>
         <load_address>0x4c7d</load_address>
         <run_address>0x4c7d</run_address>
         <size>0x70</size>
         <input_file_ref idref="fl-3"/>
      </object_component>
      <object_component id="oc-215">
         <name>.debug_info</name>
         <load_address>0x4ced</load_address>
         <run_address>0x4ced</run_address>
         <size>0x4e</size>
         <input_file_ref idref="fl-3"/>
      </object_component>
      <object_component id="oc-39">
         <name>.debug_info</name>
         <load_address>0x4d3b</load_address>
         <run_address>0x4d3b</run_address>
         <size>0x1e9</size>
         <input_file_ref idref="fl-4"/>
      </object_component>
      <object_component id="oc-10">
         <name>.debug_info</name>
         <load_address>0x4f24</load_address>
         <run_address>0x4f24</run_address>
         <size>0x118</size>
         <input_file_ref idref="fl-4"/>
      </object_component>
      <object_component id="oc-2e">
         <name>.debug_info</name>
         <load_address>0x503c</load_address>
         <run_address>0x503c</run_address>
         <size>0x295</size>
         <input_file_ref idref="fl-4"/>
      </object_component>
      <object_component id="oc-40">
         <name>.debug_info</name>
         <load_address>0x52d1</load_address>
         <run_address>0x52d1</run_address>
         <size>0x84</size>
         <input_file_ref idref="fl-4"/>
      </object_component>
      <object_component id="oc-28e">
         <name>.debug_info</name>
         <load_address>0x5355</load_address>
         <run_address>0x5355</run_address>
         <size>0x398</size>
         <input_file_ref idref="fl-5"/>
      </object_component>
      <object_component id="oc-28b">
         <name>.debug_info</name>
         <load_address>0x56ed</load_address>
         <run_address>0x56ed</run_address>
         <size>0x11d</size>
         <input_file_ref idref="fl-5"/>
      </object_component>
      <object_component id="oc-288">
         <name>.debug_info</name>
         <load_address>0x580a</load_address>
         <run_address>0x580a</run_address>
         <size>0x13b</size>
         <input_file_ref idref="fl-5"/>
      </object_component>
      <object_component id="oc-11f">
         <name>.debug_info</name>
         <load_address>0x5945</load_address>
         <run_address>0x5945</run_address>
         <size>0x14e8</size>
         <input_file_ref idref="fl-5"/>
      </object_component>
      <object_component id="oc-262">
         <name>.debug_info</name>
         <load_address>0x6e2d</load_address>
         <run_address>0x6e2d</run_address>
         <size>0x3a8</size>
         <input_file_ref idref="fl-6"/>
      </object_component>
      <object_component id="oc-257">
         <name>.debug_info</name>
         <load_address>0x71d5</load_address>
         <run_address>0x71d5</run_address>
         <size>0xfa</size>
         <input_file_ref idref="fl-6"/>
      </object_component>
      <object_component id="oc-25a">
         <name>.debug_info</name>
         <load_address>0x72cf</load_address>
         <run_address>0x72cf</run_address>
         <size>0xf8</size>
         <input_file_ref idref="fl-6"/>
      </object_component>
      <object_component id="oc-254">
         <name>.debug_info</name>
         <load_address>0x73c7</load_address>
         <run_address>0x73c7</run_address>
         <size>0xfc</size>
         <input_file_ref idref="fl-6"/>
      </object_component>
      <object_component id="oc-f2">
         <name>.debug_info</name>
         <load_address>0x74c3</load_address>
         <run_address>0x74c3</run_address>
         <size>0x409a</size>
         <input_file_ref idref="fl-6"/>
      </object_component>
      <object_component id="oc-26d">
         <name>.debug_info</name>
         <load_address>0xb55d</load_address>
         <run_address>0xb55d</run_address>
         <size>0x8c</size>
         <input_file_ref idref="fl-6"/>
      </object_component>
      <object_component id="oc-31f">
         <name>.debug_info</name>
         <load_address>0xb5e9</load_address>
         <run_address>0xb5e9</run_address>
         <size>0x16e</size>
         <input_file_ref idref="fl-7"/>
      </object_component>
      <object_component id="oc-31a">
         <name>.debug_info</name>
         <load_address>0xb757</load_address>
         <run_address>0xb757</run_address>
         <size>0x109</size>
         <input_file_ref idref="fl-7"/>
      </object_component>
      <object_component id="oc-317">
         <name>.debug_info</name>
         <load_address>0xb860</load_address>
         <run_address>0xb860</run_address>
         <size>0x10a</size>
         <input_file_ref idref="fl-7"/>
      </object_component>
      <object_component id="oc-24e">
         <name>.debug_info</name>
         <load_address>0xb96a</load_address>
         <run_address>0xb96a</run_address>
         <size>0x2d6</size>
         <input_file_ref idref="fl-7"/>
      </object_component>
      <object_component id="oc-214">
         <name>.debug_info</name>
         <load_address>0xbc40</load_address>
         <run_address>0xbc40</run_address>
         <size>0x28c</size>
         <input_file_ref idref="fl-8"/>
      </object_component>
      <object_component id="oc-206">
         <name>.debug_info</name>
         <load_address>0xbecc</load_address>
         <run_address>0xbecc</run_address>
         <size>0x129</size>
         <input_file_ref idref="fl-8"/>
      </object_component>
      <object_component id="oc-211">
         <name>.debug_info</name>
         <load_address>0xbff5</load_address>
         <run_address>0xbff5</run_address>
         <size>0x123</size>
         <input_file_ref idref="fl-8"/>
      </object_component>
      <object_component id="oc-209">
         <name>.debug_info</name>
         <load_address>0xc118</load_address>
         <run_address>0xc118</run_address>
         <size>0x131</size>
         <input_file_ref idref="fl-8"/>
      </object_component>
      <object_component id="oc-203">
         <name>.debug_info</name>
         <load_address>0xc249</load_address>
         <run_address>0xc249</run_address>
         <size>0x135</size>
         <input_file_ref idref="fl-8"/>
      </object_component>
      <object_component id="oc-9a">
         <name>.debug_info</name>
         <load_address>0xc37e</load_address>
         <run_address>0xc37e</run_address>
         <size>0x98e</size>
         <input_file_ref idref="fl-8"/>
      </object_component>
      <object_component id="oc-130">
         <name>.debug_info</name>
         <load_address>0xcd0c</load_address>
         <run_address>0xcd0c</run_address>
         <size>0x225</size>
         <input_file_ref idref="fl-e"/>
      </object_component>
      <object_component id="oc-1e0">
         <name>.debug_info</name>
         <load_address>0xcf31</load_address>
         <run_address>0xcf31</run_address>
         <size>0x230</size>
         <input_file_ref idref="fl-f"/>
      </object_component>
      <object_component id="oc-1dd">
         <name>.debug_info</name>
         <load_address>0xd161</load_address>
         <run_address>0xd161</run_address>
         <size>0x15b</size>
         <input_file_ref idref="fl-f"/>
      </object_component>
      <object_component id="oc-9f">
         <name>.debug_info</name>
         <load_address>0xd2bc</load_address>
         <run_address>0xd2bc</run_address>
         <size>0x2a3</size>
         <input_file_ref idref="fl-f"/>
      </object_component>
      <object_component id="oc-164">
         <name>.debug_info</name>
         <load_address>0xd55f</load_address>
         <run_address>0xd55f</run_address>
         <size>0x2b3</size>
         <input_file_ref idref="fl-f"/>
      </object_component>
      <object_component id="oc-15e">
         <name>.debug_info</name>
         <load_address>0xd812</load_address>
         <run_address>0xd812</run_address>
         <size>0x316</size>
         <input_file_ref idref="fl-f"/>
      </object_component>
      <object_component id="oc-8d">
         <name>.debug_info</name>
         <load_address>0xdb28</load_address>
         <run_address>0xdb28</run_address>
         <size>0x27b</size>
         <input_file_ref idref="fl-f"/>
      </object_component>
      <object_component id="oc-14c">
         <name>.debug_info</name>
         <load_address>0xdda3</load_address>
         <run_address>0xdda3</run_address>
         <size>0x27d</size>
         <input_file_ref idref="fl-f"/>
      </object_component>
      <object_component id="oc-158">
         <name>.debug_info</name>
         <load_address>0xe020</load_address>
         <run_address>0xe020</run_address>
         <size>0x279</size>
         <input_file_ref idref="fl-f"/>
      </object_component>
      <object_component id="oc-152">
         <name>.debug_info</name>
         <load_address>0xe299</load_address>
         <run_address>0xe299</run_address>
         <size>0x2b7</size>
         <input_file_ref idref="fl-f"/>
      </object_component>
      <object_component id="oc-170">
         <name>.debug_info</name>
         <load_address>0xe550</load_address>
         <run_address>0xe550</run_address>
         <size>0x285</size>
         <input_file_ref idref="fl-f"/>
      </object_component>
      <object_component id="oc-16a">
         <name>.debug_info</name>
         <load_address>0xe7d5</load_address>
         <run_address>0xe7d5</run_address>
         <size>0x279</size>
         <input_file_ref idref="fl-f"/>
      </object_component>
      <object_component id="oc-87">
         <name>.debug_info</name>
         <load_address>0xea4e</load_address>
         <run_address>0xea4e</run_address>
         <size>0x280</size>
         <input_file_ref idref="fl-f"/>
      </object_component>
      <object_component id="oc-182">
         <name>.debug_info</name>
         <load_address>0xecce</load_address>
         <run_address>0xecce</run_address>
         <size>0x2bb</size>
         <input_file_ref idref="fl-f"/>
      </object_component>
      <object_component id="oc-100">
         <name>.debug_info</name>
         <load_address>0xef89</load_address>
         <run_address>0xef89</run_address>
         <size>0x27f</size>
         <input_file_ref idref="fl-f"/>
      </object_component>
      <object_component id="oc-188">
         <name>.debug_info</name>
         <load_address>0xf208</load_address>
         <run_address>0xf208</run_address>
         <size>0x28f</size>
         <input_file_ref idref="fl-f"/>
      </object_component>
      <object_component id="oc-17c">
         <name>.debug_info</name>
         <load_address>0xf497</load_address>
         <run_address>0xf497</run_address>
         <size>0x291</size>
         <input_file_ref idref="fl-f"/>
      </object_component>
      <object_component id="oc-106">
         <name>.debug_info</name>
         <load_address>0xf728</load_address>
         <run_address>0xf728</run_address>
         <size>0x28d</size>
         <input_file_ref idref="fl-f"/>
      </object_component>
      <object_component id="oc-243">
         <name>.debug_info</name>
         <load_address>0xf9b5</load_address>
         <run_address>0xf9b5</run_address>
         <size>0x20e</size>
         <input_file_ref idref="fl-10"/>
      </object_component>
      <object_component id="oc-240">
         <name>.debug_info</name>
         <load_address>0xfbc3</load_address>
         <run_address>0xfbc3</run_address>
         <size>0x210</size>
         <input_file_ref idref="fl-10"/>
      </object_component>
      <object_component id="oc-29e">
         <name>.debug_info</name>
         <load_address>0xfdd3</load_address>
         <run_address>0xfdd3</run_address>
         <size>0x14e</size>
         <input_file_ref idref="fl-10"/>
      </object_component>
      <object_component id="oc-2ff">
         <name>.debug_info</name>
         <load_address>0xff21</load_address>
         <run_address>0xff21</run_address>
         <size>0x157</size>
         <input_file_ref idref="fl-10"/>
      </object_component>
      <object_component id="oc-304">
         <name>.debug_info</name>
         <load_address>0x10078</load_address>
         <run_address>0x10078</run_address>
         <size>0x225</size>
         <input_file_ref idref="fl-10"/>
      </object_component>
      <object_component id="oc-22c">
         <name>.debug_info</name>
         <load_address>0x1029d</load_address>
         <run_address>0x1029d</run_address>
         <size>0x270</size>
         <input_file_ref idref="fl-10"/>
      </object_component>
      <object_component id="oc-220">
         <name>.debug_info</name>
         <load_address>0x1050d</load_address>
         <run_address>0x1050d</run_address>
         <size>0x2c1</size>
         <input_file_ref idref="fl-10"/>
      </object_component>
      <object_component id="oc-176">
         <name>.debug_info</name>
         <load_address>0x107ce</load_address>
         <run_address>0x107ce</run_address>
         <size>0x2c9</size>
         <input_file_ref idref="fl-10"/>
      </object_component>
      <object_component id="oc-194">
         <name>.debug_info</name>
         <load_address>0x10a97</load_address>
         <run_address>0x10a97</run_address>
         <size>0x23e</size>
         <input_file_ref idref="fl-10"/>
      </object_component>
      <object_component id="oc-c3">
         <name>.debug_info</name>
         <load_address>0x10cd5</load_address>
         <run_address>0x10cd5</run_address>
         <size>0x268</size>
         <input_file_ref idref="fl-10"/>
      </object_component>
      <object_component id="oc-226">
         <name>.debug_info</name>
         <load_address>0x10f3d</load_address>
         <run_address>0x10f3d</run_address>
         <size>0x26a</size>
         <input_file_ref idref="fl-10"/>
      </object_component>
      <object_component id="oc-21c">
         <name>.debug_info</name>
         <load_address>0x111a7</load_address>
         <run_address>0x111a7</run_address>
         <size>0x21c</size>
         <input_file_ref idref="fl-11"/>
      </object_component>
      <object_component id="oc-eb">
         <name>.debug_info</name>
         <load_address>0x113c3</load_address>
         <run_address>0x113c3</run_address>
         <size>0x242</size>
         <input_file_ref idref="fl-11"/>
      </object_component>
      <object_component id="oc-283">
         <name>.debug_info</name>
         <load_address>0x11605</load_address>
         <run_address>0x11605</run_address>
         <size>0x244</size>
         <input_file_ref idref="fl-11"/>
      </object_component>
      <object_component id="oc-a6">
         <name>.debug_info</name>
         <load_address>0x11849</load_address>
         <run_address>0x11849</run_address>
         <size>0x276</size>
         <input_file_ref idref="fl-11"/>
      </object_component>
      <object_component id="oc-b2">
         <name>.debug_info</name>
         <load_address>0x11abf</load_address>
         <run_address>0x11abf</run_address>
         <size>0x27a</size>
         <input_file_ref idref="fl-11"/>
      </object_component>
      <object_component id="oc-e5">
         <name>.debug_info</name>
         <load_address>0x11d39</load_address>
         <run_address>0x11d39</run_address>
         <size>0x3d9</size>
         <input_file_ref idref="fl-11"/>
      </object_component>
      <object_component id="oc-ad">
         <name>.debug_info</name>
         <load_address>0x12112</load_address>
         <run_address>0x12112</run_address>
         <size>0x242</size>
         <input_file_ref idref="fl-11"/>
      </object_component>
      <object_component id="oc-1db">
         <name>.debug_info</name>
         <load_address>0x12354</load_address>
         <run_address>0x12354</run_address>
         <size>0x298</size>
         <input_file_ref idref="fl-12"/>
      </object_component>
      <object_component id="oc-23c">
         <name>.debug_info</name>
         <load_address>0x125ec</load_address>
         <run_address>0x125ec</run_address>
         <size>0x14d</size>
         <input_file_ref idref="fl-12"/>
      </object_component>
      <object_component id="oc-1e7">
         <name>.debug_info</name>
         <load_address>0x12739</load_address>
         <run_address>0x12739</run_address>
         <size>0x283</size>
         <input_file_ref idref="fl-12"/>
      </object_component>
      <object_component id="oc-83">
         <name>.debug_info</name>
         <load_address>0x129bc</load_address>
         <run_address>0x129bc</run_address>
         <size>0x27d</size>
         <input_file_ref idref="fl-12"/>
      </object_component>
      <object_component id="oc-134">
         <name>.debug_info</name>
         <load_address>0x12c39</load_address>
         <run_address>0x12c39</run_address>
         <size>0x2db</size>
         <input_file_ref idref="fl-12"/>
      </object_component>
      <object_component id="oc-be">
         <name>.debug_info</name>
         <load_address>0x12f14</load_address>
         <run_address>0x12f14</run_address>
         <size>0x2b5</size>
         <input_file_ref idref="fl-12"/>
      </object_component>
      <object_component id="oc-2d4">
         <name>.debug_info</name>
         <load_address>0x131c9</load_address>
         <run_address>0x131c9</run_address>
         <size>0x5f</size>
         <input_file_ref idref="fl-12"/>
      </object_component>
      <object_component id="oc-293">
         <name>.debug_info</name>
         <load_address>0x13228</load_address>
         <run_address>0x13228</run_address>
         <size>0x19d</size>
         <input_file_ref idref="fl-13"/>
      </object_component>
      <object_component id="oc-13a">
         <name>.debug_info</name>
         <load_address>0x133c5</load_address>
         <run_address>0x133c5</run_address>
         <size>0x261</size>
         <input_file_ref idref="fl-13"/>
      </object_component>
      <object_component id="oc-146">
         <name>.debug_info</name>
         <load_address>0x13626</load_address>
         <run_address>0x13626</run_address>
         <size>0x227</size>
         <input_file_ref idref="fl-13"/>
      </object_component>
      <object_component id="oc-140">
         <name>.debug_info</name>
         <load_address>0x1384d</load_address>
         <run_address>0x1384d</run_address>
         <size>0x221</size>
         <input_file_ref idref="fl-13"/>
      </object_component>
      <object_component id="oc-245">
         <name>.debug_info</name>
         <load_address>0x13a6e</load_address>
         <run_address>0x13a6e</run_address>
         <size>0x223</size>
         <input_file_ref idref="fl-14"/>
      </object_component>
      <object_component id="oc-f7">
         <name>.debug_info</name>
         <load_address>0x13c91</load_address>
         <run_address>0x13c91</run_address>
         <size>0x28a</size>
         <input_file_ref idref="fl-14"/>
      </object_component>
      <object_component id="oc-db">
         <name>.debug_info</name>
         <load_address>0x13f1b</load_address>
         <run_address>0x13f1b</run_address>
         <size>0x2ba</size>
         <input_file_ref idref="fl-14"/>
      </object_component>
      <object_component id="oc-18f">
         <name>.debug_info</name>
         <load_address>0x141d5</load_address>
         <run_address>0x141d5</run_address>
         <size>0x294</size>
         <input_file_ref idref="fl-14"/>
      </object_component>
      <object_component id="oc-126">
         <name>.debug_info</name>
         <load_address>0x14469</load_address>
         <run_address>0x14469</run_address>
         <size>0x292</size>
         <input_file_ref idref="fl-14"/>
      </object_component>
      <object_component id="oc-119">
         <name>.debug_info</name>
         <load_address>0x146fb</load_address>
         <run_address>0x146fb</run_address>
         <size>0x27f</size>
         <input_file_ref idref="fl-14"/>
      </object_component>
      <object_component id="oc-10d">
         <name>.debug_info</name>
         <load_address>0x1497a</load_address>
         <run_address>0x1497a</run_address>
         <size>0x281</size>
         <input_file_ref idref="fl-14"/>
      </object_component>
      <object_component id="oc-d6">
         <name>.debug_info</name>
         <load_address>0x14bfb</load_address>
         <run_address>0x14bfb</run_address>
         <size>0x2c4</size>
         <input_file_ref idref="fl-14"/>
      </object_component>
      <object_component id="oc-d0">
         <name>.debug_info</name>
         <load_address>0x14ebf</load_address>
         <run_address>0x14ebf</run_address>
         <size>0x28c</size>
         <input_file_ref idref="fl-14"/>
      </object_component>
      <object_component id="oc-ca">
         <name>.debug_info</name>
         <load_address>0x1514b</load_address>
         <run_address>0x1514b</run_address>
         <size>0x296</size>
         <input_file_ref idref="fl-14"/>
      </object_component>
      <object_component id="oc-1e3">
         <name>.debug_info</name>
         <load_address>0x153e1</load_address>
         <run_address>0x153e1</run_address>
         <size>0x227</size>
         <input_file_ref idref="fl-15"/>
      </object_component>
      <object_component id="oc-1f1">
         <name>.debug_info</name>
         <load_address>0x15608</load_address>
         <run_address>0x15608</run_address>
         <size>0x247</size>
         <input_file_ref idref="fl-15"/>
      </object_component>
      <object_component id="oc-2e1">
         <name>.debug_info</name>
         <load_address>0x1584f</load_address>
         <run_address>0x1584f</run_address>
         <size>0x249</size>
         <input_file_ref idref="fl-15"/>
      </object_component>
      <object_component id="oc-1eb">
         <name>.debug_info</name>
         <load_address>0x15a98</load_address>
         <run_address>0x15a98</run_address>
         <size>0x326</size>
         <input_file_ref idref="fl-15"/>
      </object_component>
      <object_component id="oc-93">
         <name>.debug_info</name>
         <load_address>0x15dbe</load_address>
         <run_address>0x15dbe</run_address>
         <size>0x291</size>
         <input_file_ref idref="fl-15"/>
      </object_component>
      <object_component id="oc-1f7">
         <name>.debug_info</name>
         <load_address>0x1604f</load_address>
         <run_address>0x1604f</run_address>
         <size>0x273</size>
         <input_file_ref idref="fl-15"/>
      </object_component>
      <object_component id="oc-1fd">
         <name>.debug_info</name>
         <load_address>0x162c2</load_address>
         <run_address>0x162c2</run_address>
         <size>0x24d</size>
         <input_file_ref idref="fl-15"/>
      </object_component>
      <object_component id="oc-2a9">
         <name>.debug_info</name>
         <load_address>0x1650f</load_address>
         <run_address>0x1650f</run_address>
         <size>0x212</size>
         <input_file_ref idref="fl-16"/>
      </object_component>
      <object_component id="oc-25">
         <name>.debug_info</name>
         <load_address>0x16721</load_address>
         <run_address>0x16721</run_address>
         <size>0x160</size>
         <input_file_ref idref="fl-cc"/>
      </object_component>
      <object_component id="oc-1ac">
         <name>.debug_info</name>
         <load_address>0x16881</load_address>
         <run_address>0x16881</run_address>
         <size>0xf9</size>
         <input_file_ref idref="fl-cd"/>
      </object_component>
      <object_component id="oc-15">
         <name>.debug_info</name>
         <load_address>0x1697a</load_address>
         <run_address>0x1697a</run_address>
         <size>0x245</size>
         <input_file_ref idref="fl-cd"/>
      </object_component>
      <object_component id="oc-3b">
         <name>.debug_info</name>
         <load_address>0x16bbf</load_address>
         <run_address>0x16bbf</run_address>
         <size>0x60</size>
         <input_file_ref idref="fl-cd"/>
      </object_component>
      <object_component id="oc-1a7">
         <name>.debug_info</name>
         <load_address>0x16c1f</load_address>
         <run_address>0x16c1f</run_address>
         <size>0x46</size>
         <input_file_ref idref="fl-cd"/>
      </object_component>
      <object_component id="oc-50">
         <name>.debug_info</name>
         <load_address>0x16c65</load_address>
         <run_address>0x16c65</run_address>
         <size>0x140</size>
         <input_file_ref idref="fl-ce"/>
      </object_component>
      <object_component id="oc-19">
         <name>.debug_info</name>
         <load_address>0x16da5</load_address>
         <run_address>0x16da5</run_address>
         <size>0x1df</size>
         <input_file_ref idref="fl-ce"/>
      </object_component>
      <object_component id="oc-4b">
         <name>.debug_info</name>
         <load_address>0x16f84</load_address>
         <run_address>0x16f84</run_address>
         <size>0x46</size>
         <input_file_ref idref="fl-ce"/>
      </object_component>
      <object_component id="oc-1ae">
         <name>.debug_info</name>
         <load_address>0x16fca</load_address>
         <run_address>0x16fca</run_address>
         <size>0x2c</size>
         <input_file_ref idref="fl-ce"/>
      </object_component>
      <object_component id="oc-5c">
         <name>.debug_info</name>
         <load_address>0x16ff6</load_address>
         <run_address>0x16ff6</run_address>
         <size>0x12f</size>
         <input_file_ref idref="fl-cf"/>
      </object_component>
      <object_component id="oc-20">
         <name>.debug_info</name>
         <load_address>0x17125</load_address>
         <run_address>0x17125</run_address>
         <size>0x1aa</size>
         <input_file_ref idref="fl-cf"/>
      </object_component>
      <object_component id="oc-57">
         <name>.debug_info</name>
         <load_address>0x172cf</load_address>
         <run_address>0x172cf</run_address>
         <size>0x46</size>
         <input_file_ref idref="fl-cf"/>
      </object_component>
      <object_component id="oc-1b6">
         <name>.debug_info</name>
         <load_address>0x17315</load_address>
         <run_address>0x17315</run_address>
         <size>0x2c</size>
         <input_file_ref idref="fl-cf"/>
      </object_component>
      <object_component id="oc-1d6">
         <name>.debug_info</name>
         <load_address>0x17341</load_address>
         <run_address>0x17341</run_address>
         <size>0x234</size>
         <input_file_ref idref="fl-d0"/>
      </object_component>
      <object_component id="oc-1d0">
         <name>.debug_info</name>
         <load_address>0x17575</load_address>
         <run_address>0x17575</run_address>
         <size>0x185</size>
         <input_file_ref idref="fl-d0"/>
      </object_component>
      <object_component id="oc-76">
         <name>.debug_info</name>
         <load_address>0x176fa</load_address>
         <run_address>0x176fa</run_address>
         <size>0x214</size>
         <input_file_ref idref="fl-d0"/>
      </object_component>
      <object_component id="oc-46">
         <name>.debug_info</name>
         <load_address>0x1790e</load_address>
         <run_address>0x1790e</run_address>
         <size>0x111</size>
         <input_file_ref idref="fl-d1"/>
      </object_component>
      <object_component id="oc-54">
         <name>.debug_info</name>
         <load_address>0x17a1f</load_address>
         <run_address>0x17a1f</run_address>
         <size>0x13f</size>
         <input_file_ref idref="fl-d2"/>
      </object_component>
      <object_component id="oc-5e">
         <name>.debug_info</name>
         <load_address>0x17b5e</load_address>
         <run_address>0x17b5e</run_address>
         <size>0x138</size>
         <input_file_ref idref="fl-d3"/>
      </object_component>
      <object_component id="oc-64">
         <name>.debug_info</name>
         <load_address>0x17c96</load_address>
         <run_address>0x17c96</run_address>
         <size>0x148</size>
         <input_file_ref idref="fl-d4"/>
      </object_component>
      <object_component id="oc-27f">
         <name>.debug_info</name>
         <load_address>0x17dde</load_address>
         <run_address>0x17dde</run_address>
         <size>0x1bb</size>
         <input_file_ref idref="fl-d5"/>
      </object_component>
      <object_component id="oc-112">
         <name>.debug_info</name>
         <load_address>0x17f99</load_address>
         <run_address>0x17f99</run_address>
         <size>0x2e4</size>
         <input_file_ref idref="fl-d5"/>
      </object_component>
      <object_component id="oc-386">
         <name>.debug_info</name>
         <load_address>0x1827d</load_address>
         <run_address>0x1827d</run_address>
         <size>0x2c</size>
         <input_file_ref idref="fl-d5"/>
      </object_component>
      <object_component id="oc-7c">
         <name>.debug_info</name>
         <load_address>0x182a9</load_address>
         <run_address>0x182a9</run_address>
         <size>0x109</size>
         <input_file_ref idref="fl-d6"/>
      </object_component>
      <object_component id="oc-20c">
         <name>.debug_info</name>
         <load_address>0x183b2</load_address>
         <run_address>0x183b2</run_address>
         <size>0x13a</size>
         <input_file_ref idref="fl-d7"/>
      </object_component>
      <object_component id="oc-2ce">
         <name>.debug_info</name>
         <load_address>0x184ec</load_address>
         <run_address>0x184ec</run_address>
         <size>0x124</size>
         <input_file_ref idref="fl-d8"/>
      </object_component>
      <object_component id="oc-1d3">
         <name>.debug_info</name>
         <load_address>0x18610</load_address>
         <run_address>0x18610</run_address>
         <size>0x113</size>
         <input_file_ref idref="fl-d8"/>
      </object_component>
      <object_component id="oc-2ca">
         <name>.debug_info</name>
         <load_address>0x18723</load_address>
         <run_address>0x18723</run_address>
         <size>0x21f</size>
         <input_file_ref idref="fl-d8"/>
      </object_component>
      <object_component id="oc-37b">
         <name>.debug_info</name>
         <load_address>0x18942</load_address>
         <run_address>0x18942</run_address>
         <size>0x385</size>
         <input_file_ref idref="fl-d9"/>
      </object_component>
      <object_component id="oc-279">
         <name>.debug_info</name>
         <load_address>0x18cc7</load_address>
         <run_address>0x18cc7</run_address>
         <size>0x1543</size>
         <input_file_ref idref="fl-d9"/>
[...]
         <name>ff_wtoupper</name>
         <value>0x15e6f</value>
         <object_component_ref idref="oc-24d"/>
      </symbol>
      <symbol id="sm-675">
         <name>UARTgetc</name>
         <value>0x15a6f</value>
         <object_component_ref idref="oc-98"/>
      </symbol>
      <symbol id="sm-676">
         <name>UARTgets</name>
         <value>0x159b5</value>
         <object_component_ref idref="oc-98"/>
      </symbol>
      <symbol id="sm-677">
         <name>UARTStdioConfig</name>
         <value>0x15929</value>
         <object_component_ref idref="oc-98"/>
      </symbol>
      <symbol id="sm-678">
         <name>UARTwrite</name>
         <value>0x1596f</value>
         <object_component_ref idref="oc-98"/>
      </symbol>
      <symbol id="sm-679">
         <name>UARTprintf</name>
         <value>0x15d8f</value>
         <object_component_ref idref="oc-98"/>
      </symbol>
      <symbol id="sm-67a">
         <name>UARTvprintf</name>
         <value>0x15a95</value>
         <object_component_ref idref="oc-98"/>
      </symbol>
      <symbol id="sm-686">
         <name>FPULazyStackingEnable</name>
         <value>0x174d1</value>
         <object_component_ref idref="oc-12c"/>
      </symbol>
      <symbol id="sm-710">
         <name>GPIOPinConfigure</name>
         <value>0x170b9</value>
         <object_component_ref idref="oc-86"/>
      </symbol>
      <symbol id="sm-711">
         <name>GPIOIntDisable</name>
         <value>0x17501</value>
         <object_component_ref idref="oc-17b"/>
      </symbol>
      <symbol id="sm-712">
         <name>GPIOIntEnable</name>
         <value>0x17545</value>
         <object_component_ref idref="oc-187"/>
      </symbol>
      <symbol id="sm-713">
         <name>GPIOIntTypeSet</name>
         <value>0x16ecd</value>
         <object_component_ref idref="oc-181"/>
      </symbol>
      <symbol id="sm-714">
         <name>GPIOPinTypeGPIOInput</name>
         <value>0x17477</value>
         <object_component_ref idref="oc-16f"/>
      </symbol>
      <symbol id="sm-715">
         <name>GPIOIntClear</name>
         <value>0x175c1</value>
         <object_component_ref idref="oc-105"/>
      </symbol>
      <symbol id="sm-716">
         <name>GPIOPinTypeUART</name>
         <value>0x174ad</value>
         <object_component_ref idref="oc-8c"/>
      </symbol>
      <symbol id="sm-717">
         <name>GPIOIntStatus</name>
         <value>0x1750f</value>
         <object_component_ref idref="oc-ff"/>
      </symbol>
      <symbol id="sm-718">
         <name>GPIOPinTypeGPIOOutput</name>
         <value>0x17365</value>
         <object_component_ref idref="oc-151"/>
      </symbol>
      <symbol id="sm-719">
         <name>GPIODirModeSet</name>
         <value>0x172db</value>
         <object_component_ref idref="oc-163"/>
      </symbol>
      <symbol id="sm-71a">
         <name>GPIOPinWrite</name>
         <value>0x175c7</value>
         <object_component_ref idref="oc-9e"/>
      </symbol>
      <symbol id="sm-71b">
         <name>GPIOPadConfigSet</name>
         <value>0x164ad</value>
         <object_component_ref idref="oc-15d"/>
      </symbol>
      <symbol id="sm-71c">
         <name>GPIOPinTypeSSI</name>
         <value>0x17489</value>
         <object_component_ref idref="oc-157"/>
      </symbol>
      <symbol id="sm-71d">
         <name>GPIOPinTypeTimer</name>
         <value>0x1749b</value>
         <object_component_ref idref="oc-14b"/>
      </symbol>
      <symbol id="sm-71e">
         <name>GPIOPinTypeCAN</name>
         <value>0x17465</value>
         <object_component_ref idref="oc-169"/>
      </symbol>
      <symbol id="sm-799">
         <name>IntPrioritySet</name>
         <value>0x17305</value>
         <object_component_ref idref="oc-175"/>
      </symbol>
      <symbol id="sm-79a">
         <name>IntEnable</name>
         <value>0x16cd9</value>
         <object_component_ref idref="oc-c2"/>
      </symbol>
      <symbol id="sm-79b">
         <name>IntDisable</name>
         <value>0x16c71</value>
         <object_component_ref idref="oc-225"/>
      </symbol>
      <symbol id="sm-79c">
         <name>IntRegister</name>
         <value>0x17245</value>
         <object_component_ref idref="oc-21f"/>
      </symbol>
      <symbol id="sm-79d">
         <name>IntUnregister</name>
         <value>0x173d9</value>
         <object_component_ref idref="oc-22b"/>
      </symbol>
      <symbol id="sm-79e">
         <name>g_pfnRAMVectors</name>
         <value>0x20000000</value>
         <object_component_ref idref="oc-2fe"/>
      </symbol>
      <symbol id="sm-79f">
         <name>IntMasterEnable</name>
         <value>0x174e1</value>
         <object_component_ref idref="oc-193"/>
      </symbol>
      <symbol id="sm-7d7">
         <name>SSIDataPut</name>
         <value>0x17575</value>
         <object_component_ref idref="oc-a4"/>
      </symbol>
      <symbol id="sm-7d8">
         <name>SSIDataGet</name>
         <value>0x17551</value>
         <object_component_ref idref="oc-b0"/>
      </symbol>
      <symbol id="sm-7d9">
         <name>SSIConfigSetExpClk</name>
         <value>0x171cf</value>
         <object_component_ref idref="oc-e3"/>
      </symbol>
      <symbol id="sm-7da">
         <name>SSIEnable</name>
         <value>0x17589</value>
         <object_component_ref idref="oc-e9"/>
      </symbol>
      <symbol id="sm-7db">
         <name>SSIBusy</name>
         <value>0x175b1</value>
         <object_component_ref idref="oc-aa"/>
      </symbol>
      <symbol id="sm-7dc">
         <name>SSIDisable</name>
         <value>0x1757f</value>
         <object_component_ref idref="oc-281"/>
      </symbol>
      <symbol id="sm-839">
         <name>SysCtlPeripheralPresent</name>
         <value>0x1720d</value>
         <object_component_ref idref="oc-1e4"/>
      </symbol>
      <symbol id="sm-83a">
         <name>SysCtlClockSet</name>
         <value>0x168e9</value>
         <object_component_ref idref="oc-132"/>
      </symbol>
      <symbol id="sm-83b">
         <name>SysCtlDelay</name>
         <value>0x175cd</value>
         <object_component_ref idref="oc-138"/>
      </symbol>
      <symbol id="sm-83c">
         <name>SysCtlPeripheralEnable</name>
         <value>0x17279</value>
         <object_component_ref idref="oc-80"/>
      </symbol>
      <symbol id="sm-83d">
         <name>SysCtlClockGet</name>
         <value>0x165e1</value>
         <object_component_ref idref="oc-bc"/>
      </symbol>
      <symbol id="sm-860">
         <name>SysTickEnable</name>
         <value>0x173ed</value>
         <object_component_ref idref="oc-13f"/>
      </symbol>
      <symbol id="sm-861">
         <name>SysTickIntEnable</name>
         <value>0x17401</value>
         <object_component_ref idref="oc-145"/>
      </symbol>
      <symbol id="sm-862">
         <name>SysTickPeriodSet</name>
         <value>0x174f1</value>
         <object_component_ref idref="oc-139"/>
      </symbol>
      <symbol id="sm-8b8">
         <name>TimerLoadSet</name>
         <value>0x174bf</value>
         <object_component_ref idref="oc-da"/>
      </symbol>
      <symbol id="sm-8b9">
         <name>TimerDisable</name>
         <value>0x1737d</value>
         <object_component_ref idref="oc-10b"/>
      </symbol>
      <symbol id="sm-8ba">
         <name>TimerEnable</name>
         <value>0x1751d</value>
         <object_component_ref idref="oc-117"/>
      </symbol>
      <symbol id="sm-8bb">
         <name>TimerValueGet</name>
         <value>0x17593</value>
         <object_component_ref idref="oc-f5"/>
      </symbol>
      <symbol id="sm-8bc">
         <name>TimerIntEnable</name>
         <value>0x175b9</value>
         <object_component_ref idref="oc-18d"/>
      </symbol>
      <symbol id="sm-8bd">
         <name>TimerClockSourceSet</name>
         <value>0x175d3</value>
         <object_component_ref idref="oc-c8"/>
      </symbol>
      <symbol id="sm-8be">
         <name>TimerConfigure</name>
         <value>0x16e0d</value>
         <object_component_ref idref="oc-ce"/>
      </symbol>
      <symbol id="sm-8bf">
         <name>TimerControlEvent</name>
         <value>0x173ad</value>
         <object_component_ref idref="oc-d4"/>
      </symbol>
      <symbol id="sm-8c0">
         <name>TimerIntClear</name>
         <value>0x175df</value>
         <object_component_ref idref="oc-124"/>
      </symbol>
      <symbol id="sm-8fb">
         <name>UARTConfigSetExpClk</name>
         <value>0x17149</value>
         <object_component_ref idref="oc-1ea"/>
      </symbol>
      <symbol id="sm-8fc">
         <name>UARTDisable</name>
         <value>0x17329</value>
         <object_component_ref idref="oc-2e0"/>
      </symbol>
      <symbol id="sm-8fd">
         <name>UARTClockSourceSet</name>
         <value>0x175d9</value>
         <object_component_ref idref="oc-92"/>
      </symbol>
      <symbol id="sm-8fe">
         <name>UARTCharPut</name>
         <value>0x175a7</value>
         <object_component_ref idref="oc-1f6"/>
      </symbol>
      <symbol id="sm-8ff">
         <name>UARTEnable</name>
         <value>0x17415</value>
         <object_component_ref idref="oc-1f0"/>
      </symbol>
      <symbol id="sm-900">
         <name>UARTCharGet</name>
         <value>0x1759d</value>
         <object_component_ref idref="oc-1fc"/>
      </symbol>
      <symbol id="sm-90a">
         <name>CPUcpsie</name>
         <value>0x17539</value>
         <object_component_ref idref="oc-2a5"/>
      </symbol>
      <symbol id="sm-91b">
         <name>_c_int00</name>
         <value>0x16f79</value>
         <object_component_ref idref="oc-24"/>
      </symbol>
      <symbol id="sm-91c">
         <name>__stack</name>
         <value>0x2000026c</value>
         <object_component_ref idref="oc-2a"/>
      </symbol>
      <symbol id="sm-93a">
         <name>__TI_decompress_lzss</name>
         <value>0x16d41</value>
         <object_component_ref idref="oc-12"/>
      </symbol>
      <symbol id="sm-951">
         <name>__TI_decompress_none</name>
         <value>0x1752b</value>
         <object_component_ref idref="oc-18"/>
      </symbol>
      <symbol id="sm-968">
         <name>__TI_zero_init</name>
         <value>0x1755d</value>
         <object_component_ref idref="oc-1e"/>
      </symbol>
      <symbol id="sm-989">
         <name>C$$EXIT</name>
         <value>0x16fcd</value>
         <object_component_ref idref="oc-75"/>
      </symbol>
      <symbol id="sm-98a">
         <name>abort</name>
         <value>0x16fd1</value>
         <object_component_ref idref="oc-75"/>
      </symbol>
      <symbol id="sm-98b">
         <name>exit</name>
         <value>0x16fd9</value>
         <object_component_ref idref="oc-75"/>
      </symbol>
      <symbol id="sm-98c">
         <name>__TI_dtors_ptr</name>
         <value>0x2000096c</value>
         <object_component_ref idref="oc-1cf"/>
      </symbol>
      <symbol id="sm-98d">
         <name>__TI_cleanup_ptr</name>
         <value>0x20000968</value>
         <object_component_ref idref="oc-1cf"/>
      </symbol>
      <symbol id="sm-98e">
         <name>__TI_enable_exit_profile_output</name>
         <value>0x20000970</value>
         <object_component_ref idref="oc-1cf"/>
      </symbol>
      <symbol id="sm-9a9">
         <name>memcpy</name>
         <value>0x169dd</value>
         <object_component_ref idref="oc-45"/>
      </symbol>
      <symbol id="sm-9aa">
         <name>__aeabi_memcpy</name>
         <value>0x169dd</value>
         <object_component_ref idref="oc-45"/>
      </symbol>
      <symbol id="sm-9ab">
         <name>__aeabi_memcpy8</name>
         <value>0x169dd</value>
         <object_component_ref idref="oc-45"/>
      </symbol>
      <symbol id="sm-9ac">
         <name>__aeabi_memcpy4</name>
         <value>0x169dd</value>
         <object_component_ref idref="oc-45"/>
      </symbol>
      <symbol id="sm-9bb">
         <name>__aeabi_memset</name>
         <value>0x16b87</value>
         <object_component_ref idref="oc-51"/>
      </symbol>
      <symbol id="sm-9bc">
         <name>memset</name>
         <value>0x16b8d</value>
         <object_component_ref idref="oc-51"/>
      </symbol>
      <symbol id="sm-9bd">
         <name>__aeabi_memset8</name>
         <value>0x16b87</value>
         <object_component_ref idref="oc-51"/>
      </symbol>
      <symbol id="sm-9be">
         <name>__aeabi_memset4</name>
         <value>0x16b87</value>
         <object_component_ref idref="oc-51"/>
      </symbol>
      <symbol id="sm-9bf">
         <name>__aeabi_memclr8</name>
         <value>0x16b85</value>
         <object_component_ref idref="oc-51"/>
      </symbol>
      <symbol id="sm-9c0">
         <name>__aeabi_memclr4</name>
         <value>0x16b85</value>
         <object_component_ref idref="oc-51"/>
      </symbol>
      <symbol id="sm-9c1">
         <name>__aeabi_memclr</name>
         <value>0x16b85</value>
         <object_component_ref idref="oc-51"/>
      </symbol>
      <symbol id="sm-9cb">
         <name>__mpu_init</name>
         <value>0x165df</value>
         <object_component_ref idref="oc-5d"/>
      </symbol>
      <symbol id="sm-9d5">
         <name>_system_pre_init</name>
         <value>0x175e3</value>
         <object_component_ref idref="oc-63"/>
      </symbol>
      <symbol id="sm-9ee">
         <name>sprintf</name>
         <value>0x16e6d</value>
         <object_component_ref idref="oc-111"/>
      </symbol>
      <symbol id="sm-9f6">
         <name>main_func_sp</name>
         <value>0x20000988</value>
         <object_component_ref idref="oc-7b"/>
      </symbol>
      <symbol id="sm-a05">
         <name>__aeabi_uidivmod</name>
         <value>0x1718f</value>
         <object_component_ref idref="oc-20b"/>
      </symbol>
      <symbol id="sm-a06">
         <name>__aeabi_uidiv</name>
         <value>0x1718f</value>
         <object_component_ref idref="oc-20b"/>
      </symbol>
      <symbol id="sm-a1f">
         <name>_nop</name>
         <value>0x17437</value>
         <object_component_ref idref="oc-2c6"/>
      </symbol>
      <symbol id="sm-a20">
         <name>_lock</name>
         <value>0x20000974</value>
         <object_component_ref idref="oc-1d2"/>
      </symbol>
      <symbol id="sm-a21">
         <name>_unlock</name>
         <value>0x20000978</value>
         <object_component_ref idref="oc-1d2"/>
      </symbol>
      <symbol id="sm-a22">
         <name>_register_lock</name>
         <value>0x1742f</value>
         <object_component_ref idref="oc-2c6"/>
      </symbol>
      <symbol id="sm-a23">
         <name>_register_unlock</name>
         <value>0x17429</value>
         <object_component_ref idref="oc-2c6"/>
      </symbol>
      <symbol id="sm-b24">
         <name>__TI_printfi</name>
         <value>0x12e1d</value>
         <object_component_ref idref="oc-278"/>
      </symbol>
      <symbol id="sm-b38">
         <name>_args_main</name>
         <value>0x17395</value>
         <object_component_ref idref="oc-6f"/>
      </symbol>
      <symbol id="sm-b4e">
         <name>atoi</name>
         <value>0x17021</value>
         <object_component_ref idref="oc-36e"/>
      </symbol>
      <symbol id="sm-b78">
         <name>__TI_auto_init</name>
         <value>0x16c01</value>
         <object_component_ref idref="oc-69"/>
      </symbol>
      <symbol id="sm-b92">
         <name>copy_in</name>
         <value>0x1706d</value>
         <object_component_ref idref="oc-1bf"/>
      </symbol>
      <symbol id="sm-b9d">
         <name>_ctypes_</name>
         <value>0xeb4e</value>
         <object_component_ref idref="oc-3d3"/>
      </symbol>
      <symbol id="sm-bb4">
         <name>__aeabi_dsub</name>
         <value>0x161c1</value>
         <object_component_ref idref="oc-357"/>
      </symbol>
      <symbol id="sm-bb5">
         <name>__aeabi_dadd</name>
         <value>0x161cb</value>
         <object_component_ref idref="oc-357"/>
      </symbol>
      <symbol id="sm-bd7">
         <name>__aeabi_cdcmpeq</name>
         <value>0x16a79</value>
         <object_component_ref idref="oc-333"/>
      </symbol>
      <symbol id="sm-bd8">
         <name>__aeabi_cdcmple</name>
         <value>0x16a79</value>
         <object_component_ref idref="oc-333"/>
      </symbol>
      <symbol id="sm-bd9">
         <name>__aeabi_cdrcmple</name>
         <value>0x16aff</value>
         <object_component_ref idref="oc-342"/>
      </symbol>
      <symbol id="sm-bed">
         <name>__aeabi_ddiv</name>
         <value>0x16377</value>
         <object_component_ref idref="oc-33d"/>
      </symbol>
      <symbol id="sm-bf8">
         <name>__aeabi_dmul</name>
         <value>0x166f1</value>
         <object_component_ref idref="oc-338"/>
      </symbol>
      <symbol id="sm-c02">
         <name>__aeabi_d2iz</name>
         <value>0x17101</value>
         <object_component_ref idref="oc-347"/>
      </symbol>
      <symbol id="sm-c0c">
         <name>__aeabi_idiv0</name>
         <value>0x13717</value>
         <object_component_ref idref="oc-2f0"/>
      </symbol>
      <symbol id="sm-c16">
         <name>__aeabi_i2d</name>
         <value>0x172ad</value>
         <object_component_ref idref="oc-352"/>
      </symbol>
      <symbol id="sm-c25">
         <name>ltoa</name>
         <value>0x16f23</value>
         <object_component_ref idref="oc-34c"/>
      </symbol>
      <symbol id="sm-c35">
         <name>memccpy</name>
         <value>0x17349</value>
         <object_component_ref idref="oc-374"/>
      </symbol>
      <symbol id="sm-c50">
         <name>frexpl</name>
         <value>0x16da9</value>
         <object_component_ref idref="oc-35c"/>
      </symbol>
      <symbol id="sm-c51">
         <name>frexp</name>
         <value>0x16da9</value>
         <object_component_ref idref="oc-35c"/>
      </symbol>
      <symbol id="sm-c6e">
         <name>scalbn</name>
         <value>0x167ed</value>
         <object_component_ref idref="oc-362"/>
      </symbol>
      <symbol id="sm-c6f">
         <name>scalbnl</name>
         <value>0x167ed</value>
         <object_component_ref idref="oc-362"/>
      </symbol>
      <symbol id="sm-c70">
         <name>ldexpl</name>
         <value>0x167ed</value>
         <object_component_ref idref="oc-362"/>
      </symbol>
      <symbol id="sm-c71">
         <name>ldexp</name>
         <value>0x167ed</value>
         <object_component_ref idref="oc-362"/>
      </symbol>
      <symbol id="sm-c7b">
         <name>_system_post_cinit</name>
         <value>0x16bff</value>
         <object_component_ref idref="oc-1c5"/>
      </symbol>
      <symbol id="sm-c8b">
         <name>strchr</name>
         <value>0x173c3</value>
         <object_component_ref idref="oc-368"/>
      </symbol>
      <symbol id="sm-c99">
         <name>strlen</name>
         <value>0x17451</value>
         <object_component_ref idref="oc-32d"/>
      </symbol>
      <symbol id="sm-cb5">
         <name>__aeabi_uldivmod</name>
         <value>0x15fcd</value>
         <object_component_ref idref="oc-328"/>
      </symbol>
      <symbol id="sm-cbd">
         <name>errno</name>
         <value>0x20000984</value>
         <object_component_ref idref="oc-3cc"/>
      </symbol>
      <symbol id="sm-cc7">
         <name>copysign</name>
         <value>0x1743d</value>
         <object_component_ref idref="oc-3c6"/>
      </symbol>
      <symbol id="sm-cc8">
         <name>copysignl</name>
         <value>0x1743d</value>
         <object_component_ref idref="oc-3c6"/>
      </symbol>
      <symbol id="sm-cc9">
         <name>__TI_static_base__</name>
         <value>0x0</value>
      </symbol>
      <symbol id="sm-ccc">
         <name>SHT$$INIT_ARRAY$$Limit</name>
         <value>0x0</value>
      </symbol>
      <symbol id="sm-ccd">
         <name>SHT$$INIT_ARRAY$$Base</name>
         <value>0x0</value>
      </symbol>
   </symbol_table>
   <title>Link successful</title>
</link_info>
