******************************************************************************
                  TI ARM Linker PC v16.9.0                     
******************************************************************************
>> Linked Sat Apr 01 13:47:24 2017

OUTPUT FILE NAME:   <ADQ_1.0.out>
ENTRY POINT SYMBOL: "_c_int00"  address: 00016f75


MEMORY CONFIGURATION

         name            origin    length      used     unused   attr    fill
----------------------  --------  ---------  --------  --------  ----  --------
  FLASH                 00000000   00040000  0001763a  000289c6  R  X
  SRAM                  20000000   00008000  0000098a  00007676  RW X


SEGMENT ALLOCATION MAP

run origin  load origin   length   init length attrs members
----------  ----------- ---------- ----------- ----- -------
00000000    00000000    00017640   00017640    r-x
  00000000    00000000    0000026c   0000026c    r-- .intvecs
  0000026c    0000026c    0000ed04   0000ed04    r-- .const
  0000ef70    0000ef70    00008672   00008672    r-x .text
  000175e8    000175e8    00000058   00000058    r-- .cinit
20000000    20000000    0000098c   00000000    rw-
  20000000    20000000    0000026c   00000000    rw- .vtable
  2000026c    2000026c    00000400   00000000    rw- .stack
  2000066c    2000066c    000002be   00000000    rw- .bss
  2000092c    2000092c    00000060   00000000    rw- .data


SECTION ALLOCATION MAP

 output                                  attributes/
section   page    origin      length       input sections
--------  ----  ----------  ----------   ----------------
.intvecs   0    00000000    0000026c     
                  00000000    0000026c     tm4c123gh6pm_startup_ccs.obj (.intvecs)

.const     0    0000026c    0000ed04     
                  0000026c    00007378     cc932.obj (.const:sjis2uni)
                  000075e4    00007378     cc932.obj (.const:uni2sjis)
                  0000e95c    000001f2     cc932.obj (.const:cvt1$1)
                  0000eb4e    00000101     rtsv7M4_T_le_v4SPD16_eabi.lib : ctype.obj (.const:.string:_ctypes_)
                  0000ec4f    00000001     --HOLE-- [fill = 0]
                  0000ec50    000000bc     cc932.obj (.const:cvt2$2)
                  0000ed0c    0000009c     driverlib.lib : interrupt.obj (.const:g_pui32Regs)
                  0000eda8    00000090                   : gpio.obj (.const:g_pui32GPIOBaseAddrs)
                  0000ee38    00000070                   : interrupt.obj (.const)
                  0000eea8    0000006c                   : sysctl.obj (.const:g_pui32Xtals)
                  0000ef14    00000020     can.obj (.const:g_ui16CANBitValues)
                  0000ef34    00000012     uartstdio.obj (.const:.string)
                  0000ef46    0000000d     ff.obj (.const:.string:LfnOfs)
                  0000ef53    00000001     --HOLE-- [fill = 0]
                  0000ef54    0000000c     uartstdio.obj (.const:g_ui32UARTBase)
                  0000ef60    0000000c     uartstdio.obj (.const:g_ui32UARTPeriph)
                  0000ef6c    00000004     uartstdio.obj (.const)

.text      0    0000ef70    00008672     
                  0000ef70    00003668     ff.obj (.text)
                  000125d8    0000113a     rtsv7M4_T_le_v4SPD16_eabi.lib : _printfi.obj (.text)
                  00013712    00000002     driverlib.lib : interrupt.obj (.text:_IntDefaultHandler)
                  00013714    00000e84     main.obj (.text)
                  00014598    00000a54     can.obj (.text)
                  00014fec    00000938     diskio.obj (.text)
                  00015924    0000049c     uartstdio.obj (.text)
                  00015dc0    00000208     cc932.obj (.text)
                  00015fc8    000001f4     rtsv7M4_T_le_v4SPD16_eabi.lib : ull_div_t2.obj (.text)
                  000161bc    000001b6                                   : fd_add_t2.obj (.text)
                  00016372    00000136                                   : fd_div_t2.obj (.text)
                  000164a8    00000132     driverlib.lib : gpio.obj (.text:GPIOPadConfigSet)
                  000165da    00000002     rtsv7M4_T_le_v4SPD16_eabi.lib : i_div0.obj (.text)
                  000165dc    00000110     driverlib.lib : sysctl.obj (.text:SysCtlClockGet)
                  000166ec    000000fc     rtsv7M4_T_le_v4SPD16_eabi.lib : fd_mul_t2.obj (.text)
                  000167e8    000000fc                                   : s_scalbn.obj (.text)
                  000168e4    000000f4     driverlib.lib : sysctl.obj (.text:SysCtlClockSet)
                  000169d8    0000009c     rtsv7M4_T_le_v4SPD16_eabi.lib : memcpy_t2.obj (.text)
                  00016a74    00000086                                   : fd_cmp_t2.obj (.text:__aeabi_cdcmple)
                  00016afa    00000086                                   : fd_cmp_t2.obj (.text:__aeabi_cdrcmple)
                  00016b80    0000007a                                   : memset_t2.obj (.text)
                  00016bfa    00000002                                   : mpu_init.obj (.text)
                  00016bfc    00000070                                   : autoinit.obj (.text)
                  00016c6c    00000068     driverlib.lib : interrupt.obj (.text:IntDisable)
                  00016cd4    00000068                   : interrupt.obj (.text:IntEnable)
                  00016d3c    00000068     rtsv7M4_T_le_v4SPD16_eabi.lib : copy_decompress_lzss.obj (.text:decompress:lzss)
                  00016da4    00000064                                   : s_frexp.obj (.text)
                  00016e08    00000060     driverlib.lib : timer.obj (.text:TimerConfigure)
                  00016e68    00000060     rtsv7M4_T_le_v4SPD16_eabi.lib : sprintf.obj (.text)
                  00016ec8    00000056     driverlib.lib : gpio.obj (.text:GPIOIntTypeSet)
                  00016f1e    00000056     rtsv7M4_T_le_v4SPD16_eabi.lib : ltoa.obj (.text)
                  00016f74    00000054                                   : boot.obj (.text)
                  00016fc8    00000054                                   : exit.obj (.text)
                  0001701c    0000004c                                   : atoi.obj (.text)
                  00017068    0000004c                                   : cpy_tbl.obj (.text)
                  000170b4    00000048     driverlib.lib : gpio.obj (.text:GPIOPinConfigure)
                  000170fc    00000048     rtsv7M4_T_le_v4SPD16_eabi.lib : fd_toi_t2.obj (.text)
                  00017144    00000046     driverlib.lib : uart.obj (.text:UARTConfigSetExpClk)
                  0001718a    00000040     rtsv7M4_T_le_v4SPD16_eabi.lib : u_divt2.obj (.text)
                  000171ca    0000003c     driverlib.lib : ssi.obj (.text:SSIConfigSetExpClk)
                  00017206    00000002     rtsv7M4_T_le_v4SPD16_eabi.lib : startup.obj (.text)
                  00017208    00000038     driverlib.lib : sysctl.obj (.text:SysCtlPeripheralPresent)
                  00017240    00000034                   : interrupt.obj (.text:IntRegister)
                  00017274    00000034                   : sysctl.obj (.text:SysCtlPeripheralEnable)
                  000172a8    0000002e     rtsv7M4_T_le_v4SPD16_eabi.lib : i_tofd_t2.obj (.text)
                  000172d6    0000002a     driverlib.lib : gpio.obj (.text:GPIODirModeSet)
                  00017300    00000024                   : interrupt.obj (.text:IntPrioritySet)
                  00017324    00000020                   : uart.obj (.text:UARTDisable)
                  00017344    0000001c     rtsv7M4_T_le_v4SPD16_eabi.lib : memccpy.obj (.text)
                  00017360    00000018     driverlib.lib : gpio.obj (.text:GPIOPinTypeGPIOOutput)
                  00017378    00000018                   : timer.obj (.text:TimerDisable)
                  00017390    00000018     rtsv7M4_T_le_v4SPD16_eabi.lib : args_main.obj (.text)
                  000173a8    00000016     driverlib.lib : timer.obj (.text:TimerControlEvent)
                  000173be    00000016     rtsv7M4_T_le_v4SPD16_eabi.lib : strchr.obj (.text)
                  000173d4    00000014     driverlib.lib : interrupt.obj (.text:IntUnregister)
                  000173e8    00000014                   : systick.obj (.text:SysTickEnable)
                  000173fc    00000014                   : systick.obj (.text:SysTickIntEnable)
                  00017410    00000014                   : uart.obj (.text:UARTEnable)
                  00017424    00000014     rtsv7M4_T_le_v4SPD16_eabi.lib : _lock.obj (.text)
                  00017438    00000014                                   : s_copysign.obj (.text)
                  0001744c    00000014                                   : strlen.obj (.text)
                  00017460    00000012     driverlib.lib : gpio.obj (.text:GPIOPinTypeCAN)
                  00017472    00000012                   : gpio.obj (.text:GPIOPinTypeGPIOInput)
                  00017484    00000012                   : gpio.obj (.text:GPIOPinTypeSSI)
                  00017496    00000012                   : gpio.obj (.text:GPIOPinTypeTimer)
                  000174a8    00000012                   : gpio.obj (.text:GPIOPinTypeUART)
                  000174ba    00000012                   : timer.obj (.text:TimerLoadSet)
                  000174cc    00000010                   : fpu.obj (.text:FPULazyStackingEnable)
                  000174dc    00000010                   : interrupt.obj (.text:IntMasterEnable)
                  000174ec    00000010                   : systick.obj (.text:SysTickPeriodSet)
                  000174fc    0000000e                   : gpio.obj (.text:GPIOIntDisable)
                  0001750a    0000000e                   : gpio.obj (.text:GPIOIntStatus)
                  00017518    0000000e                   : timer.obj (.text:TimerEnable)
                  00017526    0000000e     rtsv7M4_T_le_v4SPD16_eabi.lib : copy_decompress_none.obj (.text:decompress:none)
                  00017534    0000000c     driverlib.lib : cpu.obj (.text:CPUcpsie)
                  00017540    0000000c                   : gpio.obj (.text:GPIOIntEnable)
                  0001754c    0000000c                   : ssi.obj (.text:SSIDataGet)
                  00017558    0000000c     rtsv7M4_T_le_v4SPD16_eabi.lib : copy_zero_init.obj (.text:decompress:ZI)
                  00017564    0000000c     tm4c123gh6pm_startup_ccs.obj (.text)
                  00017570    0000000a     driverlib.lib : ssi.obj (.text:SSIDataPut)
                  0001757a    0000000a                   : ssi.obj (.text:SSIDisable)
                  00017584    0000000a                   : ssi.obj (.text:SSIEnable)
                  0001758e    0000000a                   : timer.obj (.text:TimerValueGet)
                  00017598    0000000a                   : uart.obj (.text:UARTCharGet)
                  000175a2    0000000a                   : uart.obj (.text:UARTCharPut)
                  000175ac    00000008                   : ssi.obj (.text:SSIBusy)
                  000175b4    00000008                   : timer.obj (.text:TimerIntEnable)
                  000175bc    00000006                   : gpio.obj (.text:GPIOIntClear)
                  000175c2    00000006                   : gpio.obj (.text:GPIOPinWrite)
                  000175c8    00000006                   : sysctl.obj (.text:SysCtlDelay)
                  000175ce    00000006                   : timer.obj (.text:TimerClockSourceSet)
                  000175d4    00000006                   : uart.obj (.text:UARTClockSourceSet)
                  000175da    00000004                   : timer.obj (.text:TimerIntClear)
                  000175de    00000004     rtsv7M4_T_le_v4SPD16_eabi.lib : pre_init.obj (.text)

.cinit     0    000175e8    00000058     
                  000175e8    00000020     (.cinit..data.load) [load image, compression = lzss]
                  00017608    0000000c     (__TI_handler_table)
                  00017614    00000004     --HOLE-- [fill = 0]
                  00017618    00000008     (.cinit..bss.load) [load image, compression = zero_init]
                  00017620    00000008     (.cinit..vtable.load) [load image, compression = zero_init]
                  00017628    00000018     (__TI_cinit_table)

.init_array 
*          0    00000000    00000000     UNINITIALIZED

.vtable    0    20000000    0000026c     UNINITIALIZED
                  20000000    0000026c     driverlib.lib : interrupt.obj (.vtable)

.stack     0    2000026c    00000400     UNINITIALIZED
                  2000026c    00000400     --HOLE--

.bss       0    2000066c    000002be     UNINITIALIZED
                  2000066c    00000234     (.common:FatFs)
                  200008a0    0000002c     (.common:Val_ADC)
                  200008cc    00000028     (.common:logfile)
                  200008f4    00000014     (.common:sCANMessage)
                  20000908    00000014     (.common:texto)
                  2000091c    00000004     ff.obj (.bss:FatFs)
                  20000920    00000004     (.common:file_name)
                  20000924    00000003     diskio.obj (.bss)
                  20000927    00000001     --HOLE--
                  20000928    00000002     ff.obj (.bss)

.data      0    2000092c    00000060     UNINITIALIZED
                  2000092c    0000003b     main.obj (.data)
                  20000967    00000001     --HOLE--
                  20000968    0000000c     rtsv7M4_T_le_v4SPD16_eabi.lib : exit.obj (.data:$O1$$)
                  20000974    00000008                                   : _lock.obj (.data:$O1$$)
                  2000097c    00000005     uartstdio.obj (.data)
                  20000981    00000002     diskio.obj (.data)
                  20000983    00000001     --HOLE--
                  20000984    00000004     rtsv7M4_T_le_v4SPD16_eabi.lib : errno.obj (.data)
                  20000988    00000004                                   : stkdepth_vars.obj (.data)

MODULE SUMMARY

       Module                         code    ro data   rw data
       ------                         ----    -------   -------
    .\
       main.obj                       3716    0         751    
       can.obj                        2644    32        0      
       tm4c123gh6pm_startup_ccs.obj   12      620       0      
    +--+------------------------------+-------+---------+---------+
       Total:                         6372    652       751    
                                                               
    .\FaTFS\
       ff.obj                         13928   13        6      
       diskio.obj                     2360    0         5      
    +--+------------------------------+-------+---------+---------+
       Total:                         16288   13        11     
                                                               
    .\FaTFS\option\
       cc932.obj                      520     59806     0      
    +--+------------------------------+-------+---------+---------+
       Total:                         520     59806     0      
                                                               
    .\utils\
       uartstdio.obj                  1180    46        5      
    +--+------------------------------+-------+---------+---------+
       Total:                         1180    46        5      
                                                               
    C:/ti/TivaWare_C_Series-2.1.3.156/driverlib/ccs/Debug/driverlib.lib
       interrupt.obj                  334     268       620    
       gpio.obj                       672     144       0      
       sysctl.obj                     630     108       0      
       timer.obj                      202     0         0      
       uart.obj                       148     0         0      
       ssi.obj                        110     0         0      
       systick.obj                    56      0         0      
       fpu.obj                        16      0         0      
       cpu.obj                        12      0         0      
    +--+------------------------------+-------+---------+---------+
       Total:                         2180    520       620    
                                                               
    C:\ti\ccsv6\tools\compiler\ti-cgt-arm_16.9.0.LTS\lib\rtsv7M4_T_le_v4SPD16_eabi.lib
       _printfi.obj                   4410    0         0      
       ull_div_t2.obj                 500     0         0      
       fd_add_t2.obj                  438     0         0      
       fd_div_t2.obj                  310     0         0      
       fd_cmp_t2.obj                  268     0         0      
       ctype.obj                      0       257       0      
       fd_mul_t2.obj                  252     0         0      
       s_scalbn.obj                   252     0         0      
       memcpy_t2.obj                  156     0         0      
       memset_t2.obj                  122     0         0      
       autoinit.obj                   112     0         0      
       copy_decompress_lzss.obj       104     0         0      
       s_frexp.obj                    100     0         0      
       exit.obj                       84      0         12     
       sprintf.obj                    96      0         0      
       ltoa.obj                       86      0         0      
       boot.obj                       84      0         0      
       atoi.obj                       76      0         0      
       cpy_tbl.obj                    76      0         0      
       fd_toi_t2.obj                  72      0         0      
       u_divt2.obj                    64      0         0      
       i_tofd_t2.obj                  46      0         0      
       _lock.obj                      20      0         8      
       memccpy.obj                    28      0         0      
       args_main.obj                  24      0         0      
       strchr.obj                     22      0         0      
       s_copysign.obj                 20      0         0      
       strlen.obj                     20      0         0      
       copy_decompress_none.obj       14      0         0      
       copy_zero_init.obj             12      0         0      
       errno.obj                      0       0         4      
       pre_init.obj                   4       0         0      
       stkdepth_vars.obj              0       0         4      
       i_div0.obj                     2       0         0      
       mpu_init.obj                   2       0         0      
       startup.obj                    2       0         0      
    +--+------------------------------+-------+---------+---------+
       Total:                         7878    257       28     
                                                               
       Stack:                         0       0         1024   
       Linker Generated:              0       84        0      
    +--+------------------------------+-------+---------+---------+
       Grand Total:                   34418   61378     2439   


LINKER GENERATED COPY TABLES

__TI_cinit_table @ 00017628 records: 3, size/record: 8, table size: 24
	.data: load addr=000175e8, load size=00000020 bytes, run addr=2000092c, run size=00000060 bytes, compression=lzss
	.bss: load addr=00017618, load size=00000008 bytes, run addr=2000066c, run size=000002be bytes, compression=zero_init
	.vtable: load addr=00017620, load size=00000008 bytes, run addr=20000000, run size=0000026c bytes, compression=zero_init


LINKER GENERATED HANDLER TABLE

__TI_handler_table @ 00017608 records: 3, size/record: 4, table size: 12
	index: 0, handler: __TI_zero_init
	index: 1, handler: __TI_decompress_lzss
	index: 2, handler: __TI_decompress_none


GLOBAL SYMBOLS: SORTED ALPHABETICALLY BY Name 

address   name                           
-------   ----                           
00016fc9  C$$EXIT                        
000147b1  CANBitRateSet                  
00014741  CANBitTimingGet                
0001487d  CANBitTimingSet                
0001472d  CANDisable                     
00014719  CANEnable                      
00014aeb  CANErrCntrGet                  
0001469d  CANInit                        
000149b9  CANIntClear                    
00014959  CANIntDisable                  
00014943  CANIntEnable                   
00013ea5  CANIntHandler                  
0001490b  CANIntRegister                 
0001496f  CANIntStatus                   
00014929  CANIntUnregister               
00014fbd  CANMessageClear                
00014db3  CANMessageGet                  
00014b21  CANMessageSet                  
00014a47  CANRetryGet                    
00014a15  CANRetrySet                    
00014a65  CANStatusGet                   
00017535  CPUcpsie                       
00013715  ConfigureUART                  
000174cd  FPULazyStackingEnable          
2000066c  FatFs                          
000172d7  GPIODirModeSet                 
000175bd  GPIOIntClear                   
000174fd  GPIOIntDisable                 
00017541  GPIOIntEnable                  
0001750b  GPIOIntStatus                  
00016ec9  GPIOIntTypeSet                 
000164a9  GPIOPadConfigSet               
000170b5  GPIOPinConfigure               
00017461  GPIOPinTypeCAN                 
00017473  GPIOPinTypeGPIOInput           
00017361  GPIOPinTypeGPIOOutput          
00017485  GPIOPinTypeSSI                 
00017497  GPIOPinTypeTimer               
000174a9  GPIOPinTypeUART                
000175c3  GPIOPinWrite                   
2000094f  INI_OK                         
00013975  Ini_CAN                        
00013b11  Ini_SD                         
00013a79  Ini_SPI                        
000139d5  Ini_Timer                      
00016c6d  IntDisable                     
00016cd5  IntEnable                      
000174dd  IntMasterEnable                
00017301  IntPrioritySet                 
00017241  IntRegister                    
000173d5  IntUnregister                  
2000095c  PeriodSysTimer                 
2000094e  RECORD                         
00017565  ResetISR                       
UNDEFED   SHT$$INIT_ARRAY$$Base          
UNDEFED   SHT$$INIT_ARRAY$$Limit         
000175ad  SSIBusy                        
000171cb  SSIConfigSetExpClk             
0001754d  SSIDataGet                     
00017571  SSIDataPut                     
0001757b  SSIDisable                     
00017585  SSIEnable                      
000165dd  SysCtlClockGet                 
000168e5  SysCtlClockSet                 
000175c9  SysCtlDelay                    
00017275  SysCtlPeripheralEnable         
00017209  SysCtlPeripheralPresent        
000173e9  SysTickEnable                  
00013d53  SysTickHandler                 
000173fd  SysTickIntEnable               
000174ed  SysTickPeriodSet               
20000960  SysTimer                       
00013d5b  Timer0IntHandler               
00013d7d  Timer1IntHandler               
000175cf  TimerClockSourceSet            
00016e09  TimerConfigure                 
000173a9  TimerControlEvent              
00017379  TimerDisable                   
00017519  TimerEnable                    
000175db  TimerIntClear                  
000175b5  TimerIntEnable                 
000174bb  TimerLoadSet                   
0001758f  TimerValueGet                  
00017599  UARTCharGet                    
000175a3  UARTCharPut                    
000175d5  UARTClockSourceSet             
00017145  UARTConfigSetExpClk            
00017325  UARTDisable                    
00017411  UARTEnable                     
00015925  UARTStdioConfig                
00015a6b  UARTgetc                       
000159b1  UARTgets                       
00015d8b  UARTprintf                     
00015a91  UARTvprintf                    
0001596b  UARTwrite                      
200008a0  Val_ADC                        
00013b6f  WS_Read                        
2000066c  __STACK_END                    
00000400  __STACK_SIZE                   
2000046c  __STACK_TOP                    
00017628  __TI_CINIT_Base                
00017640  __TI_CINIT_Limit               
00017608  __TI_Handler_Table_Base        
00017614  __TI_Handler_Table_Limit       
00016bfd  __TI_auto_init                 
20000968  __TI_cleanup_ptr               
00016d3d  __TI_decompress_lzss           
00017527  __TI_decompress_none           
2000096c  __TI_dtors_ptr                 
20000970  __TI_enable_exit_profile_output
ffffffff  __TI_pprof_out_hndl            
00012e19  __TI_printfi                   
ffffffff  __TI_prof_data_size            
ffffffff  __TI_prof_data_start           
00000000  __TI_static_base__             
00017559  __TI_zero_init                 
00016a75  __aeabi_cdcmpeq                
00016a75  __aeabi_cdcmple                
00016afb  __aeabi_cdrcmple               
000170fd  __aeabi_d2iz                   
000161c7  __aeabi_dadd                   
00016373  __aeabi_ddiv                   
000166ed  __aeabi_dmul                   
000161bd  __aeabi_dsub                   
000172a9  __aeabi_i2d                    
000165db  __aeabi_idiv0                  
00016b81  __aeabi_memclr                 
00016b81  __aeabi_memclr4                
00016b81  __aeabi_memclr8                
000169d9  __aeabi_memcpy                 
000169d9  __aeabi_memcpy4                
000169d9  __aeabi_memcpy8                
00016b83  __aeabi_memset                 
00016b83  __aeabi_memset4                
00016b83  __aeabi_memset8                
0001718b  __aeabi_uidiv                  
0001718b  __aeabi_uidivmod               
00015fc9  __aeabi_uldivmod               
ffffffff  __binit__                      
ffffffff  __c_args__                     
00016bfb  __mpu_init                     
2000026c  __stack                        
00017391  _args_main                     
00016f75  _c_int00                       
0000eb4e  _ctypes_                       
20000974  _lock                          
00017433  _nop                           
0001742b  _register_lock                 
00017425  _register_unlock               
00017207  _system_post_cinit             
000175df  _system_pre_init               
20000978  _unlock                        
00016fcd  abort                          
0001701d  atoi                           
ffffffff  binit                          
00013bfd  botonIntHandler                
00017069  copy_in                        
00017439  copysign                       
00017439  copysignl                      
2000092c  data_ADC                       
20000930  data_ADC_aux                   
00015379  disk_initialize                
000156c9  disk_ioctl                     
00015537  disk_read                      
0001551d  disk_status                    
000158cb  disk_timerproc                 
000155e1  disk_write                     
20000984  errno                          
00016fd5  exit                           
000116c5  f_close                        
00011985  f_closedir                     
00011a8d  f_getfree                      
000120d7  f_gets                         
000116f7  f_lseek                        
00011da1  f_mkdir                        
00010ec3  f_mount                        
00010f45  f_open                         
000118d1  f_opendir                      
00012267  f_printf                       
0001220b  f_putc                         
00012233  f_puts                         
000111d7  f_read                         
000119a7  f_readdir                      
00011f6f  f_rename                       
00011a2d  f_stat                         
00011627  f_sync                         
00011bc9  f_truncate                     
00011ca3  f_unlink                       
000113b5  f_write                        
00013969  fatalError                     
00015dc1  ff_convert                     
00015e6b  ff_wtoupper                    
20000920  file_name                      
00016da5  frexp                          
00016da5  frexpl                         
2000094d  g_bErrFlag                     
2000094c  g_bMsgObj3Sent                 
20000000  g_pfnRAMVectors                
00000000  g_pfnVectors                   
2000093c  g_ui32IntCount                 
20000940  g_ui32Msg1Count                
20000944  g_ui32Msg2Count                
20000948  g_ui32Msg3Count                
0001590f  get_fattime                    
000167e9  ldexp                          
000167e9  ldexpl                         
00013751  lectura_ADC                    
200008cc  logfile                        
00016f1f  ltoa                           
00013fcd  main                           
20000988  main_func_sp                   
00017345  memccpy                        
000169d9  memcpy                         
00016b89  memset                         
20000951  move                           
20000966  nfile                          
20000964  numero                         
2000095a  period                         
20000958  resul                          
200008f4  sCANMessage                    
000167e9  scalbn                         
000167e9  scalbnl                        
00016e69  sprintf                        
20000950  start_write                    
000173bf  strchr                         
0001744d  strlen                         
20000908  texto                          
20000954  time_stamp                     
20000934  ui16ws_f_l                     
20000936  ui16ws_f_r                     
20000938  ui16ws_r_l                     
2000093a  ui16ws_r_r                     
00013d01  wsIntHandler                   


GLOBAL SYMBOLS: SORTED BY Symbol Address 

address   name                           
-------   ----                           
00000000  __TI_static_base__             
00000000  g_pfnVectors                   
00000400  __STACK_SIZE                   
0000eb4e  _ctypes_                       
00010ec3  f_mount                        
00010f45  f_open                         
000111d7  f_read                         
000113b5  f_write                        
00011627  f_sync                         
000116c5  f_close                        
000116f7  f_lseek                        
000118d1  f_opendir                      
00011985  f_closedir                     
000119a7  f_readdir                      
00011a2d  f_stat                         
00011a8d  f_getfree                      
00011bc9  f_truncate                     
00011ca3  f_unlink                       
00011da1  f_mkdir                        
00011f6f  f_rename                       
000120d7  f_gets                         
0001220b  f_putc                         
00012233  f_puts                         
00012267  f_printf                       
00012e19  __TI_printfi                   
00013715  ConfigureUART                  
00013751  lectura_ADC                    
00013969  fatalError                     
00013975  Ini_CAN                        
000139d5  Ini_Timer                      
00013a79  Ini_SPI                        
00013b11  Ini_SD                         
00013b6f  WS_Read                        
00013bfd  botonIntHandler                
00013d01  wsIntHandler                   
00013d53  SysTickHandler                 
00013d5b  Timer0IntHandler               
00013d7d  Timer1IntHandler               
00013ea5  CANIntHandler                  
00013fcd  main                           
0001469d  CANInit                        
00014719  CANEnable                      
0001472d  CANDisable                     
00014741  CANBitTimingGet                
000147b1  CANBitRateSet                  
0001487d  CANBitTimingSet                
0001490b  CANIntRegister                 
00014929  CANIntUnregister               
00014943  CANIntEnable                   
00014959  CANIntDisable                  
0001496f  CANIntStatus                   
000149b9  CANIntClear                    
00014a15  CANRetrySet                    
00014a47  CANRetryGet                    
00014a65  CANStatusGet                   
00014aeb  CANErrCntrGet                  
00014b21  CANMessageSet                  
00014db3  CANMessageGet                  
00014fbd  CANMessageClear                
00015379  disk_initialize                
0001551d  disk_status                    
00015537  disk_read                      
000155e1  disk_write                     
000156c9  disk_ioctl                     
000158cb  disk_timerproc                 
0001590f  get_fattime                    
00015925  UARTStdioConfig                
0001596b  UARTwrite                      
000159b1  UARTgets                       
00015a6b  UARTgetc                       
00015a91  UARTvprintf                    
00015d8b  UARTprintf                     
00015dc1  ff_convert                     
00015e6b  ff_wtoupper                    
00015fc9  __aeabi_uldivmod               
000161bd  __aeabi_dsub                   
000161c7  __aeabi_dadd                   
00016373  __aeabi_ddiv                   
000164a9  GPIOPadConfigSet               
000165db  __aeabi_idiv0                  
000165dd  SysCtlClockGet                 
000166ed  __aeabi_dmul                   
000167e9  ldexp                          
000167e9  ldexpl                         
000167e9  scalbn                         
000167e9  scalbnl                        
000168e5  SysCtlClockSet                 
000169d9  __aeabi_memcpy                 
000169d9  __aeabi_memcpy4                
000169d9  __aeabi_memcpy8                
000169d9  memcpy                         
00016a75  __aeabi_cdcmpeq                
00016a75  __aeabi_cdcmple                
00016afb  __aeabi_cdrcmple               
00016b81  __aeabi_memclr                 
00016b81  __aeabi_memclr4                
00016b81  __aeabi_memclr8                
00016b83  __aeabi_memset                 
00016b83  __aeabi_memset4                
00016b83  __aeabi_memset8                
00016b89  memset                         
00016bfb  __mpu_init                     
00016bfd  __TI_auto_init                 
00016c6d  IntDisable                     
00016cd5  IntEnable                      
00016d3d  __TI_decompress_lzss           
00016da5  frexp                          
00016da5  frexpl                         
00016e09  TimerConfigure                 
00016e69  sprintf                        
00016ec9  GPIOIntTypeSet                 
00016f1f  ltoa                           
00016f75  _c_int00                       
00016fc9  C$$EXIT                        
00016fcd  abort                          
00016fd5  exit                           
0001701d  atoi                           
00017069  copy_in                        
000170b5  GPIOPinConfigure               
000170fd  __aeabi_d2iz                   
00017145  UARTConfigSetExpClk            
0001718b  __aeabi_uidiv                  
0001718b  __aeabi_uidivmod               
000171cb  SSIConfigSetExpClk             
00017207  _system_post_cinit             
00017209  SysCtlPeripheralPresent        
00017241  IntRegister                    
00017275  SysCtlPeripheralEnable         
000172a9  __aeabi_i2d                    
000172d7  GPIODirModeSet                 
00017301  IntPrioritySet                 
00017325  UARTDisable                    
00017345  memccpy                        
00017361  GPIOPinTypeGPIOOutput          
00017379  TimerDisable                   
00017391  _args_main                     
000173a9  TimerControlEvent              
000173bf  strchr                         
000173d5  IntUnregister                  
000173e9  SysTickEnable                  
000173fd  SysTickIntEnable               
00017411  UARTEnable                     
00017425  _register_unlock               
0001742b  _register_lock                 
00017433  _nop                           
00017439  copysign                       
00017439  copysignl                      
0001744d  strlen                         
00017461  GPIOPinTypeCAN                 
00017473  GPIOPinTypeGPIOInput           
00017485  GPIOPinTypeSSI                 
00017497  GPIOPinTypeTimer               
000174a9  GPIOPinTypeUART                
000174bb  TimerLoadSet                   
000174cd  FPULazyStackingEnable          
000174dd  IntMasterEnable                
000174ed  SysTickPeriodSet               
000174fd  GPIOIntDisable                 
0001750b  GPIOIntStatus                  
00017519  TimerEnable                    
00017527  __TI_decompress_none           
00017535  CPUcpsie                       
00017541  GPIOIntEnable                  
0001754d  SSIDataGet                     
00017559  __TI_zero_init                 
00017565  ResetISR                       
00017571  SSIDataPut                     
0001757b  SSIDisable                     
00017585  SSIEnable                      
0001758f  TimerValueGet                  
00017599  UARTCharGet                    
000175a3  UARTCharPut                    
000175ad  SSIBusy                        
000175b5  TimerIntEnable                 
000175bd  GPIOIntClear                   
000175c3  GPIOPinWrite                   
000175c9  SysCtlDelay                    
000175cf  TimerClockSourceSet            
000175d5  UARTClockSourceSet             
000175db  TimerIntClear                  
000175df  _system_pre_init               
00017608  __TI_Handler_Table_Base        
00017614  __TI_Handler_Table_Limit       
00017628  __TI_CINIT_Base                
00017640  __TI_CINIT_Limit               
20000000  g_pfnRAMVectors                
2000026c  __stack                        
2000046c  __STACK_TOP                    
2000066c  FatFs                          
2000066c  __STACK_END                    
200008a0  Val_ADC                        
200008cc  logfile                        
200008f4  sCANMessage                    
20000908  texto                          
20000920  file_name                      
2000092c  data_ADC                       
20000930  data_ADC_aux                   
20000934  ui16ws_f_l                     
20000936  ui16ws_f_r                     
20000938  ui16ws_r_l                     
2000093a  ui16ws_r_r                     
2000093c  g_ui32IntCount                 
20000940  g_ui32Msg1Count                
20000944  g_ui32Msg2Count                
20000948  g_ui32Msg3Count                
2000094c  g_bMsgObj3Sent                 
2000094d  g_bErrFlag                     
2000094e  RECORD                         
2000094f  INI_OK                         
20000950  start_write                    
20000951  move                           
20000954  time_stamp                     
20000958  resul                          
2000095a  period                         
2000095c  PeriodSysTimer                 
20000960  SysTimer                       
20000964  numero                         
20000966  nfile                          
20000968  __TI_cleanup_ptr               
2000096c  __TI_dtors_ptr                 
20000970  __TI_enable_exit_profile_output
20000974  _lock                          
20000978  _unlock                        
20000984  errno                          
20000988  main_func_sp                   
ffffffff  __TI_pprof_out_hndl            
ffffffff  __TI_prof_data_size            
ffffffff  __TI_prof_data_start           
ffffffff  __binit__                      
ffffffff  __c_args__                     
ffffffff  binit                          
UNDEFED   SHT$$INIT_ARRAY$$Base          
UNDEFED   SHT$$INIT_ARRAY$$Limit         

[233 symbols]
