******************************************************************************
                  TI ARM Linker PC v16.9.0                     
******************************************************************************
>> Linked Mon Apr 03 01:55:00 2017

OUTPUT FILE NAME:   <ADQ_1.0.out>
ENTRY POINT SYMBOL: "_c_int00"  address: 000172dd


MEMORY CONFIGURATION

         name            origin    length      used     unused   attr    fill
----------------------  --------  ---------  --------  --------  ----  --------
  FLASH                 00000000   00040000  000179a2  0002865e  R  X
  SRAM                  20000000   00008000  00000d92  0000726e  RW X


SEGMENT ALLOCATION MAP

run origin  load origin   length   init length attrs members
----------  ----------- ---------- ----------- ----- -------
00000000    00000000    000179a8   000179a8    r-x
  00000000    00000000    0000026c   0000026c    r-- .intvecs
  0000026c    0000026c    0000ed04   0000ed04    r-- .const
  0000ef70    0000ef70    000089da   000089da    r-x .text
  00017950    00017950    00000058   00000058    r-- .cinit
20000000    20000000    00000d94   00000000    rw-
  20000000    20000000    0000026c   00000000    rw- .vtable
  2000026c    2000026c    00000800   00000000    rw- .stack
  20000a6c    20000a6c    000002c2   00000000    rw- .bss
  20000d30    20000d30    00000064   00000000    rw- .data


SECTION ALLOCATION MAP

 output                                  attributes/
section   page    origin      length       input sections
--------  ----  ----------  ----------   ----------------
.intvecs   0    00000000    0000026c     
                  00000000    0000026c     tm4c123gh6pm_startup_ccs.obj (.intvecs)

.const     0    0000026c    0000ed04     
                  0000026c    00007378     cc932.obj (.const:sjis2uni)
                  000075e4    00007378     cc932.obj (.const:uni2sjis)
                  0000e95c    000001f2     cc932.obj (.const:cvt1$1)
                  0000eb4e    00000101     rtsv7M4_T_le_v4SPD16_eabi.lib : ctype.obj (.const:.string:_ctypes_)
                  0000ec4f    00000001     --HOLE-- [fill = 0]
                  0000ec50    000000bc     cc932.obj (.const:cvt2$2)
                  0000ed0c    0000009c     driverlib.lib : interrupt.obj (.const:g_pui32Regs)
                  0000eda8    00000090                   : gpio.obj (.const:g_pui32GPIOBaseAddrs)
                  0000ee38    00000070                   : interrupt.obj (.const)
                  0000eea8    0000006c                   : sysctl.obj (.const:g_pui32Xtals)
                  0000ef14    00000020     can.obj (.const:g_ui16CANBitValues)
                  0000ef34    00000012     uartstdio.obj (.const:.string)
                  0000ef46    0000000d     ff.obj (.const:.string:LfnOfs)
                  0000ef53    00000001     --HOLE-- [fill = 0]
                  0000ef54    0000000c     uartstdio.obj (.const:g_ui32UARTBase)
                  0000ef60    0000000c     uartstdio.obj (.const:g_ui32UARTPeriph)
                  0000ef6c    00000004     uartstdio.obj (.const)

.text      0    0000ef70    000089da     
                  0000ef70    0000366a     ff.obj (.text)
                  000125da    00000002     driverlib.lib : interrupt.obj (.text:_IntDefaultHandler)
                  000125dc    000011e8     main.obj (.text)
                  000137c4    0000113a     rtsv7M4_T_le_v4SPD16_eabi.lib : _printfi.obj (.text)
                  000148fe    00000002                                   : i_div0.obj (.text)
                  00014900    00000a54     can.obj (.text)
                  00015354    00000938     diskio.obj (.text)
                  00015c8c    0000049c     uartstdio.obj (.text)
                  00016128    00000208     cc932.obj (.text)
                  00016330    000001f4     rtsv7M4_T_le_v4SPD16_eabi.lib : ull_div_t2.obj (.text)
                  00016524    000001b6                                   : fd_add_t2.obj (.text)
                  000166da    00000136                                   : fd_div_t2.obj (.text)
                  00016810    00000132     driverlib.lib : gpio.obj (.text:GPIOPadConfigSet)
                  00016942    00000002     rtsv7M4_T_le_v4SPD16_eabi.lib : mpu_init.obj (.text)
                  00016944    00000110     driverlib.lib : sysctl.obj (.text:SysCtlClockGet)
                  00016a54    000000fc     rtsv7M4_T_le_v4SPD16_eabi.lib : fd_mul_t2.obj (.text)
                  00016b50    000000fc                                   : s_scalbn.obj (.text)
                  00016c4c    000000f4     driverlib.lib : sysctl.obj (.text:SysCtlClockSet)
                  00016d40    0000009c     rtsv7M4_T_le_v4SPD16_eabi.lib : memcpy_t2.obj (.text)
                  00016ddc    00000086                                   : fd_cmp_t2.obj (.text:__aeabi_cdcmple)
                  00016e62    00000086                                   : fd_cmp_t2.obj (.text:__aeabi_cdrcmple)
                  00016ee8    0000007a                                   : memset_t2.obj (.text)
                  00016f62    00000002                                   : startup.obj (.text)
                  00016f64    00000070                                   : autoinit.obj (.text)
                  00016fd4    00000068     driverlib.lib : interrupt.obj (.text:IntDisable)
                  0001703c    00000068                   : interrupt.obj (.text:IntEnable)
                  000170a4    00000068     rtsv7M4_T_le_v4SPD16_eabi.lib : copy_decompress_lzss.obj (.text:decompress:lzss)
                  0001710c    00000064                                   : s_frexp.obj (.text)
                  00017170    00000060     driverlib.lib : timer.obj (.text:TimerConfigure)
                  000171d0    00000060     rtsv7M4_T_le_v4SPD16_eabi.lib : sprintf.obj (.text)
                  00017230    00000056     driverlib.lib : gpio.obj (.text:GPIOIntTypeSet)
                  00017286    00000056     rtsv7M4_T_le_v4SPD16_eabi.lib : ltoa.obj (.text)
                  000172dc    00000054                                   : boot.obj (.text)
                  00017330    00000054                                   : exit.obj (.text)
                  00017384    0000004c                                   : atoi.obj (.text)
                  000173d0    0000004c                                   : cpy_tbl.obj (.text)
                  0001741c    00000048     driverlib.lib : gpio.obj (.text:GPIOPinConfigure)
                  00017464    00000048     rtsv7M4_T_le_v4SPD16_eabi.lib : fd_toi_t2.obj (.text)
                  000174ac    00000046     driverlib.lib : uart.obj (.text:UARTConfigSetExpClk)
                  000174f2    00000040     rtsv7M4_T_le_v4SPD16_eabi.lib : u_divt2.obj (.text)
                  00017532    0000003c     driverlib.lib : ssi.obj (.text:SSIConfigSetExpClk)
                  0001756e    00000002     --HOLE-- [fill = 0]
                  00017570    00000038                   : sysctl.obj (.text:SysCtlPeripheralPresent)
                  000175a8    00000034                   : interrupt.obj (.text:IntRegister)
                  000175dc    00000034                   : sysctl.obj (.text:SysCtlPeripheralEnable)
                  00017610    0000002e     rtsv7M4_T_le_v4SPD16_eabi.lib : i_tofd_t2.obj (.text)
                  0001763e    0000002a     driverlib.lib : gpio.obj (.text:GPIODirModeSet)
                  00017668    00000024                   : interrupt.obj (.text:IntPrioritySet)
                  0001768c    00000020                   : uart.obj (.text:UARTDisable)
                  000176ac    0000001c     rtsv7M4_T_le_v4SPD16_eabi.lib : memccpy.obj (.text)
                  000176c8    00000018     driverlib.lib : gpio.obj (.text:GPIOPinTypeGPIOOutput)
                  000176e0    00000018                   : timer.obj (.text:TimerDisable)
                  000176f8    00000018     rtsv7M4_T_le_v4SPD16_eabi.lib : args_main.obj (.text)
                  00017710    00000016     driverlib.lib : timer.obj (.text:TimerControlEvent)
                  00017726    00000016     rtsv7M4_T_le_v4SPD16_eabi.lib : strchr.obj (.text)
                  0001773c    00000014     driverlib.lib : interrupt.obj (.text:IntUnregister)
                  00017750    00000014                   : systick.obj (.text:SysTickEnable)
                  00017764    00000014                   : systick.obj (.text:SysTickIntEnable)
                  00017778    00000014                   : uart.obj (.text:UARTEnable)
                  0001778c    00000014     rtsv7M4_T_le_v4SPD16_eabi.lib : _lock.obj (.text)
                  000177a0    00000014                                   : s_copysign.obj (.text)
                  000177b4    00000014                                   : strlen.obj (.text)
                  000177c8    00000012     driverlib.lib : gpio.obj (.text:GPIOPinTypeCAN)
                  000177da    00000012                   : gpio.obj (.text:GPIOPinTypeGPIOInput)
                  000177ec    00000012                   : gpio.obj (.text:GPIOPinTypeSSI)
                  000177fe    00000012                   : gpio.obj (.text:GPIOPinTypeTimer)
                  00017810    00000012                   : gpio.obj (.text:GPIOPinTypeUART)
                  00017822    00000012                   : timer.obj (.text:TimerLoadSet)
                  00017834    00000010                   : fpu.obj (.text:FPULazyStackingEnable)
                  00017844    00000010                   : interrupt.obj (.text:IntMasterEnable)
                  00017854    00000010                   : systick.obj (.text:SysTickPeriodSet)
                  00017864    0000000e                   : gpio.obj (.text:GPIOIntDisable)
                  00017872    0000000e                   : gpio.obj (.text:GPIOIntStatus)
                  00017880    0000000e                   : timer.obj (.text:TimerEnable)
                  0001788e    0000000e     rtsv7M4_T_le_v4SPD16_eabi.lib : copy_decompress_none.obj (.text:decompress:none)
                  0001789c    0000000c     driverlib.lib : cpu.obj (.text:CPUcpsie)
                  000178a8    0000000c                   : gpio.obj (.text:GPIOIntEnable)
                  000178b4    0000000c                   : ssi.obj (.text:SSIDataGet)
                  000178c0    0000000c     rtsv7M4_T_le_v4SPD16_eabi.lib : copy_zero_init.obj (.text:decompress:ZI)
                  000178cc    0000000c     tm4c123gh6pm_startup_ccs.obj (.text)
                  000178d8    0000000a     driverlib.lib : ssi.obj (.text:SSIDataPut)
                  000178e2    0000000a                   : ssi.obj (.text:SSIDisable)
                  000178ec    0000000a                   : ssi.obj (.text:SSIEnable)
                  000178f6    0000000a                   : timer.obj (.text:TimerValueGet)
                  00017900    0000000a                   : uart.obj (.text:UARTCharGet)
                  0001790a    0000000a                   : uart.obj (.text:UARTCharPut)
                  00017914    00000008                   : ssi.obj (.text:SSIBusy)
                  0001791c    00000008                   : timer.obj (.text:TimerIntEnable)
                  00017924    00000006                   : gpio.obj (.text:GPIOIntClear)
                  0001792a    00000006                   : gpio.obj (.text:GPIOPinWrite)
                  00017930    00000006                   : sysctl.obj (.text:SysCtlDelay)
                  00017936    00000006                   : timer.obj (.text:TimerClockSourceSet)
                  0001793c    00000006                   : uart.obj (.text:UARTClockSourceSet)
                  00017942    00000004                   : timer.obj (.text:TimerIntClear)
                  00017946    00000004     rtsv7M4_T_le_v4SPD16_eabi.lib : pre_init.obj (.text)

.cinit     0    00017950    00000058     
                  00017950    00000020     (.cinit..data.load) [load image, compression = lzss]
                  00017970    0000000c     (__TI_handler_table)
                  0001797c    00000004     --HOLE-- [fill = 0]
                  00017980    00000008     (.cinit..bss.load) [load image, compression = zero_init]
                  00017988    00000008     (.cinit..vtable.load) [load image, compression = zero_init]
                  00017990    00000018     (__TI_cinit_table)

.init_array 
*          0    00000000    00000000     UNINITIALIZED

.vtable    0    20000000    0000026c     UNINITIALIZED
                  20000000    0000026c     driverlib.lib : interrupt.obj (.vtable)

.stack     0    2000026c    00000800     UNINITIALIZED
                  2000026c    00000800     --HOLE--

.bss       0    20000a6c    000002c2     UNINITIALIZED
                  20000a6c    00000234     (.common:FatFs)
                  20000ca0    00000030     (.common:Val_ADC)
                  20000cd0    00000028     (.common:logfile)
                  20000cf8    00000014     (.common:sCANMessage)
                  20000d0c    00000014     (.common:texto)
                  20000d20    00000004     ff.obj (.bss:FatFs)
                  20000d24    00000004     (.common:file_name)
                  20000d28    00000003     diskio.obj (.bss)
                  20000d2b    00000001     --HOLE--
                  20000d2c    00000002     ff.obj (.bss)

.data      0    20000d30    00000064     UNINITIALIZED
                  20000d30    00000040     main.obj (.data)
                  20000d70    0000000c     rtsv7M4_T_le_v4SPD16_eabi.lib : exit.obj (.data:$O1$$)
                  20000d7c    00000008                                   : _lock.obj (.data:$O1$$)
                  20000d84    00000005     uartstdio.obj (.data)
                  20000d89    00000002     diskio.obj (.data)
                  20000d8b    00000001     --HOLE--
                  20000d8c    00000004     rtsv7M4_T_le_v4SPD16_eabi.lib : errno.obj (.data)
                  20000d90    00000004                                   : stkdepth_vars.obj (.data)

MODULE SUMMARY

       Module                         code    ro data   rw data
       ------                         ----    -------   -------
    .\
       main.obj                       4584    0         760    
       can.obj                        2644    32        0      
       tm4c123gh6pm_startup_ccs.obj   12      620       0      
    +--+------------------------------+-------+---------+---------+
       Total:                         7240    652       760    
                                                               
    .\FaTFS\
       ff.obj                         13930   13        6      
       diskio.obj                     2360    0         5      
    +--+------------------------------+-------+---------+---------+
       Total:                         16290   13        11     
                                                               
    .\FaTFS\option\
       cc932.obj                      520     59806     0      
    +--+------------------------------+-------+---------+---------+
       Total:                         520     59806     0      
                                                               
    .\utils\
       uartstdio.obj                  1180    46        5      
    +--+------------------------------+-------+---------+---------+
       Total:                         1180    46        5      
                                                               
    C:/ti/TivaWare_C_Series-2.1.3.156/driverlib/ccs/Debug/driverlib.lib
       interrupt.obj                  334     268       620    
       gpio.obj                       672     144       0      
       sysctl.obj                     630     108       0      
       timer.obj                      202     0         0      
       uart.obj                       148     0         0      
       ssi.obj                        110     0         0      
       systick.obj                    56      0         0      
       fpu.obj                        16      0         0      
       cpu.obj                        12      0         0      
    +--+------------------------------+-------+---------+---------+
       Total:                         2180    520       620    
                                                               
    C:\ti\ccsv6\tools\compiler\ti-cgt-arm_16.9.0.LTS\lib\rtsv7M4_T_le_v4SPD16_eabi.lib
       _printfi.obj                   4410    0         0      
       ull_div_t2.obj                 500     0         0      
       fd_add_t2.obj                  438     0         0      
       fd_div_t2.obj                  310     0         0      
       fd_cmp_t2.obj                  268     0         0      
       ctype.obj                      0       257       0      
       fd_mul_t2.obj                  252     0         0      
       s_scalbn.obj                   252     0         0      
       memcpy_t2.obj                  156     0         0      
       memset_t2.obj                  122     0         0      
       autoinit.obj                   112     0         0      
       copy_decompress_lzss.obj       104     0         0      
       s_frexp.obj                    100     0         0      
       exit.obj                       84      0         12     
       sprintf.obj                    96      0         0      
       ltoa.obj                       86      0         0      
       boot.obj                       84      0         0      
       atoi.obj                       76      0         0      
       cpy_tbl.obj                    76      0         0      
       fd_toi_t2.obj                  72      0         0      
       u_divt2.obj                    64      0         0      
       i_tofd_t2.obj                  46      0         0      
       _lock.obj                      20      0         8      
       memccpy.obj                    28      0         0      
       args_main.obj                  24      0         0      
       strchr.obj                     22      0         0      
       s_copysign.obj                 20      0         0      
       strlen.obj                     20      0         0      
       copy_decompress_none.obj       14      0         0      
       copy_zero_init.obj             12      0         0      
       errno.obj                      0       0         4      
       pre_init.obj                   4       0         0      
       stkdepth_vars.obj              0       0         4      
       i_div0.obj                     2       0         0      
       mpu_init.obj                   2       0         0      
       startup.obj                    2       0         0      
    +--+------------------------------+-------+---------+---------+
       Total:                         7878    257       28     
                                                               
       Stack:                         0       0         2048   
       Linker Generated:              0       84        0      
    +--+------------------------------+-------+---------+---------+
       Grand Total:                   35288   61378     3472   


LINKER GENERATED COPY TABLES

__TI_cinit_table @ 00017990 records: 3, size/record: 8, table size: 24
	.data: load addr=00017950, load size=00000020 bytes, run addr=20000d30, run size=00000064 bytes, compression=lzss
	.bss: load addr=00017980, load size=00000008 bytes, run addr=20000a6c, run size=000002c2 bytes, compression=zero_init
	.vtable: load addr=00017988, load size=00000008 bytes, run addr=20000000, run size=0000026c bytes, compression=zero_init


LINKER GENERATED HANDLER TABLE

__TI_handler_table @ 00017970 records: 3, size/record: 4, table size: 12
	index: 0, handler: __TI_zero_init
	index: 1, handler: __TI_decompress_lzss
	index: 2, handler: __TI_decompress_none


GLOBAL SYMBOLS: SORTED ALPHABETICALLY BY Name 

address   name                           
-------   ----                           
00017331  C$$EXIT                        
00014b19  CANBitRateSet                  
00014aa9  CANBitTimingGet                
00014be5  CANBitTimingSet                
00014a95  CANDisable                     
00014a81  CANEnable                      
00014e53  CANErrCntrGet                  
00014a05  CANInit                        
00014d21  CANIntClear                    
00014cc1  CANIntDisable                  
00014cab  CANIntEnable                   
00012f89  CANIntHandler                  
00014c73  CANIntRegister                 
00014cd7  CANIntStatus                   
00014c91  CANIntUnregister               
00015325  CANMessageClear                
0001511b  CANMessageGet                  
00014e89  CANMessageSet                  
00014daf  CANRetryGet                    
00014d7d  CANRetrySet                    
00014dcd  CANStatusGet                   
0001789d  CPUcpsie                       
000125dd  ConfigureUART                  
00017835  FPULazyStackingEnable          
20000a6c  FatFs                          
0001763f  GPIODirModeSet                 
00017925  GPIOIntClear                   
00017865  GPIOIntDisable                 
000178a9  GPIOIntEnable                  
00017873  GPIOIntStatus                  
00017231  GPIOIntTypeSet                 
00016811  GPIOPadConfigSet               
0001741d  GPIOPinConfigure               
000177c9  GPIOPinTypeCAN                 
000177db  GPIOPinTypeGPIOInput           
000176c9  GPIOPinTypeGPIOOutput          
000177ed  GPIOPinTypeSSI                 
000177ff  GPIOPinTypeTimer               
00017811  GPIOPinTypeUART                
0001792b  GPIOPinWrite                   
20000d53  INI_OK                         
0001283d  Ini_CAN                        
000129d9  Ini_SD                         
00012941  Ini_SPI                        
0001289d  Ini_Timer                      
00016fd5  IntDisable                     
0001703d  IntEnable                      
00017845  IntMasterEnable                
00017669  IntPrioritySet                 
000175a9  IntRegister                    
0001773d  IntUnregister                  
20000d60  PeriodSysTimer                 
00012ab9  Print_EndFile                  
20000d52  RECORD                         
000178cd  ResetISR                       
UNDEFED   SHT$$INIT_ARRAY$$Base          
UNDEFED   SHT$$INIT_ARRAY$$Limit         
00017915  SSIBusy                        
00017533  SSIConfigSetExpClk             
000178b5  SSIDataGet                     
000178d9  SSIDataPut                     
000178e3  SSIDisable                     
000178ed  SSIEnable                      
00016945  SysCtlClockGet                 
00016c4d  SysCtlClockSet                 
00017931  SysCtlDelay                    
000175dd  SysCtlPeripheralEnable         
00017571  SysCtlPeripheralPresent        
00017751  SysTickEnable                  
00012f53  SysTickHandler                 
00017765  SysTickIntEnable               
00017855  SysTickPeriodSet               
20000d64  SysTimer                       
00012f5b  Timer0IntHandler               
00012f6f  Timer1IntHandler               
00017937  TimerClockSourceSet            
00017171  TimerConfigure                 
00017711  TimerControlEvent              
000176e1  TimerDisable                   
00017881  TimerEnable                    
00017943  TimerIntClear                  
0001791d  TimerIntEnable                 
00017823  TimerLoadSet                   
000178f7  TimerValueGet                  
00017901  UARTCharGet                    
0001790b  UARTCharPut                    
0001793d  UARTClockSourceSet             
000174ad  UARTConfigSetExpClk            
0001768d  UARTDisable                    
00017779  UARTEnable                     
00015c8d  UARTStdioConfig                
00015dd3  UARTgetc                       
00015d19  UARTgets                       
000160f3  UARTprintf                     
00015df9  UARTvprintf                    
00015cd3  UARTwrite                      
20000ca0  Val_ADC                        
00012a3b  WS_Read                        
20000a6c  __STACK_END                    
00000800  __STACK_SIZE                   
2000046c  __STACK_TOP                    
00017990  __TI_CINIT_Base                
000179a8  __TI_CINIT_Limit               
00017970  __TI_Handler_Table_Base        
0001797c  __TI_Handler_Table_Limit       
00016f65  __TI_auto_init                 
20000d70  __TI_cleanup_ptr               
000170a5  __TI_decompress_lzss           
0001788f  __TI_decompress_none           
20000d74  __TI_dtors_ptr                 
20000d78  __TI_enable_exit_profile_output
ffffffff  __TI_pprof_out_hndl            
00014005  __TI_printfi                   
ffffffff  __TI_prof_data_size            
ffffffff  __TI_prof_data_start           
00000000  __TI_static_base__             
000178c1  __TI_zero_init                 
00016ddd  __aeabi_cdcmpeq                
00016ddd  __aeabi_cdcmple                
00016e63  __aeabi_cdrcmple               
00017465  __aeabi_d2iz                   
0001652f  __aeabi_dadd                   
000166db  __aeabi_ddiv                   
00016a55  __aeabi_dmul                   
00016525  __aeabi_dsub                   
00017611  __aeabi_i2d                    
000148ff  __aeabi_idiv0                  
00016ee9  __aeabi_memclr                 
00016ee9  __aeabi_memclr4                
00016ee9  __aeabi_memclr8                
00016d41  __aeabi_memcpy                 
00016d41  __aeabi_memcpy4                
00016d41  __aeabi_memcpy8                
00016eeb  __aeabi_memset                 
00016eeb  __aeabi_memset4                
00016eeb  __aeabi_memset8                
000174f3  __aeabi_uidiv                  
000174f3  __aeabi_uidivmod               
00016331  __aeabi_uldivmod               
ffffffff  __binit__                      
ffffffff  __c_args__                     
00016943  __mpu_init                     
2000026c  __stack                        
000176f9  _args_main                     
000172dd  _c_int00                       
0000eb4e  _ctypes_                       
20000d7c  _lock                          
0001779b  _nop                           
00017793  _register_lock                 
0001778d  _register_unlock               
00016f63  _system_post_cinit             
00017947  _system_pre_init               
20000d80  _unlock                        
00017335  abort                          
00017385  atoi                           
ffffffff  binit                          
00012d85  botonIntHandler                
000173d1  copy_in                        
000177a1  copysign                       
000177a1  copysignl                      
20000d30  data_ADC                       
20000d34  data_ADC_aux                   
000156e1  disk_initialize                
00015a31  disk_ioctl                     
0001589f  disk_read                      
00015885  disk_status                    
00015c33  disk_timerproc                 
00015949  disk_write                     
20000d8c  errno                          
0001733d  exit                           
000116c5  f_close                        
00011985  f_closedir                     
00011a8d  f_getfree                      
000120d7  f_gets                         
000116f7  f_lseek                        
00011da1  f_mkdir                        
00010ec3  f_mount                        
00010f45  f_open                         
000118d1  f_opendir                      
00012267  f_printf                       
0001220b  f_putc                         
00012233  f_puts                         
000111d7  f_read                         
000119a7  f_readdir                      
00011f6f  f_rename                       
00011a2d  f_stat                         
00011627  f_sync                         
00011bc9  f_truncate                     
00011ca3  f_unlink                       
000113b5  f_write                        
00012831  fatalError                     
00016129  ff_convert                     
000161d3  ff_wtoupper                    
20000d24  file_name                      
0001710d  frexp                          
0001710d  frexpl                         
20000d51  g_bErrFlag                     
20000d50  g_bMsgObj3Sent                 
20000000  g_pfnRAMVectors                
00000000  g_pfnVectors                   
20000d40  g_ui32IntCount                 
20000d44  g_ui32Msg1Count                
20000d48  g_ui32Msg2Count                
20000d4c  g_ui32Msg3Count                
00015c77  get_fattime                    
00016b51  ldexp                          
00016b51  ldexpl                         
00012619  lectura_ADC                    
20000cd0  logfile                        
00017287  ltoa                           
00013225  main                           
20000d90  main_func_sp                   
000176ad  memccpy                        
00016d41  memcpy                         
00016ef1  memset                         
20000d55  move                           
20000d6c  ndatos                         
20000d6a  nfile                          
20000d68  numero                         
20000d5e  period                         
20000d5c  resul                          
20000cf8  sCANMessage                    
00016b51  scalbn                         
00016b51  scalbnl                        
000171d1  sprintf                        
20000d54  start_write                    
00017727  strchr                         
000177b5  strlen                         
20000d0c  texto                          
20000d58  time_stamp                     
20000d38  ui16ws_f_l                     
20000d3a  ui16ws_f_r                     
20000d3c  ui16ws_r_l                     
20000d3e  ui16ws_r_r                     
00012f01  wsIntHandler                   


GLOBAL SYMBOLS: SORTED BY Symbol Address 

address   name                           
-------   ----                           
00000000  __TI_static_base__             
00000000  g_pfnVectors                   
00000800  __STACK_SIZE                   
0000eb4e  _ctypes_                       
00010ec3  f_mount                        
00010f45  f_open                         
000111d7  f_read                         
000113b5  f_write                        
00011627  f_sync                         
000116c5  f_close                        
000116f7  f_lseek                        
000118d1  f_opendir                      
00011985  f_closedir                     
000119a7  f_readdir                      
00011a2d  f_stat                         
00011a8d  f_getfree                      
00011bc9  f_truncate                     
00011ca3  f_unlink                       
00011da1  f_mkdir                        
00011f6f  f_rename                       
000120d7  f_gets                         
0001220b  f_putc                         
00012233  f_puts                         
00012267  f_printf                       
000125dd  ConfigureUART                  
00012619  lectura_ADC                    
00012831  fatalError                     
0001283d  Ini_CAN                        
0001289d  Ini_Timer                      
00012941  Ini_SPI                        
000129d9  Ini_SD                         
00012a3b  WS_Read                        
00012ab9  Print_EndFile                  
00012d85  botonIntHandler                
00012f01  wsIntHandler                   
00012f53  SysTickHandler                 
00012f5b  Timer0IntHandler               
00012f6f  Timer1IntHandler               
00012f89  CANIntHandler                  
00013225  main                           
00014005  __TI_printfi                   
000148ff  __aeabi_idiv0                  
00014a05  CANInit                        
00014a81  CANEnable                      
00014a95  CANDisable                     
00014aa9  CANBitTimingGet                
00014b19  CANBitRateSet                  
00014be5  CANBitTimingSet                
00014c73  CANIntRegister                 
00014c91  CANIntUnregister               
00014cab  CANIntEnable                   
00014cc1  CANIntDisable                  
00014cd7  CANIntStatus                   
00014d21  CANIntClear                    
00014d7d  CANRetrySet                    
00014daf  CANRetryGet                    
00014dcd  CANStatusGet                   
00014e53  CANErrCntrGet                  
00014e89  CANMessageSet                  
0001511b  CANMessageGet                  
00015325  CANMessageClear                
000156e1  disk_initialize                
00015885  disk_status                    
0001589f  disk_read                      
00015949  disk_write                     
00015a31  disk_ioctl                     
00015c33  disk_timerproc                 
00015c77  get_fattime                    
00015c8d  UARTStdioConfig                
00015cd3  UARTwrite                      
00015d19  UARTgets                       
00015dd3  UARTgetc                       
00015df9  UARTvprintf                    
000160f3  UARTprintf                     
00016129  ff_convert                     
000161d3  ff_wtoupper                    
00016331  __aeabi_uldivmod               
00016525  __aeabi_dsub                   
0001652f  __aeabi_dadd                   
000166db  __aeabi_ddiv                   
00016811  GPIOPadConfigSet               
00016943  __mpu_init                     
00016945  SysCtlClockGet                 
00016a55  __aeabi_dmul                   
00016b51  ldexp                          
00016b51  ldexpl                         
00016b51  scalbn                         
00016b51  scalbnl                        
00016c4d  SysCtlClockSet                 
00016d41  __aeabi_memcpy                 
00016d41  __aeabi_memcpy4                
00016d41  __aeabi_memcpy8                
00016d41  memcpy                         
00016ddd  __aeabi_cdcmpeq                
00016ddd  __aeabi_cdcmple                
00016e63  __aeabi_cdrcmple               
00016ee9  __aeabi_memclr                 
00016ee9  __aeabi_memclr4                
00016ee9  __aeabi_memclr8                
00016eeb  __aeabi_memset                 
00016eeb  __aeabi_memset4                
00016eeb  __aeabi_memset8                
00016ef1  memset                         
00016f63  _system_post_cinit             
00016f65  __TI_auto_init                 
00016fd5  IntDisable                     
0001703d  IntEnable                      
000170a5  __TI_decompress_lzss           
0001710d  frexp                          
0001710d  frexpl                         
00017171  TimerConfigure                 
000171d1  sprintf                        
00017231  GPIOIntTypeSet                 
00017287  ltoa                           
000172dd  _c_int00                       
00017331  C$$EXIT                        
00017335  abort                          
0001733d  exit                           
00017385  atoi                           
000173d1  copy_in                        
0001741d  GPIOPinConfigure               
00017465  __aeabi_d2iz                   
000174ad  UARTConfigSetExpClk            
000174f3  __aeabi_uidiv                  
000174f3  __aeabi_uidivmod               
00017533  SSIConfigSetExpClk             
00017571  SysCtlPeripheralPresent        
000175a9  IntRegister                    
000175dd  SysCtlPeripheralEnable         
00017611  __aeabi_i2d                    
0001763f  GPIODirModeSet                 
00017669  IntPrioritySet                 
0001768d  UARTDisable                    
000176ad  memccpy                        
000176c9  GPIOPinTypeGPIOOutput          
000176e1  TimerDisable                   
000176f9  _args_main                     
00017711  TimerControlEvent              
00017727  strchr                         
0001773d  IntUnregister                  
00017751  SysTickEnable                  
00017765  SysTickIntEnable               
00017779  UARTEnable                     
0001778d  _register_unlock               
00017793  _register_lock                 
0001779b  _nop                           
000177a1  copysign                       
000177a1  copysignl                      
000177b5  strlen                         
000177c9  GPIOPinTypeCAN                 
000177db  GPIOPinTypeGPIOInput           
000177ed  GPIOPinTypeSSI                 
000177ff  GPIOPinTypeTimer               
00017811  GPIOPinTypeUART                
00017823  TimerLoadSet                   
00017835  FPULazyStackingEnable          
00017845  IntMasterEnable                
00017855  SysTickPeriodSet               
00017865  GPIOIntDisable                 
00017873  GPIOIntStatus                  
00017881  TimerEnable                    
0001788f  __TI_decompress_none           
0001789d  CPUcpsie                       
000178a9  GPIOIntEnable                  
000178b5  SSIDataGet                     
000178c1  __TI_zero_init                 
000178cd  ResetISR                       
000178d9  SSIDataPut                     
000178e3  SSIDisable                     
000178ed  SSIEnable                      
000178f7  TimerValueGet                  
00017901  UARTCharGet                    
0001790b  UARTCharPut                    
00017915  SSIBusy                        
0001791d  TimerIntEnable                 
00017925  GPIOIntClear                   
0001792b  GPIOPinWrite                   
00017931  SysCtlDelay                    
00017937  TimerClockSourceSet            
0001793d  UARTClockSourceSet             
00017943  TimerIntClear                  
00017947  _system_pre_init               
00017970  __TI_Handler_Table_Base        
0001797c  __TI_Handler_Table_Limit       
00017990  __TI_CINIT_Base                
000179a8  __TI_CINIT_Limit               
20000000  g_pfnRAMVectors                
2000026c  __stack                        
2000046c  __STACK_TOP                    
20000a6c  FatFs                          
20000a6c  __STACK_END                    
20000ca0  Val_ADC                        
20000cd0  logfile                        
20000cf8  sCANMessage                    
20000d0c  texto                          
20000d24  file_name                      
20000d30  data_ADC                       
20000d34  data_ADC_aux                   
20000d38  ui16ws_f_l                     
20000d3a  ui16ws_f_r                     
20000d3c  ui16ws_r_l                     
20000d3e  ui16ws_r_r                     
20000d40  g_ui32IntCount                 
20000d44  g_ui32Msg1Count                
20000d48  g_ui32Msg2Count                
20000d4c  g_ui32Msg3Count                
20000d50  g_bMsgObj3Sent                 
20000d51  g_bErrFlag                     
20000d52  RECORD                         
20000d53  INI_OK                         
20000d54  start_write                    
20000d55  move                           
20000d58  time_stamp                     
20000d5c  resul                          
20000d5e  period                         
20000d60  PeriodSysTimer                 
20000d64  SysTimer                       
20000d68  numero                         
20000d6a  nfile                          
20000d6c  ndatos                         
20000d70  __TI_cleanup_ptr               
20000d74  __TI_dtors_ptr                 
20000d78  __TI_enable_exit_profile_output
20000d7c  _lock                          
20000d80  _unlock                        
20000d8c  errno                          
20000d90  main_func_sp                   
ffffffff  __TI_pprof_out_hndl            
ffffffff  __TI_prof_data_size            
ffffffff  __TI_prof_data_start           
ffffffff  __binit__                      
ffffffff  __c_args__                     
ffffffff  binit                          
UNDEFED   SHT$$INIT_ARRAY$$Base          
UNDEFED   SHT$$INIT_ARRAY$$Limit         

[235 symbols]
