******************************************************************************
                  TI ARM Linker PC v16.9.0                     
******************************************************************************
>> Linked Mon Mar 27 14:12:49 2017

OUTPUT FILE NAME:   <ADQ_1.0.out>
ENTRY POINT SYMBOL: "_c_int00"  address: 0000deb9


MEMORY CONFIGURATION

         name            origin    length      used     unused   attr    fill
----------------------  --------  ---------  --------  --------  ----  --------
  FLASH                 00000000   00040000  0000e40a  00031bf6  R  X
  SRAM                  20000000   00008000  00000d5e  000072a2  RW X


SEGMENT ALLOCATION MAP

run origin  load origin   length   init length attrs members
----------  ----------- ---------- ----------- ----- -------
00000000    00000000    0000e410   0000e410    r-x
  00000000    00000000    0000026c   0000026c    r-- .intvecs
  0000026c    0000026c    00007900   00007900    r-- .const
  00007b6c    00007b6c    00006846   00006846    r-x .text
  0000e3b8    0000e3b8    00000058   00000058    r-- .cinit
20000000    20000000    00000d60   00000000    rw-
  20000000    20000000    0000026c   00000000    rw- .vtable
  2000026c    2000026c    00000800   00000000    rw- .stack
  20000a6c    20000a6c    0000029e   00000000    rw- .bss
  20000d0c    20000d0c    00000054   00000000    rw- .data


SECTION ALLOCATION MAP

 output                                  attributes/
section   page    origin      length       input sections
--------  ----  ----------  ----------   ----------------
.intvecs   0    00000000    0000026c     
                  00000000    0000026c     tm4c123gh6pm_startup_ccs.obj (.intvecs)

.const     0    0000026c    00007900     
                  0000026c    00007378     cc932.obj (.const:uni2sjis)
                  000075e4    000001e0     cc932.obj (.const:tbl_lower$1)
                  000077c4    000001e0     cc932.obj (.const:tbl_upper$2)
                  000079a4    00000090     driverlib.lib : gpio.obj (.const:g_pui32GPIOBaseAddrs)
                  00007a34    00000070                   : interrupt.obj (.const)
                  00007aa4    0000006c                   : sysctl.obj (.const:g_pui32Xtals)
                  00007b10    00000020     can.obj (.const:g_ui16CANBitValues)
                  00007b30    00000012     uartstdio.obj (.const:.string)
                  00007b42    0000000d     ff.obj (.const:.string:LfnOfs)
                  00007b4f    00000001     --HOLE-- [fill = 0]
                  00007b50    0000000c     uartstdio.obj (.const:g_ui32UARTBase)
                  00007b5c    0000000c     uartstdio.obj (.const:g_ui32UARTPeriph)
                  00007b68    00000004     uartstdio.obj (.const)

.text      0    00007b6c    00006846     
                  00007b6c    00003870     ff.obj (.text)
                  0000b3dc    00000af0     main.obj (.text)
                  0000becc    00000a54     can.obj (.text)
                  0000c920    00000924     diskio.obj (.text)
                  0000d244    0000049c     uartstdio.obj (.text)
                  0000d6e0    00000132     driverlib.lib : gpio.obj (.text:GPIOPadConfigSet)
                  0000d812    00000002                   : interrupt.obj (.text:_IntDefaultHandler)
                  0000d814    00000128     cc932.obj (.text)
                  0000d93c    00000110     driverlib.lib : sysctl.obj (.text:SysCtlClockGet)
                  0000da4c    000000f4                   : sysctl.obj (.text:SysCtlClockSet)
                  0000db40    0000009c     rtsv7M4_T_le_v4SPD16_eabi.lib : memcpy_t2.obj (.text)
                  0000dbdc    0000007a                                   : memset_t2.obj (.text)
                  0000dc56    00000002                                   : i_div0.obj (.text)
                  0000dc58    00000070                                   : autoinit.obj (.text)
                  0000dcc8    00000068     driverlib.lib : interrupt.obj (.text:IntDisable)
                  0000dd30    00000068                   : interrupt.obj (.text:IntEnable)
                  0000dd98    00000068     rtsv7M4_T_le_v4SPD16_eabi.lib : copy_decompress_lzss.obj (.text:decompress:lzss)
                  0000de00    00000060     driverlib.lib : timer.obj (.text:TimerConfigure)
                  0000de60    00000056                   : gpio.obj (.text:GPIOIntTypeSet)
                  0000deb6    00000002     rtsv7M4_T_le_v4SPD16_eabi.lib : mpu_init.obj (.text)
                  0000deb8    00000054                                   : boot.obj (.text)
                  0000df0c    00000054                                   : exit.obj (.text)
                  0000df60    0000004c                                   : cpy_tbl.obj (.text)
                  0000dfac    00000048     driverlib.lib : gpio.obj (.text:GPIOPinConfigure)
                  0000dff4    00000046                   : uart.obj (.text:UARTConfigSetExpClk)
                  0000e03a    00000040     rtsv7M4_T_le_v4SPD16_eabi.lib : u_divt2.obj (.text)
                  0000e07a    0000003c     driverlib.lib : ssi.obj (.text:SSIConfigSetExpClk)
                  0000e0b6    00000002     rtsv7M4_T_le_v4SPD16_eabi.lib : startup.obj (.text)
                  0000e0b8    00000038     driverlib.lib : sysctl.obj (.text:SysCtlPeripheralPresent)
                  0000e0f0    00000034                   : interrupt.obj (.text:IntRegister)
                  0000e124    00000034                   : sysctl.obj (.text:SysCtlPeripheralEnable)
                  0000e158    0000002a                   : gpio.obj (.text:GPIODirModeSet)
                  0000e182    00000002     --HOLE-- [fill = 0]
                  0000e184    00000020                   : uart.obj (.text:UARTDisable)
                  0000e1a4    00000018                   : gpio.obj (.text:GPIOPinTypeGPIOOutput)
                  0000e1bc    00000018     rtsv7M4_T_le_v4SPD16_eabi.lib : args_main.obj (.text)
                  0000e1d4    00000016     driverlib.lib : timer.obj (.text:TimerControlEvent)
                  0000e1ea    00000002     --HOLE-- [fill = 0]
                  0000e1ec    00000014                   : interrupt.obj (.text:IntUnregister)
                  0000e200    00000014                   : systick.obj (.text:SysTickEnable)
                  0000e214    00000014                   : systick.obj (.text:SysTickIntEnable)
                  0000e228    00000014                   : uart.obj (.text:UARTEnable)
                  0000e23c    00000014     rtsv7M4_T_le_v4SPD16_eabi.lib : _lock.obj (.text)
                  0000e250    00000012     driverlib.lib : gpio.obj (.text:GPIOPinTypeCAN)
                  0000e262    00000012                   : gpio.obj (.text:GPIOPinTypeGPIOInput)
                  0000e274    00000012                   : gpio.obj (.text:GPIOPinTypeSSI)
                  0000e286    00000012                   : gpio.obj (.text:GPIOPinTypeUART)
                  0000e298    00000012                   : timer.obj (.text:TimerLoadSet)
                  0000e2aa    00000010                   : interrupt.obj (.text:IntMasterEnable)
                  0000e2ba    00000002     --HOLE-- [fill = 0]
                  0000e2bc    00000010                   : systick.obj (.text:SysTickPeriodSet)
                  0000e2cc    0000000e                   : gpio.obj (.text:GPIOIntDisable)
                  0000e2da    0000000e                   : gpio.obj (.text:GPIOIntStatus)
                  0000e2e8    0000000e                   : timer.obj (.text:TimerEnable)
                  0000e2f6    0000000e     rtsv7M4_T_le_v4SPD16_eabi.lib : copy_decompress_none.obj (.text:decompress:none)
                  0000e304    0000000c     driverlib.lib : cpu.obj (.text:CPUcpsie)
                  0000e310    0000000c                   : gpio.obj (.text:GPIOIntEnable)
                  0000e31c    0000000c                   : ssi.obj (.text:SSIDataGet)
                  0000e328    0000000c     rtsv7M4_T_le_v4SPD16_eabi.lib : copy_zero_init.obj (.text:decompress:ZI)
                  0000e334    0000000c     tm4c123gh6pm_startup_ccs.obj (.text)
                  0000e340    0000000a     driverlib.lib : ssi.obj (.text:SSIDataPut)
                  0000e34a    0000000a                   : ssi.obj (.text:SSIDisable)
                  0000e354    0000000a                   : ssi.obj (.text:SSIEnable)
                  0000e35e    0000000a                   : timer.obj (.text:TimerValueGet)
                  0000e368    0000000a                   : uart.obj (.text:UARTCharGet)
                  0000e372    0000000a                   : uart.obj (.text:UARTCharPut)
                  0000e37c    00000008                   : ssi.obj (.text:SSIBusy)
                  0000e384    00000008                   : timer.obj (.text:TimerIntEnable)
                  0000e38c    00000006                   : gpio.obj (.text:GPIOIntClear)
                  0000e392    00000006                   : gpio.obj (.text:GPIOPinWrite)
                  0000e398    00000006                   : sysctl.obj (.text:SysCtlDelay)
                  0000e39e    00000006                   : timer.obj (.text:TimerClockSourceSet)
                  0000e3a4    00000006                   : uart.obj (.text:UARTClockSourceSet)
                  0000e3aa    00000004                   : timer.obj (.text:TimerIntClear)
                  0000e3ae    00000004     rtsv7M4_T_le_v4SPD16_eabi.lib : pre_init.obj (.text)

.cinit     0    0000e3b8    00000058     
                  0000e3b8    0000001f     (.cinit..data.load) [load image, compression = lzss]
                  0000e3d7    00000001     --HOLE-- [fill = 0]
                  0000e3d8    0000000c     (__TI_handler_table)
                  0000e3e4    00000004     --HOLE-- [fill = 0]
                  0000e3e8    00000008     (.cinit..bss.load) [load image, compression = zero_init]
                  0000e3f0    00000008     (.cinit..vtable.load) [load image, compression = zero_init]
                  0000e3f8    00000018     (__TI_cinit_table)

.init_array 
*          0    00000000    00000000     UNINITIALIZED

.vtable    0    20000000    0000026c     UNINITIALIZED
                  20000000    0000026c     driverlib.lib : interrupt.obj (.vtable)

.stack     0    2000026c    00000800     UNINITIALIZED
                  2000026c    00000800     --HOLE--

.bss       0    20000a6c    0000029e     UNINITIALIZED
                  20000a6c    00000230     (.common:FatFs)
                  20000c9c    0000002c     (.common:Val_ADC)
                  20000cc8    00000024     (.common:logfile)
                  20000cec    00000014     (.common:sCANMessage)
                  20000d00    00000004     ff.obj (.bss:FatFs)
                  20000d04    00000003     diskio.obj (.bss)
                  20000d07    00000001     --HOLE--
                  20000d08    00000002     ff.obj (.bss)

.data      0    20000d0c    00000054     UNINITIALIZED
                  20000d0c    00000034     main.obj (.data)
                  20000d40    0000000c     rtsv7M4_T_le_v4SPD16_eabi.lib : exit.obj (.data:$O1$$)
                  20000d4c    00000008                                   : _lock.obj (.data:$O1$$)
                  20000d54    00000005     uartstdio.obj (.data)
                  20000d59    00000002     diskio.obj (.data)
                  20000d5b    00000001     --HOLE--
                  20000d5c    00000004     rtsv7M4_T_le_v4SPD16_eabi.lib : stkdepth_vars.obj (.data)

MODULE SUMMARY

       Module                         code    ro data   rw data
       ------                         ----    -------   -------
    .\
       main.obj                       2800    0         712    
       can.obj                        2644    32        0      
       tm4c123gh6pm_startup_ccs.obj   12      620       0      
    +--+------------------------------+-------+---------+---------+
       Total:                         5456    652       712    
                                                               
    .\FaTFS\
       ff.obj                         14448   13        6      
       diskio.obj                     2340    0         5      
    +--+------------------------------+-------+---------+---------+
       Total:                         16788   13        11     
                                                               
    .\FaTFS\option\
       cc932.obj                      296     30520     0      
    +--+------------------------------+-------+---------+---------+
       Total:                         296     30520     0      
                                                               
    .\utils\
       uartstdio.obj                  1180    46        5      
    +--+------------------------------+-------+---------+---------+
       Total:                         1180    46        5      
                                                               
    C:/ti/TivaWare_C_Series-2.1.3.156/driverlib/ccs/Debug/driverlib.lib
       interrupt.obj                  298     112       620    
       gpio.obj                       654     144       0      
       sysctl.obj                     630     108       0      
       timer.obj                      178     0         0      
       uart.obj                       148     0         0      
       ssi.obj                        110     0         0      
       systick.obj                    56      0         0      
       cpu.obj                        12      0         0      
    +--+------------------------------+-------+---------+---------+
       Total:                         2086    364       620    
                                                               
    C:\ti\ccsv6\tools\compiler\ti-cgt-arm_16.9.0.LTS\lib\rtsv7M4_T_le_v4SPD16_eabi.lib
       memcpy_t2.obj                  156     0         0      
       memset_t2.obj                  122     0         0      
       autoinit.obj                   112     0         0      
       copy_decompress_lzss.obj       104     0         0      
       exit.obj                       84      0         12     
       boot.obj                       84      0         0      
       cpy_tbl.obj                    76      0         0      
       u_divt2.obj                    64      0         0      
       _lock.obj                      20      0         8      
       args_main.obj                  24      0         0      
       copy_decompress_none.obj       14      0         0      
       copy_zero_init.obj             12      0         0      
       pre_init.obj                   4       0         0      
       stkdepth_vars.obj              0       0         4      
       i_div0.obj                     2       0         0      
       mpu_init.obj                   2       0         0      
       startup.obj                    2       0         0      
    +--+------------------------------+-------+---------+---------+
       Total:                         882     0         24     
                                                               
       Stack:                         0       0         2048   
       Linker Generated:              0       83        0      
    +--+------------------------------+-------+---------+---------+
       Grand Total:                   26688   31678     3420   


LINKER GENERATED COPY TABLES

__TI_cinit_table @ 0000e3f8 records: 3, size/record: 8, table size: 24
	.data: load addr=0000e3b8, load size=0000001f bytes, run addr=20000d0c, run size=00000054 bytes, compression=lzss
	.bss: load addr=0000e3e8, load size=00000008 bytes, run addr=20000a6c, run size=0000029e bytes, compression=zero_init
	.vtable: load addr=0000e3f0, load size=00000008 bytes, run addr=20000000, run size=0000026c bytes, compression=zero_init


LINKER GENERATED HANDLER TABLE

__TI_handler_table @ 0000e3d8 records: 3, size/record: 4, table size: 12
	index: 0, handler: __TI_zero_init
	index: 1, handler: __TI_decompress_lzss
	index: 2, handler: __TI_decompress_none


GLOBAL SYMBOLS: SORTED ALPHABETICALLY BY Name 

address   name                           
-------   ----                           
0000df0d  C$$EXIT                        
0000c0e5  CANBitRateSet                  
0000c075  CANBitTimingGet                
0000c1b1  CANBitTimingSet                
0000c061  CANDisable                     
0000c04d  CANEnable                      
0000c41f  CANErrCntrGet                  
0000bfd1  CANInit                        
0000c2ed  CANIntClear                    
0000c28d  CANIntDisable                  
0000c277  CANIntEnable                   
0000b91d  CANIntHandler                  
0000c23f  CANIntRegister                 
0000c2a3  CANIntStatus                   
0000c25d  CANIntUnregister               
0000c8f1  CANMessageClear                
0000c6e7  CANMessageGet                  
0000c455  CANMessageSet                  
0000c37b  CANRetryGet                    
0000c349  CANRetrySet                    
0000c399  CANStatusGet                   
0000e305  CPUcpsie                       
0000b3dd  ConfigureUART                  
20000a6c  FatFs                          
0000e159  GPIODirModeSet                 
0000e38d  GPIOIntClear                   
0000e2cd  GPIOIntDisable                 
0000e311  GPIOIntEnable                  
0000e2db  GPIOIntStatus                  
0000de61  GPIOIntTypeSet                 
0000d6e1  GPIOPadConfigSet               
0000dfad  GPIOPinConfigure               
0000e251  GPIOPinTypeCAN                 
0000e263  GPIOPinTypeGPIOInput           
0000e1a5  GPIOPinTypeGPIOOutput          
0000e275  GPIOPinTypeSSI                 
0000e287  GPIOPinTypeUART                
0000e393  GPIOPinWrite                   
20000d2f  INI_OK                         
0000b63d  Ini_CAN                        
0000b7e9  Ini_SD                         
0000b751  Ini_SPI                        
0000b695  Ini_Timer                      
0000dcc9  IntDisable                     
0000dd31  IntEnable                      
0000e2ab  IntMasterEnable                
0000e0f1  IntRegister                    
0000e1ed  IntUnregister                  
20000d2e  RECORD                         
0000e335  ResetISR                       
UNDEFED   SHT$$INIT_ARRAY$$Base          
UNDEFED   SHT$$INIT_ARRAY$$Limit         
0000e37d  SSIBusy                        
0000e07b  SSIConfigSetExpClk             
0000e31d  SSIDataGet                     
0000e341  SSIDataPut                     
0000e34b  SSIDisable                     
0000e355  SSIEnable                      
0000d93d  SysCtlClockGet                 
0000da4d  SysCtlClockSet                 
0000e399  SysCtlDelay                    
0000e125  SysCtlPeripheralEnable         
0000e0b9  SysCtlPeripheralPresent        
0000e201  SysTickEnable                  
0000b8e7  SysTickHandler                 
0000e215  SysTickIntEnable               
0000e2bd  SysTickPeriodSet               
0000b725  Timer0IntHandler               
0000e39f  TimerClockSourceSet            
0000de01  TimerConfigure                 
0000e1d5  TimerControlEvent              
0000e2e9  TimerEnable                    
0000e3ab  TimerIntClear                  
0000e385  TimerIntEnable                 
0000e299  TimerLoadSet                   
0000e35f  TimerValueGet                  
0000e369  UARTCharGet                    
0000e373  UARTCharPut                    
0000e3a5  UARTClockSourceSet             
0000dff5  UARTConfigSetExpClk            
0000e185  UARTDisable                    
0000e229  UARTEnable                     
0000d245  UARTStdioConfig                
0000d38b  UARTgetc                       
0000d2d1  UARTgets                       
0000d6ab  UARTprintf                     
0000d3b1  UARTvprintf                    
0000d28b  UARTwrite                      
20000c9c  Val_ADC                        
20000a6c  __STACK_END                    
00000800  __STACK_SIZE                   
2000046c  __STACK_TOP                    
0000e3f8  __TI_CINIT_Base                
0000e410  __TI_CINIT_Limit               
0000e3d8  __TI_Handler_Table_Base        
0000e3e4  __TI_Handler_Table_Limit       
0000dc59  __TI_auto_init                 
20000d40  __TI_cleanup_ptr               
0000dd99  __TI_decompress_lzss           
0000e2f7  __TI_decompress_none           
20000d44  __TI_dtors_ptr                 
20000d48  __TI_enable_exit_profile_output
ffffffff  __TI_pprof_out_hndl            
ffffffff  __TI_prof_data_size            
ffffffff  __TI_prof_data_start           
00000000  __TI_static_base__             
0000e329  __TI_zero_init                 
0000dc57  __aeabi_idiv0                  
0000dbdd  __aeabi_memclr                 
0000dbdd  __aeabi_memclr4                
0000dbdd  __aeabi_memclr8                
0000db41  __aeabi_memcpy                 
0000db41  __aeabi_memcpy4                
0000db41  __aeabi_memcpy8                
0000dbdf  __aeabi_memset                 
0000dbdf  __aeabi_memset4                
0000dbdf  __aeabi_memset8                
0000e03b  __aeabi_uidiv                  
0000e03b  __aeabi_uidivmod               
ffffffff  __binit__                      
ffffffff  __c_args__                     
0000deb7  __mpu_init                     
2000026c  __stack                        
0000e1bd  _args_main                     
0000deb9  _c_int00                       
20000d4c  _lock                          
0000e24b  _nop                           
0000e243  _register_lock                 
0000e23d  _register_unlock               
0000e0b7  _system_post_cinit             
0000e3af  _system_pre_init               
20000d50  _unlock                        
0000df11  abort                          
ffffffff  binit                          
0000b841  botonIntHandler                
20000d34  bw                             
00007dff  clust2sect                     
0000df61  copy_in                        
20000d0c  data_ADC                       
20000d10  data_ADC_aux                   
0000ccb5  disk_initialize                
0000cfe9  disk_ioctl                     
0000ce73  disk_read                      
0000ce59  disk_status                    
0000d1eb  disk_timerproc                 
0000cf11  disk_write                     
0000df19  exit                           
0000ac2f  f_chmod                        
0000a30b  f_close                        
0000a5cf  f_closedir                     
0000a6e3  f_getfree                      
0000aecb  f_gets                         
0000a33b  f_lseek                        
0000aa3f  f_mkdir                        
00009b03  f_mount                        
00009b81  f_open                         
0000a51b  f_opendir                      
0000b049  f_printf                       
0000afad  f_putc                         
0000aff5  f_puts                         
00009da9  f_read                         
0000a5ef  f_readdir                      
0000ad57  f_rename                       
0000a685  f_stat                         
0000a23b  f_sync                         
0000a841  f_truncate                     
0000a933  f_unlink                       
0000acc9  f_utime                        
00009fa9  f_write                        
0000b631  fatalError                     
0000d815  ff_convert                     
0000d8e3  ff_wtoupper                    
20000d2d  g_bErrFlag                     
20000d2c  g_bMsgObj3Sent                 
20000000  g_pfnRAMVectors                
00000000  g_pfnVectors                   
20000d1c  g_ui32IntCount                 
20000d20  g_ui32Msg1Count                
20000d24  g_ui32Msg2Count                
20000d28  g_ui32Msg3Count                
00007e2f  get_fat                        
0000d22f  get_fattime                    
0000b419  lectura_ADC                    
20000cc8  logfile                        
0000bad9  main                           
20000d5c  main_func_sp                   
0000db41  memcpy                         
0000dbe5  memset                         
20000d3e  period                         
00007f59  put_fat                        
20000d3c  resul                          
20000cec  sCANMessage                    
20000d30  start_write                    
20000d38  time_stamp                     
20000d14  ui16ws_f_l                     
20000d16  ui16ws_f_r                     
20000d18  ui16ws_r_l                     
20000d1a  ui16ws_r_r                     
0000b895  wsIntHandler                   


GLOBAL SYMBOLS: SORTED BY Symbol Address 

address   name                           
-------   ----                           
00000000  __TI_static_base__             
00000000  g_pfnVectors                   
00000800  __STACK_SIZE                   
00007dff  clust2sect                     
00007e2f  get_fat                        
00007f59  put_fat                        
00009b03  f_mount                        
00009b81  f_open                         
00009da9  f_read                         
00009fa9  f_write                        
0000a23b  f_sync                         
0000a30b  f_close                        
0000a33b  f_lseek                        
0000a51b  f_opendir                      
0000a5cf  f_closedir                     
0000a5ef  f_readdir                      
0000a685  f_stat                         
0000a6e3  f_getfree                      
0000a841  f_truncate                     
0000a933  f_unlink                       
0000aa3f  f_mkdir                        
0000ac2f  f_chmod                        
0000acc9  f_utime                        
0000ad57  f_rename                       
0000aecb  f_gets                         
0000afad  f_putc                         
0000aff5  f_puts                         
0000b049  f_printf                       
0000b3dd  ConfigureUART                  
0000b419  lectura_ADC                    
0000b631  fatalError                     
0000b63d  Ini_CAN                        
0000b695  Ini_Timer                      
0000b725  Timer0IntHandler               
0000b751  Ini_SPI                        
0000b7e9  Ini_SD                         
0000b841  botonIntHandler                
0000b895  wsIntHandler                   
0000b8e7  SysTickHandler                 
0000b91d  CANIntHandler                  
0000bad9  main                           
0000bfd1  CANInit                        
0000c04d  CANEnable                      
0000c061  CANDisable                     
0000c075  CANBitTimingGet                
0000c0e5  CANBitRateSet                  
0000c1b1  CANBitTimingSet                
0000c23f  CANIntRegister                 
0000c25d  CANIntUnregister               
0000c277  CANIntEnable                   
0000c28d  CANIntDisable                  
0000c2a3  CANIntStatus                   
0000c2ed  CANIntClear                    
0000c349  CANRetrySet                    
0000c37b  CANRetryGet                    
0000c399  CANStatusGet                   
0000c41f  CANErrCntrGet                  
0000c455  CANMessageSet                  
0000c6e7  CANMessageGet                  
0000c8f1  CANMessageClear                
0000ccb5  disk_initialize                
0000ce59  disk_status                    
0000ce73  disk_read                      
0000cf11  disk_write                     
0000cfe9  disk_ioctl                     
0000d1eb  disk_timerproc                 
0000d22f  get_fattime                    
0000d245  UARTStdioConfig                
0000d28b  UARTwrite                      
0000d2d1  UARTgets                       
0000d38b  UARTgetc                       
0000d3b1  UARTvprintf                    
0000d6ab  UARTprintf                     
0000d6e1  GPIOPadConfigSet               
0000d815  ff_convert                     
0000d8e3  ff_wtoupper                    
0000d93d  SysCtlClockGet                 
0000da4d  SysCtlClockSet                 
0000db41  __aeabi_memcpy                 
0000db41  __aeabi_memcpy4                
0000db41  __aeabi_memcpy8                
0000db41  memcpy                         
0000dbdd  __aeabi_memclr                 
0000dbdd  __aeabi_memclr4                
0000dbdd  __aeabi_memclr8                
0000dbdf  __aeabi_memset                 
0000dbdf  __aeabi_memset4                
0000dbdf  __aeabi_memset8                
0000dbe5  memset                         
0000dc57  __aeabi_idiv0                  
0000dc59  __TI_auto_init                 
0000dcc9  IntDisable                     
0000dd31  IntEnable                      
0000dd99  __TI_decompress_lzss           
0000de01  TimerConfigure                 
0000de61  GPIOIntTypeSet                 
0000deb7  __mpu_init                     
0000deb9  _c_int00                       
0000df0d  C$$EXIT                        
0000df11  abort                          
0000df19  exit                           
0000df61  copy_in                        
0000dfad  GPIOPinConfigure               
0000dff5  UARTConfigSetExpClk            
0000e03b  __aeabi_uidiv                  
0000e03b  __aeabi_uidivmod               
0000e07b  SSIConfigSetExpClk             
0000e0b7  _system_post_cinit             
0000e0b9  SysCtlPeripheralPresent        
0000e0f1  IntRegister                    
0000e125  SysCtlPeripheralEnable         
0000e159  GPIODirModeSet                 
0000e185  UARTDisable                    
0000e1a5  GPIOPinTypeGPIOOutput          
0000e1bd  _args_main                     
0000e1d5  TimerControlEvent              
0000e1ed  IntUnregister                  
0000e201  SysTickEnable                  
0000e215  SysTickIntEnable               
0000e229  UARTEnable                     
0000e23d  _register_unlock               
0000e243  _register_lock                 
0000e24b  _nop                           
0000e251  GPIOPinTypeCAN                 
0000e263  GPIOPinTypeGPIOInput           
0000e275  GPIOPinTypeSSI                 
0000e287  GPIOPinTypeUART                
0000e299  TimerLoadSet                   
0000e2ab  IntMasterEnable                
0000e2bd  SysTickPeriodSet               
0000e2cd  GPIOIntDisable                 
0000e2db  GPIOIntStatus                  
0000e2e9  TimerEnable                    
0000e2f7  __TI_decompress_none           
0000e305  CPUcpsie                       
0000e311  GPIOIntEnable                  
0000e31d  SSIDataGet                     
0000e329  __TI_zero_init                 
0000e335  ResetISR                       
0000e341  SSIDataPut                     
0000e34b  SSIDisable                     
0000e355  SSIEnable                      
0000e35f  TimerValueGet                  
0000e369  UARTCharGet                    
0000e373  UARTCharPut                    
0000e37d  SSIBusy                        
0000e385  TimerIntEnable                 
0000e38d  GPIOIntClear                   
0000e393  GPIOPinWrite                   
0000e399  SysCtlDelay                    
0000e39f  TimerClockSourceSet            
0000e3a5  UARTClockSourceSet             
0000e3ab  TimerIntClear                  
0000e3af  _system_pre_init               
0000e3d8  __TI_Handler_Table_Base        
0000e3e4  __TI_Handler_Table_Limit       
0000e3f8  __TI_CINIT_Base                
0000e410  __TI_CINIT_Limit               
20000000  g_pfnRAMVectors                
2000026c  __stack                        
2000046c  __STACK_TOP                    
20000a6c  FatFs                          
20000a6c  __STACK_END                    
20000c9c  Val_ADC                        
20000cc8  logfile                        
20000cec  sCANMessage                    
20000d0c  data_ADC                       
20000d10  data_ADC_aux                   
20000d14  ui16ws_f_l                     
20000d16  ui16ws_f_r                     
20000d18  ui16ws_r_l                     
20000d1a  ui16ws_r_r                     
20000d1c  g_ui32IntCount                 
20000d20  g_ui32Msg1Count                
20000d24  g_ui32Msg2Count                
20000d28  g_ui32Msg3Count                
20000d2c  g_bMsgObj3Sent                 
20000d2d  g_bErrFlag                     
20000d2e  RECORD                         
20000d2f  INI_OK                         
20000d30  start_write                    
20000d34  bw                             
20000d38  time_stamp                     
20000d3c  resul                          
20000d3e  period                         
20000d40  __TI_cleanup_ptr               
20000d44  __TI_dtors_ptr                 
20000d48  __TI_enable_exit_profile_output
20000d4c  _lock                          
20000d50  _unlock                        
20000d5c  main_func_sp                   
ffffffff  __TI_pprof_out_hndl            
ffffffff  __TI_prof_data_size            
ffffffff  __TI_prof_data_start           
ffffffff  __binit__                      
ffffffff  __c_args__                     
ffffffff  binit                          
UNDEFED   SHT$$INIT_ARRAY$$Base          
UNDEFED   SHT$$INIT_ARRAY$$Limit         

[199 symbols]
