******************************************************************************
                  TI ARM Linker PC v16.6.0                     
******************************************************************************
>> Linked Thu Dec 08 23:37:26 2016

OUTPUT FILE NAME:   <ADQ_PruebaWS.out>
ENTRY POINT SYMBOL: "_c_int00"  address: 00000d79


MEMORY CONFIGURATION

         name            origin    length      used     unused   attr    fill
----------------------  --------  ---------  --------  --------  ----  --------
  FLASH                 00000000   00040000  00001252  0003edae  R  X
  SRAM                  20000000   00008000  00000228  00007dd8  RW X


SEGMENT ALLOCATION MAP

run origin  load origin   length   init length attrs members
----------  ----------- ---------- ----------- ----- -------
00000000    00000000    00001254   00001254    r-x
  00000000    00000000    0000026c   0000026c    r-- .intvecs
  0000026c    0000026c    00000e92   00000e92    r-x .text
  00001100    00001100    00000130   00000130    r-- .const
  00001230    00001230    00000024   00000024    r-- .cinit
20000000    20000000    00000228   00000000    rw-
  20000000    20000000    00000200   00000000    rw- .stack
  20000200    20000200    00000028   00000000    rw- .data


SECTION ALLOCATION MAP

 output                                  attributes/
section   page    origin      length       input sections
--------  ----  ----------  ----------   ----------------
.intvecs   0    00000000    0000026c     
                  00000000    0000026c     tm4c123gh6pm_startup_ccs.obj (.intvecs)

.text      0    0000026c    00000e92     
                  0000026c    0000049c     uartstdio.obj (.text)
                  00000708    00000218     main.obj (.text)
                  00000920    00000132     driverlib.lib : gpio.obj (.text:GPIOPadConfigSet)
                  00000a52    00000002     rtsv7M4_T_le_v4SPD16_eabi.lib : i_div0.obj (.text)
                  00000a54    000000f4     driverlib.lib : sysctl.obj (.text:SysCtlClockSet)
                  00000b48    0000009c     rtsv7M4_T_le_v4SPD16_eabi.lib : memcpy_t2.obj (.text)
                  00000be4    00000070                                   : autoinit.obj (.text)
                  00000c54    00000068     driverlib.lib : interrupt.obj (.text:IntEnable)
                  00000cbc    00000066     rtsv7M4_T_le_v4SPD16_eabi.lib : copy_decompress_lzss.obj (.text:decompress:lzss)
                  00000d22    00000056     driverlib.lib : gpio.obj (.text:GPIOIntTypeSet)
                  00000d78    00000054     rtsv7M4_T_le_v4SPD16_eabi.lib : boot.obj (.text)
                  00000dcc    00000054                                   : exit.obj (.text)
                  00000e20    0000004c                                   : cpy_tbl.obj (.text)
                  00000e6c    00000048     driverlib.lib : gpio.obj (.text:GPIOPinConfigure)
                  00000eb4    00000046                   : uart.obj (.text:UARTConfigSetExpClk)
                  00000efa    00000040     rtsv7M4_T_le_v4SPD16_eabi.lib : u_divt2.obj (.text)
                  00000f3a    00000002                                   : mpu_init.obj (.text)
                  00000f3c    00000038     driverlib.lib : sysctl.obj (.text:SysCtlPeripheralPresent)
                  00000f74    00000034                   : sysctl.obj (.text:SysCtlPeripheralEnable)
                  00000fa8    0000002a                   : gpio.obj (.text:GPIODirModeSet)
                  00000fd2    00000002     rtsv7M4_T_le_v4SPD16_eabi.lib : startup.obj (.text)
                  00000fd4    00000020     driverlib.lib : uart.obj (.text:UARTDisable)
                  00000ff4    00000018                   : gpio.obj (.text:GPIOPinTypeGPIOOutput)
                  0000100c    00000018     rtsv7M4_T_le_v4SPD16_eabi.lib : args_main.obj (.text)
                  00001024    00000014     driverlib.lib : uart.obj (.text:UARTEnable)
                  00001038    00000014     rtsv7M4_T_le_v4SPD16_eabi.lib : _lock.obj (.text)
                  0000104c    00000012     driverlib.lib : gpio.obj (.text:GPIOPinTypeGPIOInput)
                  0000105e    00000012                   : gpio.obj (.text:GPIOPinTypeUART)
                  00001070    00000010                   : interrupt.obj (.text:IntMasterEnable)
                  00001080    0000000e                   : gpio.obj (.text:GPIOIntDisable)
                  0000108e    0000000e                   : gpio.obj (.text:GPIOIntStatus)
                  0000109c    0000000e     rtsv7M4_T_le_v4SPD16_eabi.lib : copy_decompress_none.obj (.text:decompress:none)
                  000010aa    0000000c     driverlib.lib : cpu.obj (.text:CPUcpsie)
                  000010b6    0000000c                   : gpio.obj (.text:GPIOIntEnable)
                  000010c2    0000000c     tm4c123gh6pm_startup_ccs.obj (.text)
                  000010ce    0000000a     driverlib.lib : uart.obj (.text:UARTCharGet)
                  000010d8    0000000a                   : uart.obj (.text:UARTCharPut)
                  000010e2    00000006                   : gpio.obj (.text:GPIOIntClear)
                  000010e8    00000006                   : gpio.obj (.text:GPIOPinWrite)
                  000010ee    00000006                   : sysctl.obj (.text:SysCtlDelay)
                  000010f4    00000006                   : uart.obj (.text:UARTClockSourceSet)
                  000010fa    00000004     rtsv7M4_T_le_v4SPD16_eabi.lib : pre_init.obj (.text)

.const     0    00001100    00000130     
                  00001100    00000090     driverlib.lib : gpio.obj (.const:g_pui32GPIOBaseAddrs)
                  00001190    00000070                   : interrupt.obj (.const)
                  00001200    00000012     uartstdio.obj (.const:.string)
                  00001212    00000002     --HOLE-- [fill = 0]
                  00001214    0000000c     uartstdio.obj (.const:g_ui32UARTBase)
                  00001220    0000000c     uartstdio.obj (.const:g_ui32UARTPeriph)
                  0000122c    00000004     uartstdio.obj (.const)

.cinit     0    00001230    00000024     
                  00001230    00000012     (.cinit..data.load) [load image, compression = lzss]
                  00001242    00000002     --HOLE-- [fill = 0]
                  00001244    00000008     (__TI_handler_table)
                  0000124c    00000008     (__TI_cinit_table)

.init_array 
*          0    00000000    00000000     UNINITIALIZED

.stack     0    20000000    00000200     UNINITIALIZED
                  20000000    00000200     --HOLE--

.data      0    20000200    00000028     UNINITIALIZED
                  20000200    0000000c     rtsv7M4_T_le_v4SPD16_eabi.lib : exit.obj (.data:$O1$$)
                  2000020c    00000008                                   : _lock.obj (.data:$O1$$)
                  20000214    00000008     main.obj (.data)
                  2000021c    00000005     uartstdio.obj (.data)
                  20000221    00000003     --HOLE--
                  20000224    00000004     rtsv7M4_T_le_v4SPD16_eabi.lib : stkdepth_vars.obj (.data)

MODULE SUMMARY

       Module                         code   ro data   rw data
       ------                         ----   -------   -------
    .\
       tm4c123gh6pm_startup_ccs.obj   12     620       0      
       main.obj                       536    0         8      
    +--+------------------------------+------+---------+---------+
       Total:                         548    620       8      
                                                              
    .\utils\
       uartstdio.obj                  1180   46        5      
    +--+------------------------------+------+---------+---------+
       Total:                         1180   46        5      
                                                              
    C:/ti/TivaWare_C_Series-2.1.3.156/driverlib/ccs/Debug/driverlib.lib
       gpio.obj                       618    144       0      
       sysctl.obj                     358    0         0      
       interrupt.obj                  120    112       0      
       uart.obj                       148    0         0      
       cpu.obj                        12     0         0      
    +--+------------------------------+------+---------+---------+
       Total:                         1256   256       0      
                                                              
    C:\ti\ccsv6\tools\compiler\ti-cgt-arm_16.6.0.STS\lib\rtsv7M4_T_le_v4SPD16_eabi.lib
       memcpy_t2.obj                  156    0         0      
       autoinit.obj                   112    0         0      
       copy_decompress_lzss.obj       102    0         0      
       exit.obj                       84     0         12     
       boot.obj                       84     0         0      
       cpy_tbl.obj                    76     0         0      
       u_divt2.obj                    64     0         0      
       _lock.obj                      20     0         8      
       args_main.obj                  24     0         0      
       copy_decompress_none.obj       14     0         0      
       pre_init.obj                   4      0         0      
       stkdepth_vars.obj              0      0         4      
       i_div0.obj                     2      0         0      
       mpu_init.obj                   2      0         0      
       startup.obj                    2      0         0      
    +--+------------------------------+------+---------+---------+
       Total:                         746    0         24     
                                                              
       Stack:                         0      0         512    
       Linker Generated:              0      34        0      
    +--+------------------------------+------+---------+---------+
       Grand Total:                   3730   956       549    


LINKER GENERATED COPY TABLES

__TI_cinit_table @ 0000124c records: 1, size/record: 8, table size: 8
	.data: load addr=00001230, load size=00000012 bytes, run addr=20000200, run size=00000028 bytes, compression=lzss


LINKER GENERATED HANDLER TABLE

__TI_handler_table @ 00001244 records: 2, size/record: 4, table size: 8
	index: 0, handler: __TI_decompress_lzss
	index: 1, handler: __TI_decompress_none


GLOBAL SYMBOLS: SORTED ALPHABETICALLY BY Name 

address   name                           
-------   ----                           
00000dcd  C$$EXIT                        
000010ab  CPUcpsie                       
00000709  ConfigureUART                  
00000fa9  GPIODirModeSet                 
000010e3  GPIOIntClear                   
00001081  GPIOIntDisable                 
000010b7  GPIOIntEnable                  
0000108f  GPIOIntStatus                  
00000d23  GPIOIntTypeSet                 
00000921  GPIOPadConfigSet               
00000e6d  GPIOPinConfigure               
0000104d  GPIOPinTypeGPIOInput           
00000ff5  GPIOPinTypeGPIOOutput          
0000105f  GPIOPinTypeUART                
000010e9  GPIOPinWrite                   
00000c55  IntEnable                      
00001071  IntMasterEnable                
000010c3  ResetISR                       
UNDEFED   SHT$$INIT_ARRAY$$Base          
UNDEFED   SHT$$INIT_ARRAY$$Limit         
00000a55  SysCtlClockSet                 
000010ef  SysCtlDelay                    
00000f75  SysCtlPeripheralEnable         
00000f3d  SysCtlPeripheralPresent        
000010cf  UARTCharGet                    
000010d9  UARTCharPut                    
000010f5  UARTClockSourceSet             
00000eb5  UARTConfigSetExpClk            
00000fd5  UARTDisable                    
00001025  UARTEnable                     
0000026d  UARTStdioConfig                
000003b3  UARTgetc                       
000002f9  UARTgets                       
000006d3  UARTprintf                     
000003d9  UARTvprintf                    
000002b3  UARTwrite                      
20000200  __STACK_END                    
00000200  __STACK_SIZE                   
20000200  __STACK_TOP                    
0000124c  __TI_CINIT_Base                
00001254  __TI_CINIT_Limit               
00001244  __TI_Handler_Table_Base        
0000124c  __TI_Handler_Table_Limit       
00000be5  __TI_auto_init                 
20000200  __TI_cleanup_ptr               
00000cbd  __TI_decompress_lzss           
0000109d  __TI_decompress_none           
20000204  __TI_dtors_ptr                 
20000208  __TI_enable_exit_profile_output
ffffffff  __TI_pprof_out_hndl            
ffffffff  __TI_prof_data_size            
ffffffff  __TI_prof_data_start           
00000000  __TI_static_base__             
00000a53  __aeabi_idiv0                  
00000b49  __aeabi_memcpy                 
00000b49  __aeabi_memcpy4                
00000b49  __aeabi_memcpy8                
00000efb  __aeabi_uidiv                  
00000efb  __aeabi_uidivmod               
ffffffff  __binit__                      
ffffffff  __c_args__                     
00000f3b  __mpu_init                     
20000000  __stack                        
0000100d  _args_main                     
00000d79  _c_int00                       
2000020c  _lock                          
00001047  _nop                           
0000103f  _register_lock                 
00001039  _register_unlock               
00000fd3  _system_post_cinit             
000010fb  _system_pre_init               
20000210  _unlock                        
00000dd1  abort                          
ffffffff  binit                          
000007e3  botonIntHandler                
00000e21  copy_in                        
00000dd9  exit                           
00000000  g_pfnVectors                   
00000745  main                           
20000224  main_func_sp                   
00000b49  memcpy                         
20000214  ui16ws_f_l                     
20000216  ui16ws_f_r                     
20000218  ui16ws_r_l                     
2000021a  ui16ws_r_r                     
0000084d  wsIntHandler                   


GLOBAL SYMBOLS: SORTED BY Symbol Address 

address   name                           
-------   ----                           
00000000  __TI_static_base__             
00000000  g_pfnVectors                   
00000200  __STACK_SIZE                   
0000026d  UARTStdioConfig                
000002b3  UARTwrite                      
000002f9  UARTgets                       
000003b3  UARTgetc                       
000003d9  UARTvprintf                    
000006d3  UARTprintf                     
00000709  ConfigureUART                  
00000745  main                           
000007e3  botonIntHandler                
0000084d  wsIntHandler                   
00000921  GPIOPadConfigSet               
00000a53  __aeabi_idiv0                  
00000a55  SysCtlClockSet                 
00000b49  __aeabi_memcpy                 
00000b49  __aeabi_memcpy4                
00000b49  __aeabi_memcpy8                
00000b49  memcpy                         
00000be5  __TI_auto_init                 
00000c55  IntEnable                      
00000cbd  __TI_decompress_lzss           
00000d23  GPIOIntTypeSet                 
00000d79  _c_int00                       
00000dcd  C$$EXIT                        
00000dd1  abort                          
00000dd9  exit                           
00000e21  copy_in                        
00000e6d  GPIOPinConfigure               
00000eb5  UARTConfigSetExpClk            
00000efb  __aeabi_uidiv                  
00000efb  __aeabi_uidivmod               
00000f3b  __mpu_init                     
00000f3d  SysCtlPeripheralPresent        
00000f75  SysCtlPeripheralEnable         
00000fa9  GPIODirModeSet                 
00000fd3  _system_post_cinit             
00000fd5  UARTDisable                    
00000ff5  GPIOPinTypeGPIOOutput          
0000100d  _args_main                     
00001025  UARTEnable                     
00001039  _register_unlock               
0000103f  _register_lock                 
00001047  _nop                           
0000104d  GPIOPinTypeGPIOInput           
0000105f  GPIOPinTypeUART                
00001071  IntMasterEnable                
00001081  GPIOIntDisable                 
0000108f  GPIOIntStatus                  
0000109d  __TI_decompress_none           
000010ab  CPUcpsie                       
000010b7  GPIOIntEnable                  
000010c3  ResetISR                       
000010cf  UARTCharGet                    
000010d9  UARTCharPut                    
000010e3  GPIOIntClear                   
000010e9  GPIOPinWrite                   
000010ef  SysCtlDelay                    
000010f5  UARTClockSourceSet             
000010fb  _system_pre_init               
00001244  __TI_Handler_Table_Base        
0000124c  __TI_CINIT_Base                
0000124c  __TI_Handler_Table_Limit       
00001254  __TI_CINIT_Limit               
20000000  __stack                        
20000200  __STACK_END                    
20000200  __STACK_TOP                    
20000200  __TI_cleanup_ptr               
20000204  __TI_dtors_ptr                 
20000208  __TI_enable_exit_profile_output
2000020c  _lock                          
20000210  _unlock                        
20000214  ui16ws_f_l                     
20000216  ui16ws_f_r                     
20000218  ui16ws_r_l                     
2000021a  ui16ws_r_r                     
20000224  main_func_sp                   
ffffffff  __TI_pprof_out_hndl            
ffffffff  __TI_prof_data_size            
ffffffff  __TI_prof_data_start           
ffffffff  __binit__                      
ffffffff  __c_args__                     
ffffffff  binit                          
UNDEFED   SHT$$INIT_ARRAY$$Base          
UNDEFED   SHT$$INIT_ARRAY$$Limit         

[86 symbols]
